@ drop the ball
$ figuratively
It#n#1 clearly#r#4 notice#v#1 he#n#2 a#n#6 hand#n#9 in#n#3 both#a#1 Swansea#n#1 Mansfield#n#2 play#v#1 a#n#4 simple#a#6 Route#n#2 One#n#1 tactic#n#1 behind#n#1 City#n#1 ponderous#a#1 look#v#5 back#n#5 four#n#1 run_on#v#2 it#n#1 It#n#1 time#n#5 time#n#5 again#r#1

@ drop the ball
$ figuratively
W#n#3 Once#r#3 again#r#1 another#a#1 fine#a#5 display#n#6 ball#n#1 control#n#9 Old#a#1 G#n#2 Despite#n#1 heroic#n#1 spot#v#5 crack#v#1 in#n#3 defence#n#8 D#n#3 Listen#v#1 co#n#4 ball#n#5 winner#n#3 there#n#1 no#a#1 need#n#3 hang_out#v#1 dry#a#1 W#n#3 Derby#n#1 late#a#1 ploy#n#2 increase#v#2 Synchronise#v#2 Dick#n#1 Swing#v#10 be#v#1 work#v#14

@ drop the ball
$ figuratively
Matthew#n#2 note#v#4 Jesus#n#1 like#a#1 Israel#n#1 in#n#3 he#n#1 also#r#1 Egypt#n#1 but#r#1 unlike#a#2 Israel#n#1 he#n#1 son#n#2 obedient#a#1 covenant#n#1 Israel#n#1 left#a#1 Egypt#n#1 ball#n#5 Christ#n#1 left#a#1 Egypt#n#1 he#n#1 son#n#2 in#n#3 God#n#2 very#a#2 please#v#2

@ drop the ball
$ figuratively
any#a#1 see#v#5 hostile#a#1 saucer#n#3 there#n#1 such#a#1 At#n#1 late#a#1 date#n#6 there#n#1 no#a#1 way#n#6 tell#v#8 but#r#1 it#n#1 at_least#r#1 curious#a#1 Air#n#1 Force#n#5 have#v#13 ball#n#1 on#a#1 sight#v#1 In#n#1 closing#n#2 let#v#3 us#n#1 consider#v#1 one#n#1 more#a#2 explanation#n#1 grass_roots#n#1 also#r#1 account#n#4 other#a#1 key#n#15 element#n#2 story#n#2

@ drop the ball
$ figuratively
Salt#n#1 Light#n#2 Have#v#2 as#n#1 ball#n#1 be#v#1 salt#n#1 light#n#2 in#n#3 culture#n#1 Off#a#1 Fence#n#1 Read#v#1 one#n#1 very#a#2 successful#a#1 businessman#n#1 story#n#2 he#n#1 out#v#1 Christian#n#1

@ drop the ball
$ figuratively
Overall#n#2 still#n#3 a#n#1 worthy#a#1 purchase#v#1 primarily#r#2 it#n#1 only#a#1 way#n#6 legally#r#2 own#a#1 on#r#3 a#n#2 robust#a#1 medium#n#1 such#a#1 as#n#1 DVD#n#1 However#r#1 really#r#1 ball#n#5 release#n#2 It#n#1 have#v#1 good#a#1 trilogy#n#1 set#n#1 ever#r#2 but#r#1 instead#r#1 it#n#1 an#n#1 it#n#1 good_enough#a#1 now#r#1 attitude#n#2

@ drop the ball
$ figuratively
However#r#1 I#n#2 really#r#1 struggle#v#4 come_up#v#6 a#n#1 pithy#a#1 description#n#1 picture#n#8 on#r#3 cover#n#6 Agile#a#2 Web#n#4 Development#n#3 Rail#n#1 So#n#1 do#n#2 I#n#1 lack#n#1 word#n#1 power#n#1 or#n#1 have#v#2 David#n#3 ball#n#5 on#r#3 cover#n#5 design#n#4 2#n#1 No#n#2 or#n#1 in#n#3 make#v#3 sidebar#n#1

@ drop the ball
$ figuratively
Thanks#n#2 in_advance#a#1 I#n#1 sorry#a#1 have#v#1 ball#n#1 on#r#3 message#n#1 Usually#r#1 I#n#1 do#v#7 answer#v#7 a#n#1 question#n#3 right_away#r#1 it#n#1 I#n#1 have#v#11 go#v#1 do#v#9 some#a#1 research#n#1

@ drop the ball
$ figuratively
Dick#n#1 CD#n#4 terrible#a#3 Holy#a#1 shit#n#3 on#a#1 one#n#1 A#n#1 combination#n#7 cheese#n#1 early#a#1 pop#v#3 beat#v#14 trademark#n#2

@ drop the ball
$ figuratively
Not#r#1 necessarily#r#2 book#n#1 bad#a#1 or#n#1 mystery#n#2 workable#a#1 It#n#1 little#a#4 niggling#a#1 detail#n#1 really#r#1 ball#n#5 here#n#2 Amateur#a#1 sleuth#n#1 at#n#1 library#n#3 one#n#1 Halloween#n#1 day#n#3 a#n#4 body#n#1 in#n#3 stack#n#4

@ drop the ball
$ figuratively
slightly#r#2 desperate#a#1 Look#v#2 truth#n#4 I#n#1 use#v#1 a_little#r#1 help#n#2 on#r#3 I#n#1 do#v#9 want#n#2 on#a#1 one#n#1 

@ drop the ball
$ figuratively
I#n#1 be#v#1 start#v#12 by#r#1 send#v#1 a#n#6 letter#n#2 in#n#3 response#n#2 Spin#n#1 article#n#3 Explain#v#3 why#n#1 feel#n#2 Atlantic#n#1 ball#n#5 explain#v#3 have#v#6 US#n#1 tour#n#1 Please#v#2 do#v#5 contain#v#3 anger#n#1 but#r#1 remain#v#1 respectful#a#1 a#n#1 Spin#n#1 might#n#1 choose#v#1 one#n#1 letter#n#2 place#n#8 in#n#3 section#n#1 an#n#1 upcoming#a#1 episode#n#4

@ drop the ball
$ figuratively
Step#n#4 up#a#1 after#r#1 sale#n#3 many#a#1 new#a#1 Just#a#3 customer#n#1 pay#v#1 place#v#3 order#v#9 not#r#1 mean#v#1 be#v#9 out#n#1 loop#n#2

@ drop the ball
$ figuratively
There#n#1 a#n#1 nifty#a#1 underwater#a#1 chase#n#1 all#a#1 manner#n#1 giant#n#6 aquatic#a#1 threaten#v#2 final#a#3 twenty#n#1 minute#n#1 a#n#5 headlong#a#2 adrenalin#n#1 rush#n#1 frantically#r#1 four#n#2 separate#v#6 battle#n#1 never#r#1 once#r#3 surprisingly#r#1 there#n#1 a_lot#r#1 more#a#2 human#n#1 depth#n#1 in#n#1 film#n#1 expect#v#3

@ drop the ball
$ figuratively
it#n#1 a#n#4 quick#n#1 easy#a#1 way#n#6 keep_in#v#1 front#n#10 adore#v#1 it#n#1 absolutely#r#1 FREE#a#1 sad#a#1 thing#n#12 most#a#2 on#r#3 building#n#1 marketing#n#1 powerhouse#n#3 So#n#1 in#n#3 an#n#1 effort#n#4 stop#n#6 atrocity#n#2 I#n#1 decide#v#1 give#v#3 four#n#2 simple#a#1 effective#a#1 tactics#n#1 build#n#2 list#n#1

@ drop the ball
$ literally
Leicester#n#1 Even#a#3 Martin#n#1 man#n#4 who#n#1 simply#r#1 not#r#1 begin#v#1 understand#v#1 notion#n#1 give_up#v#5 make#v#30 let#v#3 it#n#1 slip#n#15 grasp#n#4 so#n#1 grand#n#2 final#n#1 title#n#6 team#n#1 who#n#1 win#v#4 regular#a#1 league#n#1 season#n#2

@ drop the ball
$ literally
have#v#2 disease#n#1 vermin#n#2 master#n#2 juggler#n#1 it#n#1 seem#v#1 S#n#2 o#n#1 say#v#6 God#n#2 it#n#1

@ drop the ball
$ literally
Oh#n#1 Swan#n#1 James#n#10 Beck#n#1 Girl#n#1 too#r#1 Baseball#n#1 ball#n#11 make#v#6 an#n#1 error#n#1 be#v#1 on#r#3 second_base#n#2 try#v#1 make_it#v#2 all#a#1 way#n#6 home#n#2

@ drop the ball
$ literally
Half-time#a#1 Scotland#n#1 have#v#6 play#v#1 passion#n#4 courage#n#1 but#r#1 truth#n#4 be#v#1 be#v#1 only#a#1 on#r#3 level#n#1 term#n#5 some#a#1 shocking#a#2 English#n#1 Moody#n#2 have#v#1 all#a#1 botch#v#1 penetrative#a#2 by#r#1 under#a#1 minimal#a#1 pressure#v#1 Shoddy#a#3 handling#n#3

@ drop the ball
$ literally
too#r#1 slow#v#3 get_up#v#3 pressurise#v#3 back#n#9 line#n#1 though#r#1 improve#v#1 a#n#1 game#n#2 on#r#3 In#n#1 attack#n#1 ball#n#5 too_much#r#1 early_on#r#1 in#n#3 game#n#3 Overall#a#1 still#n#3 too#r#1 static#n#1 frankly#r#1 do#v#9 look_like#v#1 break#v#32 down#a#1 opposition#n#2

@ drop the ball
$ literally
Scotland#n#1 1#n#1 Wales#n#1 0#n#1 second#n#1 match#n#1 very#a#2 quick#n#1 indeed#r#2 I#n#1 saw#n#2 1st#a#1 2#a#1 between#r#1 Wales#n#1 Scotland#n#1 Clark#n#1 Adams#n#4 win#v#4 by#r#1 a#n#1 very#a#2 as#n#1 I#n#1 call#v#5 know#v#2 lob#n#2 remarkably#r#1 well#n#1 Clark#n#2 I#n#1 about#r#4 lob#n#1 serve#n#1 but#r#1 he#n#1 hit#v#1 ball#n#1 as_well#r#1

@ drop the ball
$ literally
Back#n#5 rugby#n#1 Do#v#9 still#n#3 think_about#v#1 in#n#3 World#n#1 Cup#n#1 final#n#1 just#a#3 line#n#10 course#n#2 I#n#1 do#v#9 I#n#1 wish#v#2 I#n#1 it#n#1

@ drop the ball
$ literally
Answer#n#4 11#n#1 There#n#1 no#a#1 wrongdoing#n#2 on#r#3 part#n#1 goalkeeper#n#2 Referee#n#1 recognise#v#7 mistake#n#1 good#a#1 way#n#6 resolve#n#1 use#v#1 Law#n#4 18#n#1 Common#a#2 sense#n#2 restart#v#2 by#r#1 uncontested#a#1 goalkeeper#n#2 Question#n#2 12#n#1 As#n#1 ball#n#5 speedily#r#1 touchline#n#1 Assistant#n#1 Referee#n#1 flag#n#3 prematurely#r#1 indicate#v#3 a#n#1 throw-in#n#1

@ drop the ball
$ literally
It#n#1 ten#n#1 year#n#3 late#a#1 first#a#1 Australian#n#1 white#n#1 team#n#1 Alfred#n#1 Shaw#n#1 B#n#3 at#n#1 Burton#n#3 Joyce#n#1 in#n#1 Alfred#n#1 Shaw#n#1 picture#v#2 right#n#1 learn#v#5 art#n#2 on#r#3 road#n#1 at#n#1 Burton#n#3 It#n#1 he#n#1 on#r#3 a#n#1 shilling#n#1 he#n#1 say#v#6 I#n#1 help#n#2 it#n#1 I#n#1 never#r#1 two#n#1 alike#a#1

@ drop the ball
$ literally
It#n#1 some#a#1 nice#a#1 like#a#1 water#n#2 INSTRUCTIONS#n#1 dark#a#1 green#n#2 square#v#5 be#v#6 careful#a#1 a#n#1 click#n#3 outside#a#4 it#n#1 it#n#1 cost#n#2 then#r#2 aim#n#1 mouse#n#4 select#v#1 power#n#1 direction#n#2 click#n#3 hit#v#1 it#n#1

@ drop the ball
$ literally
Tosh#n#1 good#a#1 opportunity#n#1 at#n#1 go#v#1 ahead#a#1 but#r#1 a#n#1 chance#n#4 have#v#11 turn#v#2 game#n#3 on#a#1 head#n#29 eight#n#2 minutes#n#1 half#n#2 time#n#5 goalkeeper#n#2 David#n#3 ball#n#5 at#n#1 Tosh#n#1 who#n#1 left#n#3 ball#n#5 at#n#1 a#n#1 wide#a#1 angle#n#1 an#n#1 open#v#5 goal#n#1 He#n#1 try#v#1 shoot#v#1 hit#v#1 side#n#5 netting#n#1 while#n#1 James#n#10 cross#n#3 in_front#r#1 goal#n#3

@ drop the ball
$ literally
action#n#1 referee#n#1 take#v#17 He#n#1 play#n#1 by#r#1 It#n#1 not#r#1 necessary#a#1 each#a#1 team#n#1 be#v#1 present#v#7 restart#v#2 a#n#4 ball#n#5

@ drop the ball
$ literally
All#a#1 will#n#3 be#v#1 personal#a#1 accident#n#1 insurance#n#1 cover#n#5 detail#n#1 may#n#1 be#v#1 Manager#n#2 Centre#n#3 Sport#n#1 Physical#a#1 Recreation#n#1 Please#v#2 note#n#3 team#n#1 be#v#1 responsible#a#1 all#a#1 team#n#1 be#v#1 make#v#31 fully#r#1 aware#a#1 before#r#2 play#v#1 Play#v#1 start#n#3 game#n#3 referee#n#1 will#n#3 between#r#1 two#n#1 game#n#2 will#n#3 re-start#v#2 goalkeeper#n#2 after#r#1 a#n#1 goal#n#3

@ drop the ball
$ literally
There#n#1 bad#a#1 come#v#1 as#n#1 delay#v#4 pass#v#8 put#v#1 Albert#n#1 over#n#1 in#n#3 corner#n#11 a#n#1 half-time#a#1 lead#v#9 It#n#1 crucial#a#1 score#n#3 first#a#1 after#r#1 break#v#17 have#v#11 only#a#1 Wood#n#1 in#n#3 act#v#1 score#v#1 admittedly#r#1 under#a#1 fierce#a#2 pressure#v#1 almost#r#1 immediately#r#2 Long#a#1 kick#n#1 a#n#4 try#v#1 Jason#n#1 but#r#1 Brent#n#1 keep#v#1 within#r#1 three#n#1 score#n#3 after#r#1 a#n#1 slick#n#3 handle#v#2 move#v#8

@ drop the ball
$ literally
be#v#1 advise#v#1 be#v#1 wary#a#1 ball_up#v#1 quickly#r#2 face#n#1 or#n#1 other#a#1 more#a#2 sensitive#a#1 body#n#1 move#v#1 away#r#9 swiftly#r#1

@ drop the ball
$ literally
play#v#1 stop#v#9 ball#n#5 in#n#3 possession#n#5 defend#v#2 goalkeeper#n#2 Referee#n#1 intended#a#1 restart#v#2 play#n#9 a#n#1 ball#n#5 at#n#1 goalkeeper#n#2 goalkeeper#n#2 have#v#6 unchallenged#a#1

@ drop the ball
$ literally
tide#n#1 beginning#n#5 turn_in#v#2 favour#n#4 a#n#1 Ross#n#4 37th#a#1 minute#n#1 penalty#n#4 keep#v#1 Leeds#n#1 in#n#3 contention#n#1 split#n#9 deficit#n#2 on#r#3 by#r#2 continue#v#8 threat#n#3 relegation#n#2 a#n#1 time#n#5 on#r#3 Leeds#n#1 continue#v#8 take#v#38 game#n#3 right#n#1 Bath#n#3 Rugby#n#1 again#r#1 39th#a#1 number#n#2 eight#n#1 Tom#n#1 well#n#5 on#r#3 left_wing#n#1 pass#n#4 ball#n#5 out#n#1 play#n#1 It#n#1 a#n#1 lucky#a#3 escape#n#1 home#n#8 team#n#1

@ drop the ball
$ literally
through#a#2 defence#n#8 yet#r#2 again#r#1 score#n#3 tight#a#7 he#n#1 unopposed#a#1 over#n#1 line#n#18 slowing#n#1 a#n#1 canter#n#1 as#n#1 he#n#1 he#n#1 ball#n#5 set_off#v#3 a#n#1 torrent#n#2 abuse#n#2 both#a#1

@ drop the ball
$ literally
down#r#6 once_more#r#1 but#r#1 a#n#1 free_kick#n#1 fire#v#7 ball_over#v#1 wall#n#1 goalkeeper#n#2 who#n#1 ball#n#5 he#n#1 push#n#4 ball#n#5 forward#a#1 but#r#1 appeal#n#3 a#n#1 goal#n#3 dismiss#v#1 outright#r#2 by#r#2 Danish#a#1 referee#n#2 A#n#1 pass#n#4 back#n#5 Foot#n#1 Kinsman#n#1 some#a#1 hope#n#2 but#r#1 only#r#1 manage#v#2 shake#v#1 woodwork#n#2 once_more#r#1

@ drop the ball
$ literally
One#n#1 chop#n#2 cup#n#1 An#n#1 attractive#a#1 draw#v#27 string#v#1 bag#n#1 Detail#v#1 instruction#n#4 on#r#3 use#v#1 See#v#24 also#r#1 Routine#n#3 Sequel#n#2 UK#n#1 Chop#n#1 Cup#n#1 Aluminium#n#1 Effect#n#1 magician#n#1 an#n#1 aluminium#n#1 cup#n#1 a#n#1 ball#n#5 cup#n#1 magician#n#1 cup#n#1 mouth#n#2 down#n#5 on#r#3 table#n#2 ball#n#1 cup#n#1 shout#v#1 out#v#2 by#r#2 audience#n#1

@ drop the ball
$ literally
Watch#n#1 closely#r#1 I#n#1 do_it#v#1 once#r#3 magician#n#2 He#n#1 ball#n#5 cup#n#1 cup#n#1 mouth#n#2 down#n#5 on#r#3 table#n#2 Show#v#7 hand#n#1 be#v#1 clearly#r#4 empty#v#1 he#n#1 Last#n#7 time#n#5 ball#n#5

@ drop the ball
$ literally
I#n#1 call#v#5 a#n#1 Now#r#1 a#n#1 bounce#n#1 tap#n#7 it#n#1 softly#r#4 up#a#1 hand#n#1 but#r#1 let#v#3 it#n#1 fall_back#v#5 pavement#n#1 another#a#1 bounce#n#1 Then#r#2 tap#v#4 it#n#1 up#a#1 hand#n#1 a#n#1 catch#n#6

@ drop the ball
$ literally
Ken#n#2 share#v#2 an#n#1 unbeaten#NR partnership#n#2 26#n#1 son#n#2 who#n#1 making#n#1 debut#n#1 behind#n#1 finish#v#3 on#r#3 all#r#1 out#a#8 final#n#1 action#n#4 season#n#2 being#n#2 a#n#4 run_out#v#3 by#r#1 Hyphen#n#1 No.#n#1 10#n#1 batsman#n#1 who#n#1 set_off#v#3 a#n#1 single#n#2 ball#n#5 at#n#1 Hyphen#n#1 standing#n#1 up#a#1 victory#n#1 21#n#1 total#n#2 break#v#6 League#n#1 record#n#7 attain#v#2 26#n#1 in#n#1

@ drop the ball
$ literally
Description#n#1 SETUP#n#1 Place#v#1 a#n#4 cone#n#4 near#a#1 top#n#9 penalty_box#n#1 have#v#11 form#v#7 a#n#1 line#n#5 a#n#1 football#n#1 each#a#1 at#n#1 cone#n#4 have#n#1 coach#n#5 in#n#1 goal#n#3 retrieve#v#1 PROCEDURE#n#3 ball#n#5 in#n#3 hand#n#1 first#a#1 player#n#1 in_line#a#1 jog#v#2 step#n#4 ball#n#5 ground#n#1 a#n#4 low#a#2 powerful#a#1 shot#n#3 goal#n#3 or#n#1 drop-kick#v#2 hit#v#1 a#n#4 ball#n#5 rise#v#17 bounce#v#4

@ drop the ball
$ literally
Just#r#1 then#r#2 an#n#1 eagle#n#1 down#a#1 frog#n#1 away#a#3 A#n#6 over#n#1 green_frog#n#1 fright#n#1 ball#n#5 right#n#1 hole#n#2 a#n#4 beautiful#a#1 Moses#n#1 then#r#2 turn#v#2 Jesus#n#1 say#v#6 I#n#1 hate#n#1 playing#n#3 Dad#n#1

@ drop the ball
$ literally
October#n#1 6th#a#1 Russell#n#1 Night#n#1 Rugby#n#1 Princess#n#1 Bride#n#2 Swansea#n#1 playing#n#3 run_down#v#3 field#n#17 Rugby#n#1 have#v#1 better#v#2

@ drop the ball
$ literally
Clark#n#3 then#r#2 miss#v#2 a#n#1 header#n#1 a#n#1 free_kick#n#1 but#r#1 Moore#n#1 only#a#1 shoot#n#1 straight#n#3 at#n#1 a#n#6 grateful#a#2 Martini#n#1 fall#v#2 behind#n#1 after#r#1 27#n#1 minute#n#1 Martini#n#1 try#v#1 collect#v#1 a#n#1 corner#n#11 through#a#2 a#n#1 crowd#n#1 only#a#1 in#n#1 at#n#1 John#n#3 who#n#1 ahead#a#1 most#a#2 threaten#v#2 through#a#2 emergency#n#1 Robinson#n#4 who#n#1 a#n#6 good#a#1 account#n#4 in#n#1 new#a#1 role#n#1

@ drop the ball
$ literally
One#n#1 chop#n#2 cup#n#1 An#n#1 attractive#a#1 draw#v#27 string#v#1 bag#n#1 Detail#v#1 instruction#n#4 on#r#3 use#v#1 See#v#24 also#r#1 Routine#n#3 Sequel#n#2 UK#n#1 Chop#n#1 Cup#n#1 Aluminium#n#1 Effect#n#1 magician#n#1 an#n#1 aluminium#n#1 cup#n#1 a#n#1 ball#n#5 cup#n#1 magician#n#1 cup#n#1 mouth#n#2 down#n#5 on#r#3 table#n#2 ball#n#1 cup#n#1 shout#v#1 out#v#2 by#r#2 audience#n#1

@ drop the ball
$ literally
Each#a#1 time#n#5 I#n#1 standing#n#1 about#r#5 ten#n#1 away#a#3 air#n#1 on#r#3 downward#a#1 arc#n#2 then#a#1 trot#n#4 over#n#1 drop#n#2 at#n#1 return#n#11 spot#v#5 make#v#30 catch#v#12 gaze#v#1 at#n#1 me#n#1 expectantly#r#1 Late#a#1 old_lady#n#1 outside#a#4 pretend#v#4 shake#v#1 dust#n#1 a#n#4 bathroom#n#1 mat#n#7

@ drop the ball
$ literally
try#n#1 head#n#1 ball#n#5 down#a#1 will#n#3 knock#v#6 it#n#1 ground#n#1 but#r#1 will#n#3 not#r#1 be#v#1 able#a#1 take#v#10 pace#n#6 off#v#1 ball#n#5 Let#v#3 gravity#n#1 fee#n#1 A#n#1 train#v#8 exercise#v#4 Soccer#n#1 Academy#n#2 leg#n#1 be#v#1 use#v#1 cushion#n#3 ball#n#1 act#v#1 like#a#1 a#n#1 shock_absorber#n#1 arm#n#1 be#v#1 use#v#1 balance#n#11 make_it#v#2 challenge#v#2 ball#n#5

@ drop the ball
$ literally
example#n#1 an#n#1 injure#v#1 goalkeeper#n#2 in#n#1 goal#n#3 area#n#5 ball#n#5 control#v#1 hand#n#1 Referee#n#1 stop#n#6 play#n#1 due#a#1 injury#n#1 In#n#3 restart#v#2 situation#n#3 Referee#n#1 normally#r#1 directly#r#4 back#n#9 goalkeeper#n#2 not#r#1 allow#v#2 an#n#1 opponent#n#2 participate#v#1 It#n#1 not#r#1 necessary#a#1 each#a#1 team#n#1 be#v#1 present#v#7 restart#v#2 a#n#4 ball#n#5

@ drop the ball
$ literally
Answer#n#4 22#n#1 Excellent#a#1 question#n#3 by#r#1 attack#v#1 team#n#1 in#n#1 such#a#1 a#n#1 way#n#6 totally#r#1 spirit#n#4 game#n#3 A#n#1 more#a#2 astute#a#1 Referee#n#2 have#v#15 realise#v#1 by#r#1 attack#v#1 team#n#1 he#n#1 be#v#1 increase#v#2 possibly#r#2 go#v#1 wrong#a#2 why#n#1 most#a#2 take#v#17 option#n#1 below#r#1 A#n#4 ball#n#5 not#r#1 have#v#2 be#v#1 complete#v#1 a#n#1 set#v#1 number#n#2 in#n#1 attendance#n#1

@ drop the ball
$ literally
serve#v#2 at#n#1 7#n#1 minutes#n#1 play#n#1 Wonder#n#3 Cook#v#3 serve#v#2 breakfast#n#1 in#n#3 I#n#1 at#n#1 speed#n#5 here#n#2 all#a#1 night#n#1 There#n#1 a#n#1 very#a#2 simple#a#6 way#n#6 summarise#v#2 match#n#7 Ross#n#4 direct#v#6 game#n#3 imposing#a#2 game#n#3 take#v#10 all#a#1 hit#v#1 but#r#1 especially#r#1 as#n#1 only#r#1 But#r#1 a#n#4 it#n#1 often#r#3 case#n#5 take#v#17 lose#v#1

@ drop the ball
$ literally
A#n#1 goal#n#3 kick#n#1 score#n#3 3#n#1 A#n#1 goal#n#3 a#n#1 dropkick#n#1 play#n#9 a#n#1 player#n#1 ball#n#1 it#n#1 rebound#n#3 off#r#1 ground#n#1 it#n#1 over#n#1 crossbar#n#1 through#a#2 also#r#1 3#n#1 A#n#1 mark#n#1 a#n#4 player#n#1 standing#n#1 behind#a#1 player#n#1 own#a#1 22#n#1 m#n#3 24#n#1 line#n#5 a#n#1 ball#n#5 on#a#1 fly#n#1 an#n#1 opponent#n#2 kick#n#1 Mark#n#4
