@ against the clock
$ figuratively
There#n#1 an#n#1 exclusion#n#4 zone#n#3 around#r#3 bench#n#5 around#r#3 bin#n#1 Two#n#1 clock#n#1 an#n#1 aggregate#n#1 total#v#1 be#v#1 forward#a#1 A#n#5 second#n#1 test#n#5 use#v#1 same#a#2 device#n#1 move#v#1 tennis#n#1 same#a#2 start#v#12 point#n#2 turn#v#23 again#r#1 through#a#2 but#r#1 time#n#5 balance#n#6 three#n#1 one#n#1 on#r#3 each#a#1 three#n#2 place#v#1 line#n#18 in#n#1 fast#a#1 time#n#5

@ against the clock
$ figuratively
say#v#6 Mick#n#1 It#n#1 a#n#1 real#n#2 race#n#2 clock#n#1 find#v#4 it#n#1

@ against the clock
$ figuratively
challenge#v#2 landing#n#3 a#n#1 custard_pie#n#1 on#r#3 a#n#1 clown#n#2 a#n#1 delight#n#1 any#a#1 child#n#1 fact#n#1 mental#a#1 maths#n#1 achieve#v#1 irrelevant#a#1 class#n#7 a#n#1 drop_down#v#1 menu#n#3 choose#v#1 bank#n#2 wish#v#2 use#v#1 then#r#2 on_it#r#1 a#n#4 race#n#2 clock#n#1 complete#a#1 set#n#1 One#n#1 question#n#3 a#n#1 choice#n#3 twelve#n#1 a#n#1 class#n#4 eager#a#1 answer#n#1

@ against the clock
$ figuratively
A#n#1 brilliant#a#2 form#n#1 exercise#n#1 lasting#a#1 an#n#1 hour#n#1 a#n#1 whole#n#2 day#n#1 grey_matter#n#1 work#v#24 too#r#1 Run#v#3 around#r#3 countryside#n#1 in#n#3 hunting#n#1 all#a#1 clock#n#1 Very#a#2 sociable#a#1 it#n#1 just_as#r#1 good#a#16 serious#a#4 about#r#4 fitness#n#2 or#n#1 a_little#r#1

@ against the clock
$ figuratively
Entry#n#5 more#a#2 info#n#1 So#r#9 Think#v#4 Know#v#11 It#n#1 All#a#1 multiple#a#1 be#v#1 a#n#1 fun#n#2 fast#a#1 interactive#a#2 experience#n#3 in#n#1 an#n#1 exciting#a#1 testing#n#3 environment#n#1 can#n#5 pit#n#1 wit#n#1 clock#n#1 Score#n#3 gain#v#4 entry#n#5 many#a#1 different#a#1 exciting#a#1 prize#n#1

@ against the clock
$ figuratively
fourth#a#1 observation#n#2 I#n#1 compete#v#1 completion#n#2 time#n#5 an#n#1 author#n#1 a#n#4 module#n#4 can#n#5 be#v#1 do#v#9 in#n#1 30_minutes#n#1 I#n#1 find#v#2 clock#n#1 both#a#1 interest#n#5 motivation#n#1 a#n#1 good#n#4 thing#n#4 most#a#2 have#v#13 a#n#1 top#n#9 score#n#3 page#n#1 or#n#1 really#r#1 get#v#1 time#n#5 competitive#a#1

@ against the clock
$ figuratively
Event#n#4 Bell#n#1 Boat#n#1 a#n#4 nine#n#3 metre#n#2 long#a#1 stable#a#1 catamaran#n#1 five#n#2 team#n#1 sit#v#6 either#r#1 side#n#5 one#n#1 at#n#1 helm#n#1 Two#n#1 compete#v#1 head#n#16 head#n#16 over#n#1 a#n#1 short#a#2 course#n#1 but#r#1 be#v#1 set#v#1 clock#n#1 Each#a#1 team#n#1 will#n#3 receive#v#1 two#n#1 gain#n#2 good#a#1 time#n#5

@ against the clock
$ literally
There#n#1 little#a#1 Silk#n#1 Road#n#1 glamour#v#1 or#n#1 history#n#2 be#v#1 find#v#4 in#n#3 Tashkent#n#1 Soviet#n#1 cityscape#n#1 vast#a#1 behemoth#n#1 concrete#a#1 abundant#a#1 park#n#2 old#a#1 man#n#1 play#v#1 chess#n#2 clock#n#1 be#v#1 pleasant#a#1 Tashkent#n#1 host#n#3 pumpkin-shaped#a#1 Museum#n#1 History#n#2 though#NR razor-sharp#a#2 weaponry#n#1 silk#n#1 ceremonial#n#1 a#n#1 fine#a#5 job#n#1 over#n#1 Tamerlane#n#1 horrify#v#1

@ all over the map
$ figuratively
Myth#n#1 3#n#1 Optimisation#n#1 be#v#1 too#r#1 Expensive#a#1 Optimisation#n#1 generally#r#2 far#a#1 by#r#1 any#a#1 other#a#1 marketing#n#1 campaign#n#2 can#n#5 conduct#v#3 online#a#2 or#n#1 It#n#1 cost#n#2 less#a#1 direct_mail#n#1 rent#v#2 broadcast#n#2 email#n#1 banner#n#3 print#n#2 at#n#1 trade#n#1 etc.#r#1 Confusion#n#2 may#n#1 arise#v#5 pricing#n#1 all_over#a#1 map#n#2 in#n#3 profession#n#2 Some#a#1 have#v#6 six#n#1 figure#n#3 price#n#1 some#a#1 have#v#6 cost#n#1 just#a#3 a_few#a#1 hundred#a#1

@ all over the map
$ figuratively
suppose#v#4 straighten_out#v#4 A#n#1 There#n#1 be#v#1 a_lot#r#1 it#n#1 all_over#a#1 map#n#2 do#v#9 look_at#v#1 have#v#2 do#v#9 a#n#1 pretty#r#1 good#a#1 job#n#1 it#n#1

@ all over the map
$ figuratively
know#v#1 environmental#a#2 condition#n#1 psychological_state#n#1 be#v#1 go#v#7 vary#v#1 on#a#1 different#a#1 workout#n#1 High#a#4 humidity#n#1 will#n#3 send#v#1 heart_rate#n#1 up#a#1 as#n#1 will#n#3 tension#n#1 anxiety#n#1 cool#a#1 weather#n#1 calmness#n#3 will#n#3 bring#v#1 it#n#1 down#n#5 can#n#5 stick#n#1 a#n#1 specific#a#1 heart_rate#n#1 therefore#r#1 let#v#6 actual#a#5 run#v#11 pace#v#2 wander#v#4 all_over#a#1 map#n#2 Or#n#1 can#n#5 stick#n#1 a#n#1 specific#a#1 pace#n#6 let#v#6 heart_rate#n#1 vary#v#1 enormously#r#1

@ all over the map
$ figuratively
I#n#1 software#n#1 almost#r#1 15#n#1 year#n#3 I#n#1 know#v#1 one#n#1 thing#n#12 can#n#5 be#v#1 sure#a#3 about#r#4 software#n#1 interview#n#1 inconsistency#n#2 software#n#1 development#n#3 be#v#1 all_over#a#1 map#n#2 A#n#4 a#n#4 matter#n#3 fact#n#1 all#a#1 software#n#1 development#n#3 be#v#1 all_over#a#1 map#n#2 be#v#1 a#n#1 success#n#2 or#n#1 failure#n#3 once#r#3 land#n#5 a#n#4 job#n#1 be#v#1 at_least#r#1 a#n#1 subjective#a#1 error-prone#a#1 a#n#1 are#n#1 in#n#1

@ all over the map
$ figuratively
Asking#n#1 programming#n#2 enough#n#1 a#n#1 good#a#1 practice#n#1 be#v#1 suspicious#a#2 a#n#4 technology#n#2 company#n#1 include#v#3 in#n#1 interview#n#1 process#n#5 I#n#1 say#v#6 development#n#3 all_over#a#1 map#n#2 but#r#1 I#n#1 say#v#6 most#a#2 any#a#1 good#a#1 software#n#1 industry#n#1 achieve#v#1 miserable#a#4 40#n#1 success#n#2 rate#n#1

@ all over the map
$ figuratively
be#v#1 not#r#1 content#n#2 follow#v#20 blindly#r#2 along#r#5 in#n#3 religion#n#1 in#n#3 raise#v#2 may#n#1 wander#v#2 all_over#a#1 map#n#2 before#r#2 find#v#2 belief#n#1 system#n#1 house#n#1 publishing#n#1 sun#n#1 here#n#2 up#a#1 a#n#1 whole#n#2 arena#n#3

@ all over the map
$ figuratively
Now#r#1 I#n#1 understand#v#1 why#n#1 career#n#1 all_over#a#1 map#n#2 I#n#1 by#r#1 a#n#1 impossible#a#1 I#n#1 thread#n#1 motivator#n#1

@ all over the map
$ literally
find#v#3 new#a#1 location#n#1 only#a#1 thing#n#12 he#n#1 do#v#9 look_at#v#2 map#n#1 use#v#1 thumb#n#3 a#n#4 a#n#4 point#n#15 reference#n#4 last#a#2 location#n#1 technique#n#1 look#v#2 all_over#a#1 map#n#1 technique#n#1 move#v#2 rapidly#r#1 on#r#3 grind#v#5 by#r#2 use#v#1 exist#v#1 linear#a#2 such#a#1 a#n#1 road#n#1 be#v#1 plot#v#4 along#r#5 route#n#1

@ all over the map
$ literally
I#n#1 run#n#2 a#n#1 game#n#2 once#r#3 use#v#1 but#r#1 designer#n#2 a_few#a#1 I#n#1 request#v#1 ability#n#1 use#v#1 forget#v#1 set#v#1 right#n#1 I#n#3 a#n#6 map#n#2 effect#n#1 be#v#1 ALL#a#1 over#n#1 map#n#2 not#r#1 just#a#3 area#n#3 grenade#n#1 hit#v#3 It#n#1 amusing#a#2 but#r#1 it#n#1 also#r#1 make#v#3 game#n#3 unplayable#a#1

@ back to the wall
$ figuratively
intervening#a#1 year#n#3 up#a#1 modern_times#n#1 just#a#1 more#a#1 same#a#2 Israel#n#1 back#n#5 wall#n#1 increasingly#r#1 isolate#v#1 Arab#n#1 downfall#n#2 Western#a#2 whatever#a#1 selfish#a#1 strategy#n#1 keep#v#1 oil#n#4 Then#r#2 approach#n#3 Jewish#a#1 New#a#1 Year#n#3 a#n#1 new#a#1 phase#n#1 year#n#3 crisis#n#1

@ back to the wall
$ figuratively
After#r#1 break#n#3 Vale#n#1 continue#v#1 attack#v#3 but#r#1 Town#n#1 break#v#15 away#r#7 Armstrong#n#1 foul#v#4 in#n#3 area#n#1 Town#n#1 a#n#4 penalty#n#4 Iron#n#1 lead#n#2 again#r#1 Thereafter#r#1 it#n#1 wall#n#1 time#n#5 some#a#1 desperate#a#3 defend#v#2 by#r#2 Fortunately#r#1 hang_on#v#2 give#v#3 a#n#1 boost#n#1

@ back to the wall
$ figuratively
It#n#1 therefore#r#1 be#v#1 good#a#1 British#n#1 in#n#1 sector#n#4 Western#a#2 Front#n#10 in#n#3 early#a#1 May#n#1 all_in#a#1 recent#a#2 full#a#1 effect#n#1 General#n#1 spring#n#2 offensive#a#5 British#a#1 ease#n#5 so#r#1 much#a#1 so#r#4 make#v#3 one#n#1 dramatic#a#1 gesture#n#2 war#n#1 famous#a#1 wall#n#1 order#n#10 April#n#1 11th#a#1 There#n#1 no#a#1 other#a#1 course#n#1 open#v#1 us#n#1 but#r#1 fight#n#2 it#n#1 out#v#1

@ back to the wall
$ figuratively
Liverpool#n#1 Victoria#n#5 County#n#1 Championship#n#1 Division#n#2 Two#n#1 day#n#1 one#n#1 at#n#1 On#r#3 a#n#1 day#n#3 county#n#1 over#n#1 famous#a#1 Gloucestershire#n#1 Regiment#n#1 wear_on#v#1 find#v#2 like#a#1 wall#n#1 Opening#n#10 Festival#n#2 old#a#2 win#v#4 toss#v#1 on#r#1 dominate#v#3 all#a#1 three#n#1 session#n#2

@ back to the wall
$ figuratively
success#n#2 convoy#n#3 a#n#1 political#a#1 triumph#n#1 Mr#n#1 Mesic#a#1 on#r#1 eve#n#4 another#a#1 round#n#7 in#n#3 There#n#1 Serbia#n#1 back#n#5 wall#n#1 as#n#1 EC#n#1 an#n#1 economic#a#2 gun#n#1 head#n#1 Serbia#n#1 not#r#1 agree#v#2 EC#n#1 peace#n#1 plan#n#1 in_line#a#2 other#a#1 five#n#1 then#r#2 it#n#1 severe#a#4

@ back to the wall
$ literally
sacristan#n#1 book#n#9 but#r#1 will#n#3 accept#v#3 only#a#2 two_hundred#a#1 fifty#a#1 it#n#1 in#n#3 spite#v#1 clearly#r#4 be#v#1 worth#n#2 considerably#r#1 more#a#2 transaction#n#1 instantly#r#1 association#n#1 demon#n#1 new#a#1 owner#n#1 within#r#1 a#n#1 short#a#2 period#n#1 aware#a#1 a#n#4 growing#n#1 discomfort#n#1 compulsion#n#2 sit_back#v#1 wall#n#1 At#n#1 moment#n#6 he#n#1 crucifix#n#1 around#r#2 neck#n#1 clean#a#1 it#n#1 demon#n#1

@ back to the wall
$ literally
I#n#1 protest#v#3 take#v#17 seat#n#4 so#n#1 much#a#1 more#a#1 me#n#1 but#r#1 Doctor#n#1 will#n#3 not#r#1 yield#n#2 I#n#1 must#n#3 take#n#1 it#n#1 be#v#1 seat#v#3 Doctor#n#1 I#n#1 wall#n#1 take#v#17 seat#n#4 on#r#3 left#a#1

@ back to the wall
$ literally
agree#v#2 While#n#1 sit#v#6 hole#n#2 watching#n#1 world#n#4 pass_by#v#1 below#r#1 sit#v#6 eat#v#2 food#n#2 down#a#1 do#v#9 find#v#2 soon#r#1 return#n#11 surface#n#1 try#n#1 again#r#1 tomorrow#n#1

@ back to the wall
$ literally
simply#r#1 just#r#1 white#n#1 skin#n#1 some#a#1 white#n#1 around#r#3 interior#a#1 chamber#n#5 sitting#n#1 cross-legged#r#1 on#r#3 floor#n#2 in#n#1 a#n#1 regular#a#1 pattern#n#3 Three#n#1 sitting#n#3 along#r#1 back#n#5 wall#n#1 one#n#1 in#n#1 center#n#4 I#n#1 share#v#2 same#a#2 space#n#2

@ bite the bullet
$ figuratively
Then#r#1 it#n#1 over#n#1 a#n#6 very#r#1 good#a#1 trip#n#1 comment#n#2 last#v#1 year#n#3 I#n#1 will#n#3 go_back#v#3 but#r#1 late#a#1 bite#n#1 bullet#n#1 use#v#1 a#n#1 guide#v#1 turn_out#v#1 be#v#1 accurate#a#1 Now#r#1 again#r#1 I#n#1 will#n#3 go_back#v#3 I#n#1 will#n#3 NOT#r#1 use#v#1 a#n#1 guide#v#1 it#n#1 a#n#1 complete#a#1 waste#n#1 money#n#1

@ bite the bullet
$ figuratively
quite#r#3 strong#a#1 but#r#1 in#n#1 a_bit#r#1 a#n#1 mess#n#6 not#r#1 clear#v#15 out#n#1 I#n#1 put_in#v#1 initially#r#1 So#n#1 there#n#1 bite#n#1 bullet#n#1 put#v#1 brood#v#3 at_bottom#r#1 super#a#1 on#r#3 top#n#9 agree#v#3 call#v#5 it#n#1 a#n#4 next#a#2 spring#n#2 I#n#1 beginning#n#5 wonder#n#3 roof#n#1 over#n#1 hives#n#1 by#r#2 keeping#n#2 sun#n#1 off#r#2 too_much#r#1

@ bite the bullet
$ figuratively
good#a#9 all#a#2 do#v#9 have#v#2 do#v#9 a#n#4 thing#n#12 No#a#1 feed#v#2 no#a#1 water#v#1 gel#n#1 all#a#1 need#n#3 survive#v#1 an#n#1 ant#n#1 bullet#n#1 worker#n#1 bring#v#1 body#n#1 surface#n#1 All#a#1 have#v#2 do#v#9 watch#n#1 enjoy#v#3

@ bite the bullet
$ figuratively
threat#n#3 house#n#11 price#n#2 stagnation#n#1 amount#n#3 time#n#5 need#v#1 catch#n#9 debt#n#2 up#a#1 will#n#3 probably#r#2 need#v#2 be#v#1 stretch#v#1 further#v#2 brave#a#1 enough#n#1 bite#n#1 bullet#n#1 on#r#3 one#n#1 particular#n#2 aspect#n#3 there#r#3 one#n#1 lender#n#1 a#n#2 carrot#n#1 worth#n#2 take#v#17 note#n#3 will#v#3 sign_up#v#2 a#n#1 fixed#a#3 interest_rate#n#1 5#n#1 year#n#3 or#n#1 more#a#2 can#n#5 take_advantage#v#2 high#a#4 income#n#1

@ bite the bullet
$ figuratively
Jack#n#3 open#v#5 mouth#n#2 again#r#1 particular#a#1 look_on#v#2 face#n#1 always#r#1 a#n#5 diatribe#n#1 imminent#a#1 crisply#r#1 A#n#1 will#n#3 any#a#1 mention#v#1 word#n#1 Napoleon#n#1 or#n#1 power#n#1 monger#n#1 Colonel#n#1 bite#n#1 bullet#n#1 eye#n#1 stern#n#1 tone#n#6 a#n#1 Jack#n#11

@ bite the bullet
$ figuratively
it#n#1 down#a#1 I#n#1 fill_in#v#2 section#n#1 now#r#1 have#v#2 bite#v#1 bullet#n#1 read#v#1 Ignore#v#2 class#n#4 it#n#1 a#n#4 private#a#1 helper#n#1 class#n#7

@ bite the bullet
$ figuratively
First#a#1 record#v#1 in#n#3 print#n#3 in#n#3 Kipling#n#1 Light#a#2 bite#n#2 bullet#n#1 rather#r#4 bite#n#1 bullet#n#1 might#n#1 have#v#18 expect#v#1 idea#n#1 new#a#1 character#n#1 be#v#1 speak#v#1 suggest#v#2 phrase#n#1 already#r#1 public#a#1 story#n#2 write#v#1

@ bite the bullet
$ figuratively
course#n#1 not#r#1 all#a#1 current#n#2 fault#n#1 be#v#1 pay#v#7 price#n#2 in#n#1 transport#n#2 together#r#1 lax#a#3 plan#v#2 massive#a#3 out#n#1 town#n#1 a#n#4 failure#n#2 bite#n#1 bullet#n#1 on#r#3 demand#n#1 In#n#3 Europe#n#1 transport#n#1 policy#n#2 in#n#1 more#a#2 town#n#1 much#a#1 great#a#1 investment#n#1 in_public#r#1 transport#v#2 divert#v#2 traffic#n#1 out#a#8 residential#a#2 all#a#1 make#v#3 life#n#9 more#n#1 bearable#a#1

@ bite the bullet
$ figuratively
have#v#1 sooner#n#1 decide#v#1 bite#v#1 bullet#n#1 try#n#1 Friday#n#1 September#n#1 14#n#1 Few#a#1 likely#a#1 visit#n#1 new#a#1 Swansea#n#1 management#n#1 team#n#1 Peter#n#1 Nicholas#n#1 be#v#1 unlikely#a#1 make#v#3 sweeping#a#1 tomorrow#n#2 visit#n#1 Halifax#n#1 Town#n#1 say#v#6 be#v#1 squad#n#2 take#v#17 a#n#1 step-by-step#a#1 approach#n#9

@ bite the bullet
$ figuratively
But#r#1 there#n#1 no#a#1 alternative#n#1 Galbraith#n#1 it#n#1 right#n#1 50#n#1 year#n#1 ago#a#1 now#r#1 see#v#24 consequence#n#1 private#a#1 affluence#n#1 public#a#1 Labour#n#2 must#n#3 stop#n#6 construction#n#4 healthcare#n#1 drop#v#9 voodoo#v#1 economics#n#1 government#n#4 bite#n#1 bullet#n#1 back#n#6 commitment#n#2 public#a#1 service#n#2 by#r#1 raise#v#2 John#n#1 Mackintosh#n#2 New#a#1 be#v#1 never#r#1 give#v#3 enough#n#1 time#n#3 work_in#v#1

@ blood in the water
$ figuratively
name#n#1 become#v#1 blood#n#1 in#n#3 water#n#1 film#n#1 he#n#1 must#n#3 just#a#3 hate#n#1 every#a#1 Friday#n#1 review#n#8 section#n#1 wait#v#3 pick_out#v#1 late#a#1 limp#n#1 calf#n#2 a#n#1 movie#n#1 great#n#1 cattle_drive#n#1 Hollywood#n#2 Only#a#1 problem#n#2 time#n#5 he#n#1 not#r#1 half#n#2 bad#a#1 Who#n#1 have#v#6 it#n#1

@ blood in the water
$ figuratively
Oh#n#1 just#a#1 love#n#1 death#n#1 there#r#3 so#r#4 much#a#1 peer#n#2 pressure#n#1 on#r#3 small#a#1 business#n#1 get#v#1 online#a#2 It#n#1 money#n#1 blood#n#1 in#n#3 water#n#1 It#n#1 every#a#1 one#n#1 credit_card#n#1 seller#n#1 on#a#1 IIS#n#1 it#n#1 only#a#1 on#a#1 NT#n#1 or#n#1 Window#n#1 various#a#2

@ blood in the water
$ figuratively
Once#r#3 more#a#2 deal#n#3 strike#v#1 be#n#1 in#n#2 smell#v#1 blood#n#1 in#n#3 water#n#1 about#r#4 development#n#3 Analysis#n#1 cost#n#1

@ blood in the water
$ literally
Sally#n#3 very#a#2 bold#a#1 in-your-face#a#1 On#r#3 day#n#1 in_question#a#1 I#n#3 a#n#6 big#a#1 amberjack#n#1 there#n#1 so#r#4 much#a#1 blood#n#1 in#n#3 water#n#1 see#n#1 me#n#1 In#n#3 confusion#n#2 bit#n#11 butt#n#9

@ blood in the water
$ literally
me#n#1 in#n#3 a#n#1 sort#n#1 sit#v#9 position#v#2 I#n#1 want#v#1 a#n#1 natural#a#1 third#n#5 stage#n#3 but#r#1 there#n#1 quite_a#r#1 lot#n#1 blood#n#1 in#n#3 water#n#1 so#n#1 husband#n#1 cut#n#6 cord#n#1 midwife#n#1 placenta#n#2 out#n#1 me#n#1 it#n#1 already#r#1 come_away#v#1 womb#n#1 while#n#1 other#a#1 midwife#n#1 up#a#1 baby#n#1 I#n#1 out#n#1 water#n#1 As#n#1 I#n#1 up_on#a#1 floor#n#2 blood#n#1 out#n#1 me#n#1 apart#r#1 me#n#1

@ blood in the water
$ literally
can#n#5 smell#n#3 blood#n#1 in#n#3 water#n#1 over#n#1 10#n#1 why#n#1 will#n#3 find#v#4

@ blood in the water
$ literally
It#n#1 commonly#r#1 known#a#1 certain#a#3 species#n#1 can#n#5 smell#n#3 own#a#1 species#n#1 up#a#1 two#n#1 away#a#3 Likewise#r#1 be#v#1 known#a#1 sense#n#2 blood#n#1 in#n#3 water#n#1 at_large#a#1 I#n#1 stress#n#1 again#r#1 will#n#3 not#r#1 have#v#1 any#a#1 effect#n#1 person#n#1 hypersensitive#a#1 specific#a#1 medicinal#a#1 substance#n#1

@ blood in the water
$ literally
He#n#1 behind#n#1 me#n#1 in_darkness#r#1 out#n#1 field#n#4 vision#n#2 A#n#1 group#n#2 squid#n#2 below#r#1 turn#v#2 a#n#1 frenzy#n#1 by#r#1 smell#n#3 blood#n#1 in#n#3 water#n#1 Three#n#1 large#a#1 squid#n#2 at#n#1 same#a#2 time#n#5

@ blood in the water
$ literally
One#n#1 a#n#1 couple#n#4 year#n#3 above#n#1 me#n#1 me#n#1 in#n#3 I#n#1 ready#a#1 it#n#1 I#n#1 just#a#3 head#n#4 on#a#1 bottom#n#3 It#n#1 kind#n#1 like#n#2 in#n#3 pool#n#9 still#n#3 on#r#3 side#n#1 there#n#1 all#a#1 blood#n#1 in#n#3 water#n#1 It#n#1 on#a#1 eighth#a#1 birthday#n#1

@ blow a fuse
$ figuratively
a#n#1 faraway#a#1 destination#n#3 like#v#1 too#r#1 far#a#1 home#n#2 Publish#v#1 25#n#1 May#n#1 want#n#2 pull_out#v#2 a#n#1 holiday#n#2 terrorist#n#1 can#n#5 expect#v#3 a#n#1 refund#n#1 insurer#n#1 money#n#1 AMP#n#1 will#n#3 blow_a_fuse#v#1 Publish#v#1 18#n#1 May#n#1 pain#n#1 Equitable#a#1 Life#n#12 set#v#1 be_on#v#1 time#n#5 AMP#n#1 owner#n#1 Pearl#n#1 Assurance#n#2 London#n#1 Life#n#12 Can#n#5 back_out#v#2 trip#n#1 a#n#4 region#n#2

@ blow a fuse
$ figuratively
money#n#1 AMP#n#1 will#n#3 blow_a_fuse#v#1 By#r#1 Publish#v#1 18#n#1 May#n#1 pain#n#1 Equitable#a#1 Life#n#12 set#v#1 be_on#v#1 time#n#5 AMP#n#1 owner#n#1 Pearl#n#1 Assurance#n#2 London#n#1 Life#n#12 pain#n#1 Equitable#a#1 Life#n#12 set#v#1 be_on#v#1 time#n#5 AMP#n#1 owner#n#1 Pearl#n#1 Assurance#n#2 London#n#1 Life#n#12

@ blow a fuse
$ figuratively
thought#n#2 go#v#1 university#n#2 daunt#v#1 any#a#1 one#n#1 especially#r#1 be#v#1 likely#a#1 be#v#1 student#n#2 on#r#3 campus#n#1 In#n#1 addition#n#1 worry#n#1 fitting#n#2 in#n#1 there#n#1 further#v#2 concern#n#5 brain#n#1 will#n#3 blow_a_fuse#v#1 it#n#1 work#v#24 again#r#1 any#a#1 other#a#1 may#n#1 be#v#1 trouble#v#1 while#n#1 deliberate#v#1 about#r#5 become#v#1 a#n#1 student#n#2 soon#r#1 disappear#v#1 once#r#3 are#n#1 in#n#1 thick#a#1 it#n#1

@ blow a fuse
$ figuratively
I#n#1 suppose#v#4 father#n#4 be#v#1 he#n#1 may#n#1 not#r#1 know#v#1 I#n#1 have#v#2 sit#v#6 in#n#3 house#n#11 about#r#4 before#r#2 then#r#2 blow#v#14 a#n#1 fuse#n#2 Only#a#1 realise#v#1 I#n#1 go#v#1 round#v#1 calmly#r#1 at#n#1 beginning#n#5 it#n#1 have#v#6 ok#n#1

@ blow a fuse
$ figuratively
can#n#5 be#v#1 upfront#a#1 assertive#a#1 in#n#1 let#v#6 know#v#1 feel#v#1 give#v#3 sensitive#a#1 support#n#10 Remember#v#8 though#NR it#n#1 human#n#1 blow_a_fuse#v#1 occasionally#r#1 so#r#9 try#n#1 find#n#2 a#n#1 safe#a#1 way#n#6 let_off#v#1 steam#v#1 Do#v#13 make_sure#v#1 keep#v#2 look#v#2 after#r#1

@ blow a fuse
$ figuratively
Jesus#n#1 out#n#1 Caesarea#n#1 Philippi#n#1 by#r#1 way#n#6 he#n#1 saying#n#1 Who#n#1 do#v#9 man#n#1 say#v#6 I#n#1 be#v#1 Gospel#n#1 Mark#n#12 Please#v#1 do#v#5 not#r#1 blow_a_fuse#v#1 dear#a#2 I#n#1 be#v#1 not#r#1 opening#n#10 post#n#4 a#n#4 Bible#n#1 verse#n#3 in_order#a#1 veer#v#2 evangelism#n#1

@ blow a fuse
$ figuratively
Some#a#1 Britain#n#1 fall#v#26 part#v#4 Cable#n#2 Wireless#n#3 Marconi#n#1 a#n#1 fuse#n#2 slash#v#2 at#n#1 British#a#1

@ blow a fuse
$ figuratively
Space#n#2 turn#v#1 reality#n#2 experimental#a#3 space_station#n#1 run_by#NR enigmatic#a#1 by#r#1 a#n#1 trio#n#4 tough#n#3 cosmic#a#1 Even#a#3 Max#n#1 android#n#1 almost#r#1 a#n#1 fuse#n#2 by#r#1 sensuous#a#1 space#n#1 Brie#n#1 Howard#n#2 Max#n#1 increase#v#1 sexual#a#2 awareness#n#1 then#r#2 just#a#3 electronic#a#1 theory#n#1 an#n#1 obsession#n#1 as#n#1 spark#n#6 life#n#12 bionic#a#1 mate#n#4 beautifully#r#1 perfect#a#1 Cassandra#n#1

@ blow a fuse
$ figuratively
I#n#3 a#n#6 snotty#a#1 reply#n#1 Five#n#2 a#n#1 young#a#1 vibrant#a#2 channel#n#4 static#a#2 boring#a#1 attract#v#1 interest#n#5 viewer#n#1 Firstly#r#1 I#n#2 never#r#1 say#v#6 old#a#1 i#n#1 secondly#r#1 reply#n#1 make#v#31 be#v#1 blow_a_fuse#v#1 it#n#1 patronising#a#1 smug#a#1 Do#v#2 dare#v#2 mention#n#2

@ blow a fuse
$ figuratively
Many#a#1 polio#n#1 have#v#13 able#a#1 function#n#1 40#n#1 year#n#3 about#r#7 half#n#2 spinal#n#1 motor#n#1 nerve#n#1 someone#n#1 who#n#1 have#v#15 polio#n#1 So#n#1 break#v#6 a#n#1 leg#n#1 in#n#1 a#n#1 fall#v#3 major_surgery#n#1 even#a#3 a#n#1 whiplash_injury#n#1 sufficiently#r#1 stress#n#1 remain#v#1 motor#n#1 blow_a_fuse#v#1 blow#n#1 function#n#1 less#a#1 well#n#1 muscle#n#1 weakness#n#1 fatigue#n#2 pain#n#1 may#n#1 result#n#1

@ blow a fuse
$ figuratively
Then#a#1 a#n#5 now#r#1 he#n#1 people#n#1 desperately#r#2 keen#a#1 ensure#v#2 Jesus#n#1 a#n#4 meek#a#3 gentle#a#4 gum#n#5 maybe#r#1 he#n#1 just#a#3 a#n#1 fuse#n#2 not#r#1 be#v#1 irregular#a#1 Jesus#n#1 get#v#1 angry#a#1 even#a#3 few#a#1 few#a#1 mention#n#2 righteous#a#1 indignation#n#1

@ blow a fuse
$ figuratively
In#n#1 previous#a#3 year#n#3 in_public#r#1 interest#n#5 I#n#1 have#v#2 request#v#1 information#n#1 both#a#1 East#n#3 Devon#n#1 District#n#1 Council#n#2 Devon#n#1 County#n#1 Council#n#2 gardening#n#1 traffic#n#1 library#n#2 other#a#1 on_occasion#r#1 enlightenment#n#3 go#v#1 unanswered#a#1 I#n#1 in_all_probability#r#1 blow_a_fuse#v#1 Enough#n#1 enough#n#1

@ blow a fuse
$ figuratively
perfectly#r#2 Headmaster#n#1 receive#v#2 Electricity#n#2 Bill#n#1 I#n#1 believe#v#1 40#n#1 figure#n#3 today#n#1 around#r#5 200#a#1 Then#r#2 he#n#2 a#n#6 fuse#n#2 However#r#1 he#n#1 presently#r#2 normal#a#1 work#v#1 condition#n#1 in#n#3 subsequent#a#1 West#n#8

@ blow a fuse
$ figuratively
I#n#1 before#r#2 a_few#a#1 time#n#7 but#r#1 time#n#5 I#n#1 weight#n#7 belt#n#2 ALL#a#1 wrong#a#2 I#n#1 go_down#v#1 who#n#1 now#r#1 me#n#1 will#n#3 understand#v#1 be#v#1 funny#a#2 I#n#1 spend#v#1 a_few#a#1 minutes#n#1 get#v#1 all#a#1 up#a#1 then#r#2 I#n#3 a#n#6 fuse#n#2 After#r#1 I#n#1 down#a#1 sort#v#2 I#n#3 a#n#6 great#a#5 dive#n#2

@ blow a fuse
$ figuratively
can#n#5 not#r#1 capture#n#1 magic#n#2 I#n#1 so#n#1 glad#a#1 Mr#n#1 Cook#v#3 alive#a#4 see#v#1 it#n#1 he#n#1 blow#v#14 a#n#1 fuse#n#2

@ blow a fuse
$ figuratively
big#a#1 come_on#v#2 Saturday#n#1 Sunday#n#1 a_little#r#1 energy#n#1 do#v#9 blow_a_fuse#v#1 before#r#2 then#r#2 might#n#1 be#v#1 wise#a#1 be#v#1 likely#a#1 be#v#1 settled#a#2 vision#n#4 aplomb#n#1 on#a#1 Friday#n#1 perhaps#r#1 but#r#1 in#n#3 before#r#2 deadline#n#1 so#n#1 way#n#6 before#r#2 next#a#2 week#n#1 solar#a#1 spectacular#a#3 feel#n#2 an#n#1 important#a#2 new#a#1 chapter#n#1

@ blow a fuse
$ literally
NO#n#2 or#n#1 1#n#1 volt#n#1 be#v#1 OK#n#1 but#r#1 any#a#1 high#a#1 additional#a#1 voltage#n#2 will#n#3 at_best#r#1 blow_a_fuse#v#1 in#n#3 monitor#n#6 at_worst#r#1 destroy#v#1 monitor#n#5 Another#a#1 point#n#2 design#v#1 other#a#1 may#n#1 not#r#1 tolerate#v#1 continual#a#1 use#n#4 may#n#1 overheat#v#1 burn_out#v#1

@ blow a fuse
$ literally
Club#n#2 I#n#1 strike#v#1 it#n#1 rich#a#1 I#n#1 make#v#3 second#n#1 million#a#1 playing#n#3 winter#n#1 orange_juice#n#1 market#n#1 Financial#a#1 Link#n#6 link#n#6 a#n#1 fuse#n#2 in#n#1 surge#n#3 it#n#1 size#n#2 Crayon#n#1 Do#v#9 want#n#2 own#a#1 custom#n#1 newspaper#n#1 every#a#1 morning#n#1 cover#v#3 only#a#1 be#v#1 interest#v#1 in#n#1

@ blow a fuse
$ literally
Lay#v#1 down#a#1 at#n#1 night#n#1 mind#n#1 so#n#1 confused#a#5 down#n#5 south#n#1 New#a#1 York#n#1 City#n#1 blues#n#1 hit#v#1 road#n#1 before#r#2 I#n#1 blow_a_fuse#v#1 I#n#1 might#n#1 buy#v#1 me#n#1 a#n#4 or#n#1 a#n#6 I#n#3 do#v#9 care#n#1 model#n#1 a#n#1 long#a#2 a#n#4 it#n#1 me#n#1 away#a#3 I#n#1 hide#v#1 heart#n#2 in#n#1 a#n#1 trunk#n#3

@ blow a fuse
$ literally
Paul#n#2 Mark#n#8 PM#n#3 26#n#1 October#n#1 A#n#4 good_story#n#1 nothing#n#1 away#a#3 in#n#1 plot#n#3 appetite#n#1 first#a#1 impression#n#2 on#r#3 get#v#2 up#a#1 go_out#v#1 blow#v#16 a#n#1 fuse#n#2 but#r#1 as#n#1 I#n#1 read#v#5 on#r#3 concept#n#1 change#v#1 case#n#5 curiosity#n#1 leave#v#1 me#n#1 want#v#1 know#v#1 story#n#4 be#v#1 more#a#2 effective#a#1 I#n#1 believe#v#1 atmosphere#n#3 use#v#1 a_little#r#1 more#a#2 rather#r#4 tell#v#8 us#n#1 sound#n#7 smash#v#2 glass#n#1

@ blow a fuse
$ literally
all#a#1 dear#a#3 true#a#1 tomorrow#n#2 probably#r#2 collapse#n#3 soon#r#1 after#r#1 Just#a#3 a#n#4 put#v#1 a#n#1 powerful#a#1 electric_current#n#1 a#n#5 small#a#1 circuit#n#1 a#n#1 transformer#n#1 blow_a_fuse#v#1 or#n#1 melt#v#3 Break#v#17 habit#n#3 Dear#a#2 do#v#9 not#r#1 realise#v#5 it#n#1 but#r#1 many#a#1 have#v#13 become#v#1 so#r#9 use#v#1 live#v#1 dissatisfaction#n#1 compromise#n#2 it#n#1 become#v#1 norm#n#2

@ blow a fuse
$ literally
approximately#r#1 8#n#1 or#n#1 9#n#1 1#n#1 drill_press#n#1 2#n#1 running#n#1 off#v#1 a#n#1 plug#n#1 A#n#1 can#n#5 guess#v#2 it#n#1 keep#v#1 out#n#1 or#n#1 blow#v#14 a#n#1 fuse#n#2 in#n#3 day#n#3 a#n#1 gentleman#n#1 in#n#1 every#a#1 sense#n#2 word#n#10 John#n#5 Endicott#n#1 who#n#1 it#n#1 go_down#v#1 stair#n#1 swap#v#2 around#r#3 I#n#1 tag#v#1 along#r#4 as_well#r#1 both#a#1 then#r#1 Max#n#1 change#v#1 set_up#v#15 before#r#2 someone#n#1 injure#v#1

@ blow a fuse
$ literally
Earth#n#3 or#n#1 ground#n#1 ie#r#1 mud#n#1 be#v#1 stand#v#2 on#r#3 use#v#1 as#n#2 or#n#1 earth#n#3 wire#n#2 go#v#1 back#v#2 power_station#n#1 as#n#1 copper#n#1 running#n#1 an#n#1 extra#n#2 wire#n#2 too#r#1 expensive#a#1 a#n#1 short_circuit#n#1 neutral#a#5 not#r#1 there#n#1 blow_a_fuse#v#1 or#n#1 breaker#n#2 then#a#1 lump#n#2 mud#n#1 live_on#v#1 tie#v#1 circuit#n#1 a#n#1 extra#n#2 wire#n#2 will#n#3 more#a#2 commonly#r#1 known#a#1 as#n#1 earth#n#3 loop#n#2 impedance#n#1

@ blow a fuse
$ literally
more#n#1 commonly#r#1 known#a#1 as#n#1 earth#n#3 loop#n#2 impedance#n#1 have#v#13 a#n#1 much#a#1 close#a#3 extra#a#1 protective#a#1 wire#n#1 generally#r#2 a#n#1 wire#n#2 tie#v#1 at#n#1 central#a#2 neutral#a#5 point#n#2 much#a#1 quick#a#5 a#n#4 distance#n#1 have#v#2 travel#v#1 quick#a#1 blow_a_fuse#v#1 burn#n#2 a_little#r#1 bit#n#11 wire#n#2 out#n#1 or#n#1 throw#n#1 a#n#1 breaker#n#3 short_circuit#n#1

@ blow a fuse
$ literally
Church#n#1 again#r#1 3rd#a#1 4th#a#1 in#n#1 class#n#4 In#n#1 class#n#4 first#a#1 race#n#2 winner#n#3 out#n#1 race#n#2 on#r#3 warm-up#n#1 lap#n#3 out#a#8 a#n#1 fuse#n#2 leave#v#8 take#v#17 class#n#7 win#v#4 ahead#a#1 Michael#n#1 take#v#7 4th#a#1 5th#a#1 6th#a#1 7th#a#1 overall#n#2

@ blow a fuse
$ literally
Read#v#1 more#a#2 guide#v#1 international#a#1 power#n#1 be#v#1 travel#v#1 another#a#1 country#n#2 mobile#a#2 device#n#1 be#v#1 extra#n#2 careful#a#1 stick#n#1 plug#n#1 Different#a#1 use#v#1 different#a#1 voltage#n#2 power#n#4 accidentally#r#2 notebook#n#1 wrong#a#2 kind#a#1 can#n#5 blow_a_fuse#v#1 or#n#1 bad#a#1 cause#n#3 damage#n#4 device#n#1 Read#v#3 on#r#3 trouble-free#a#1 power#n#3 anywhere#r#1 in#n#3 world#n#1

@ blow a fuse
$ literally
Up#a#1 initially#r#1 following#n#2 an#n#1 upbeat#n#2 presentation#n#2 overnight#a#1 in#n#3 Sydney#n#1 Australia#n#1 Rio#n#1 late#a#5 closed#a#1 only#a#1 at#n#1 Concern#n#5 it#n#1 will#n#3 get#v#1 involve#v#4 in#n#3 an#n#1 expensive#a#1 corporate#a#2 deal#n#6 Scottish#n#1 Southern#a#1 Energy#n#1 a#n#1 fuse#n#2 at#n#1 down#a#1 Dana#n#1 Petroleum#n#1 after#r#2 international#a#1 business#n#2 a#n#4 transaction#n#1 de#n#1 France#n#1

@ blow a fuse
$ literally
No#n#2 matter#n#3 many#a#1 time#n#5 I#n#1 see#v#5 it#n#1 it#n#1 still#n#3 me#n#1 up#a#1 close#a#1 it#n#1 big#a#1 ever#r#2 have#v#13 a#n#4 distance#n#1 it#n#1 especially#r#1 at#n#1 night#n#1 a#n#6 it#n#1 Belgian#n#1 lace#n#1 computer#n#1 in#n#3 wall#n#1 recharge#v#2 battery#n#2 I#n#1 promptly#r#2 a#n#1 fuse#n#2 in#n#1 hotel#n#1 shut#v#3 off#r#1 entire#a#3 floor#n#2 wrong#a#2 adapter#n#2

@ blow a fuse
$ literally
3#n#1 It#n#1 voltage#n#2 high#a#2 require#v#1 but#r#1 it#n#1 work#n#6 In#n#3 long#a#2 term#n#5 perhaps#r#1 even#a#3 quickly#r#2 voltage#n#2 much#a#1 high#a#1 it#n#1 will#n#1 at_best#r#1 blow_a_fuse#v#1 inside#a#1 screen#n#5 can#n#5 be#v#1 a#n#4 costly#a#2 repair#n#1 at#n#1 bad#a#1 destroy#v#1 screen#n#5 be#v#1 very#a#2 sensitive#a#1 a#n#1 voltage#n#2 high#a#4 or#n#1 low#a#2 component#n#3 design#n#4

@ blow a fuse
$ literally
Car#n#2 8#n#1 pond#n#1 Blow#v#14 a#n#1 fuse#n#2 First#n#6 driver#n#1 out#n#1 an#n#1 event#n#1 two#n#1 get#v#1 chance#n#4 do#v#9 two#n#1 endurance#n#1 course#n#1 He#n#1 put_in#v#2 two#n#1 good#a#1 get#v#1 some#a#1 banker#n#1 time#n#3

@ blow a fuse
$ literally
at#n#1 Samara#n#1 after#r#2 dark#a#1 at#n#1 about#r#7 It#n#1 must#n#3 be#v#1 a#n#4 tramp#n#4 river#n#1 hilltop#n#1 town#n#1 dust#n#1 a#n#1 tough#n#3 climb#n#3 drive#v#3 three-quarters#n#1 way#n#6 heavy#a#1 a#n#1 fuse#n#2 so#n#1 Jones#n#1 off#v#1 find#v#2 a#n#6 He#n#2 forty-five#n#1 minute#n#1 late#a#1

@ blow a fuse
$ literally
Do#v#9 not#r#1 run#n#1 three#n#2 a#n#1 P.A.#n#1 system#n#1 on#r#3 one#n#1 electrical_outlet#n#1 blow_a_fuse#v#1 then#r#2 have#v#1 no#a#1 power#n#1

@ blow a fuse
$ literally
Italian#n#1 hospitality#n#1 on#r#3 wake#v#5 next#a#2 morning#n#1 unable#a#1 open#v#5 or#n#1 turn_on#v#2 Rome#n#1 blow#v#14 a#n#1 fuse#n#2 On#r#3 room#n#1 by#r#1 complete#a#1 darkness#n#1

@ blow a fuse
$ literally
First#a#1 he#n#1 plug#v#1 nose#n#1 REINDEER#n#1 TV#n#2 set#v#1 charge#v#5 nose#n#1 so#n#1 it#n#1 more#a#2 brightly#r#1 ever#r#2 it#n#1 also#r#1 a#n#1 fuse#n#2 on#r#3 TV#n#2 set#n#13 elves#n#1 work#n#6 late#a#5 watch#n#1 Gong#n#2 Show#n#3

@ blow a fuse
$ literally
short#a#10 due#n#2 piece#n#4 material#n#3 actually#r#2 cell#n#2 very#a#2 thin#a#1 So#n#1 by#r#1 a#n#2 huge#a#1 impulse#n#1 current#a#1 cell#n#2 one#n#1 can#n#5 vaporize#v#1 dendrite#n#1 blow#v#14 a#n#1 fuse#n#2 sometimes#r#1 work#n#6 can#n#5 revive#v#4 an#n#1 otherwise#a#1 cell#n#2

@ blow a fuse
$ literally
No#n#2 2#n#1 projector#n#2 still#n#3 in#n#3 peak#n#5 condition#n#1 give#v#3 flawless#a#1 projection#n#4 in#n#1 immaculate#a#2 condition#n#1 a#n#4 new#a#1 motor#n#1 in#n#1 after#r#2 blow#v#14 a#n#1 fuse#n#2 nothing#n#1 wrong#a#2 original#a#3 motor#n#1 just#a#1 an#n#1 old#a#2 fuse#n#2 Note#n#7 Kris#n#1 go#v#1 Picture#n#6 House#n#1 see#v#24 out_in#v#1 so#n#1 he#n#1 closure#n#5 must#n#3 have#v#2 after#r#1 date#n#6

@ blow a fuse
$ literally
Travel#v#1 power#n#1 now#r#1 work#n#6 all#a#1 day#n#1 It#n#1 will#n#3 probably#r#2 decide#v#2 blow_a_fuse#v#1 again#r#1 tomorrow#n#2 share#n#1 most#a#2 Avon#n#1 reasonable#a#1 run_up#v#3 Bath#n#3

@ blow a fuse
$ literally
new#a#9 firing_pin#n#1 make#v#4 by#r#1 Biff#n#1 really#r#1 well#n#1 new#a#1 drill#n#1 extremely#r#2 effective#a#1 as#n#1 piece#n#4 carpet#n#1 8#n#1 room#n#1 Again#r#1 drill#n#1 a#n#1 fuse#n#2 a#n#1 attempt#v#1 put_in#v#1 a#n#4 large#a#1 hole#n#2 snapper#n#5 at#n#1 end#n#4 But#r#1 extremely#r#1 optimistic#a#1 next#a#2 trip#n#1 plan#v#2 following#n#1 week#n#1 see#n#1 us#n#1 through#a#2

@ blow a gasket
$ figuratively
blow#n#1 a#n#1 fortune#n#4 blow#n#1 a#n#1 gasket#n#1 blow#n#1 mind#n#1

@ blow a gasket
$ figuratively
Relief#n#9 come#v#1 someone#n#1 experience#v#4 quiet#a#1 authority#n#5 it#n#1 clear#a#1 who#n#1 in#n#3 charge#n#14 Wednesday#n#1 31st#a#1 May#n#1 either#r#1 blow#n#1 a#n#1 gasket#n#1 or#n#1 breathe#v#1 an#n#1 enormous#a#1 sign#n#3 relief#n#9 knowing#n#1 end#n#12 a#n#1 road#n#1 Either#r#1 way#n#6 likely#a#1 be#v#1 centre#n#3 attraction#n#3 both#a#1 at_work#a#1 at_home#r#1

@ blow a gasket
$ figuratively
Look#v#2 positively#r#2 orange#n#3 Big#a#1 Ron#n#1 on#r#3 edge#n#6 Most#a#2 footage#n#2 before#r#2 such#a#1 as#n#1 on#r#1 Sky#n#1 Football#n#1 Go#v#1 Mad#a#3 but#r#1 it#n#1 hard#a#1 tire#n#1 example#n#2 watching#n#1 John#n#5 blow#n#1 a#n#1 gasket#n#1 Orient#n#1 side#n#1 come_in#v#1 at#n#1 half-time#a#1 trailing#n#1 Look#v#2 like#v#1 a#n#1 serial_killer#n#1 he#n#1 little#a#1 big#a#1 I#n#1 tell#v#8 do#v#9 do_it#v#1

@ blow a gasket
$ figuratively
It#n#1 Augustine#n#1 same#a#2 Now#r#1 before#r#2 too#r#1 many#a#1 Roman#a#4 Catholic#n#1 blow#n#1 a#n#1 gasket#n#1 I#n#1 well#n#1 know#v#1 Augustine#n#1 assert#v#2 Church#n#1 a#n#4 role#n#1 in_truth#r#1 especially#r#1 Augustine#n#1 struggle#n#2 Donatism#n#1 influence#n#3 Cyprian#n#1 he#n#1 tradition#n#2 Yet#r#2 he#n#1 not#r#1 appeal#n#3 tradition#n#2 a#n#6 Rome#n#1 now#r#1 it#n#1 not#r#1 deny#v#3 so#n#1 a#n#1 present#n#3 a#n#4 doctrine#n#1

@ blow a gasket
$ figuratively
yes#n#1 will#n#3 want#v#1 have#v#2 a#n#4 say#v#6 in_principle#r#1 man#n#4 at#n#1 wedding#n#2 look#n#2 probably#r#2 blow#n#1 a#n#1 gasket#n#1 select#v#1 five#n#3 use#v#1 a#n#1 example#n#1 But#r#1 any#a#1 man#n#4 who#n#1 choice#n#2 wear#n#2 at#n#1 own#a#1 wedding#n#3 must#n#3 really#r#1 have#v#1 heart#n#2 in#n#3 it#n#1 in#n#3 first#a#1 place#n#9 not#r#1 mention#n#2 say#v#6 all#a#1 sundry#a#1 about#r#7 lack#n#1 character#n#1 in#n#3 man_hour#n#1

@ blow a gasket
$ figuratively
say#v#6 a#n#4 grin#n#1 on#r#3 I#n#1 it#n#1 I#n#1 thought#n#2 go#v#1 blow#v#4 a#n#1 gasket#n#1 he#n#1 politely#r#1 us#n#1 go_back#v#3 C#n#6 Company#n#1 in#n#3 village#n#2 I#n#1 spend#v#1 some#a#1 time#n#3 there#n#1 in#n#3 office#n#2 just#a#3 back#n#5 main_road#n#1

@ blow a gasket
$ figuratively
Yeah#r#1 right#n#1 course#n#1 Now#r#1 Billy#n#1 calm_down#v#1 before#r#2 blow#n#1 a#n#1 gasket#n#1 I#n#1 bet#n#2 face#n#1 all#a#1 red#a#1 puffy#a#1 little#a#1 hammering#n#1 keyboard#n#1 type#v#1 have#v#2 comb#n#2 hair#n#1 back_down#v#1 afterwards#r#1 or#n#1 it#n#1 fall#v#2 on#r#3 floor#n#1

@ blow a gasket
$ figuratively
Friday#n#1 2nd#a#1 June#n#1 A#n#4 mountain#n#1 administrative#a#1 may#n#1 begin#v#1 take_shape#v#1 bring#v#1 close#a#1 blow#v#14 a#n#1 gasket#n#1 especially#r#1 dealing#n#2 getting#n#1 real#a#1 job#n#1 do#v#9 Mar#n#2 sign_over#v#1 next#a#1 couple#n#4 day#n#1 before#r#2 it#n#1 there#r#3 may#n#1 be#v#1 a_few#a#1 want#v#2 make#v#31

@ blow a gasket
$ figuratively
Heavy#a#1 stuff#n#1 So#n#1 might#n#1 be#v#1 wonder#v#3 on_earth#r#1 do#v#9 Nehemiah#n#1 blow#v#14 a#n#1 gasket#n#1 people#n#1 God#n#2 break#v#6 Sabbath#n#1 law#n#4 Well#n#1 it#n#1 all#a#1 down#n#5 take#v#17 God#n#2 Ten#n#2 seriously#r#1

@ blow a gasket
$ figuratively
Here#n#1 too#r#1 in#n#1 poem#n#1 SHARPER#n#1 BERRY#n#1 be#v#1 real#a#1 people#n#1 City#n#1 Slicker#n#3 Clever#a#2 Dick#n#2 Drama#n#1 Queen#n#3 Nose#n#1 out#n#1 joint#n#1 City#n#1 Slicker#n#3 blow#v#14 a#n#1 gasket#n#1 Hot#a#1 Shot#n#3 Fit#v#7 be#v#1 tie#v#1 Arty#a#1

@ blow a gasket
$ figuratively
By#r#2 Anonymous#a#2 on#a#1 Saturday#n#1 September#n#1 13#n#1 pm#n#1 Edit#v#1 Try#v#1 reading#n#3 RIP#n#4 act#v#1 before#r#2 making#n#3 one#n#1 normal#a#1 inane#a#1 By#r#2 on#r#1 Saturday#n#1 September#n#1 13#n#1 pm#n#1 Edit#v#1 Oh#n#1 bother#n#2 oh#n#1 dear#a#2 little#a#6 Anonymous#a#1 blow#v#14 a#n#1 gasket#n#1 I#n#1 do#v#9 not#r#1 care#v#4 about#r#4 RIP#n#3 act#n#3 it#n#1 not#r#1 bother#n#2 me#n#1 get#v#1 a#n#1 life#n#12 stop#n#6 being#n#2 so#n#1 paranoid#n#1

@ blow a gasket
$ figuratively
Now#r#1 as#n#1 I#n#1 have#v#2 already#r#1 please#v#1 talk#v#2 Max#n#1 about#r#7 all#a#1 thing#n#4 Soviet#n#1 he#n#1 resident#n#1 expert#n#1 on#r#3 trouble#v#1 make#v#3 By#r#1 Anonymous#a#2 on#r#3 Sunday#n#1 September#n#1 14#n#1 be#v#1 Edit#v#1 Oh#n#1 bother#n#2 oh#n#1 dear#a#2 little#a#6 Anonymous#a#1 blow#v#14 a#n#1 gasket#n#1 asking#n#1 a#n#1 question#n#3 blow#v#14 a#n#1 gasket#n#1

@ blow a gasket
$ figuratively
be#v#1 comforted#a#1 be#v#1 Jeremiah#n#2 Herod#n#1 lose#v#10 it#n#1 now#r#1 by#r#1 wise_men#n#1 he#n#2 a#n#6 gasket#n#1 order#n#8 must#n#3 be#v#1 one#n#1 ever#r#2 commit#v#3 weird#a#1 thing#n#12 here#n#2 yet#r#2 another#a#1 prophecy#n#1 about#r#5 God#n#2 rescuer#n#1 come#v#1

@ blow a gasket
$ figuratively
Last#v#1 week#n#1 he#n#1 tired#a#1 foul-mouthed#a#1 who#n#1 day#n#3 one#n#1 in#n#3 house#n#11 But#r#1 rather#r#2 blow#n#1 a#n#1 gasket#n#1 irritation#n#1 move#v#8 out#n#1 bed#n#1 share#v#2 first#a#1 few#a#1 show#n#1 As#n#1 sort#v#2 out#n#1 new#a#1 task#n#1 in#n#3 bedroom#n#1 on#r#3 Wednesday#n#1 quietly#r#3 gathering#n#1 stuff#n#1 king-size#a#1 bed#n#1 he#n#1 share#v#2 Manchester#n#2 lass#n#1 making#n#2 it#n#1 clear#a#1 he#n#1 want#v#1 own#a#1 space#n#1

@ blow a gasket
$ figuratively
diesel_engine#n#1 personality#n#1 feeling#n#1 languid#a#1 nonchalant#a#1 get#v#1 try#v#1 too#r#1 hard#a#1 cause#n#3 blow#n#1 a#n#1 gasket#n#1 either#r#1 start#v#1 at#n#1 version#n#3 in#n#1 guise#n#1 rising#n#1 need#n#3 travel#v#1 even#a#3 quick#a#1 a#n#1 version#n#3 also#r#1 available#a#1

@ blow a gasket
$ figuratively
But#r#1 there#n#1 I#n#1 there#n#1 support#n#10 do#v#9 bit#n#6 in#n#1 film#n#1 play#v#1 Daniel#n#3 Webster#n#3 lawyer#n#1 a#n#1 good_time#n#1 He#n#1 so#n#1 fast#a#1 but#r#1 slow_down#v#4 a_bit#r#1 or#n#1 blow#n#1 a#n#1 gasket#n#1 he#n#1 but#r#1 a#n#1 great#a#5 character#n#8 RO#n#1 Yeah#r#1 one#n#1 come_out#v#4

@ blow a gasket
$ figuratively
Saturday#n#1 11th#a#1 March#n#2 so#n#1 much#a#1 now#r#1 go#v#1 on#r#3 may#n#1 be#v#1 content#n#2 go#v#1 flow#v#2 say#v#6 it#n#1 might#n#1 not#r#1 take#v#10 much#a#1 cause#n#3 blow#n#1 a#n#1 gasket#n#1 particularly#r#1 it#n#1 work#n#6 not#r#1 being#n#2 share#v#2 equally#r#2 A#n#1 social#a#2 engagement#n#7 provide#v#1 right#n#1 environment#n#1 take_out#v#10 there#n#1 some#a#1 sort#v#2 competitive#a#1 element#n#3

@ blow a gasket
$ figuratively
Fox#v#2 run#v#12 anchor#n#1 leg#n#1 faint#n#1 possibility#n#3 gold#n#3 team#n#1 I#n#1 reckon#v#3 I#n#1 nearly#r#1 a#n#1 gasket#n#1 on#r#3 run#n#2 he#n#1 say#v#6 late#a#5 Fox#n#1 old_man#n#1 team#n#1 at#n#1 36#a#1 need#v#1 oxygen#n#1 as#n#1 he#n#1 cross#v#8 finish_line#n#1

@ blow a gasket
$ literally
wish#v#2 it#n#1 I#n#1 try#v#1 mince#v#1 some#a#1 pork#n#1 make#v#3 I#n#1 think#v#3 it#n#1 responsible#a#1 blow#n#1 a#n#1 gasket#n#1 have#v#6 remove#v#1 ALL#a#1 fat#n#1 in#n#3 any#a#1 meat#n#1 a#n#4 it#n#1 just#a#3 tangled#a#1 in#n#1 mincer#n#1 cause#v#1 engine#n#3 overheat#v#1

@ carve in stone
$ figuratively
England#n#1 1#n#1 2#n#1 3#n#1 5#n#1 6#n#1 7#n#1 Ireland#n#1 4#n#1 11#n#1 14#n#1 18#n#1 19#n#1 20#n#1 Scotland#n#1 10#n#1 13#n#1 15#n#1 16#n#1 25#n#1 27#n#1 Wales#n#1 9#n#1 17#n#1 23#n#1 24#n#1 26#n#1 29#n#1 It#n#1 need#v#2 be#v#1 emphasise#v#2 be#v#1 not#r#1 carved_in_stone#a#1 Athletic#a#1 report#v#1 Welsh#a#1 twelve#n#1 a#n#1 indicate#v#3 Johnston#n#1 who#n#1 be#v#1 not#r#1 in#n#1 report#n#1 also#r#1

@ carve in stone
$ figuratively
George#n#1 a#n#1 Korean#n#1 War#n#1 veteran#n#2 who#n#1 work#n#6 Imperial#a#2 War#n#1 Museum#n#1 in#n#3 UK#n#1 conflict#n#3 personal#a#1 importance#n#1 remembering#n#1 Korean#a#1 War#n#1 I#n#1 do#v#9 remember#v#2 then#r#1 who#n#1 will#n#3 I#n#1 feel#n#2 it#n#1 carved_in_stone#a#1 memory#n#4 on#r#3 just#a#3 a_little#r#1 bit#n#11 long#a#2 I#n#1 remember#v#2 I#n#1 particularly#r#1 think#v#3 three#n#1 all#a#1 happy-go-lucky#a#1 young#a#1 who#n#1 I#n#1 National#a#2 Service#n#2

@ carve in stone
$ figuratively
help#v#5 meet#v#4 draw_up#v#1 a#n#1 professional#n#1 development#n#3 plan#n#1 It#n#1 be#v#1 carved_in_stone#a#1 It#n#1 will#n#3 change#v#1 often#r#2 rapidly#r#1 radically#r#1

@ carve in stone
$ figuratively
be#v#1 only#a#1 occasional#a#3 downtime#n#1 due#a#1 acceptable#a#1 basic#a#1 software#n#1 hardware#n#3 interplay#n#1 despite#n#1 wide#a#1 adherence#n#1 be#v#1 not#r#1 in_fact#r#1 carved_in_stone#a#1 imagine#v#1 a#n#2 directly#r#4 contrasting#a#1 system#n#1 in#n#1 are#n#1 fundamentally#r#1 different#a#1

@ carve in stone
$ figuratively
Tidal#a#1 Model#n#1 a#n#1 template#n#1 develop#v#15 practice#n#1 It#n#1 not#r#1 a#n#1 set#n#4 carved_in_stone#a#1 Unlike#a#2 many#a#1 protocol#n#1 drive#v#3 be#v#1 increasingly#r#1 popular#a#1 in#n#3 field#n#17 need#n#3 abide_by#v#1 very#a#2 strict#a#3 work#n#6 or#n#1 relate#v#1 person#n#1 in#n#3 care#n#1 Tidal#a#1 Model#n#1 explore#v#1 need#v#2 be#v#1 do#v#9 use#v#1 own#a#1 human#n#1 critical#a#6 alongside#r#1 professional#n#1 knowledge#n#1

@ carve in stone
$ figuratively
Form#n#1 own#a#1 view#v#1 Do#v#9 not#r#1 take#v#17 I#n#1 say#v#6 a#n#4 Gospel#n#1 or#n#1 carved_in_stone#a#1 Follow#v#13 own#a#1 heart#n#9 feeling#n#1

@ carve in stone
$ figuratively
Low#a#2 can#n#5 remember#v#2 Long#a#2 beach#n#1 in#n#3 caribbean#n#2 carved_in_stone#a#1 Community#n#1 Travel#v#1 orleans#n#1 every#a#1 sunday#n#1

@ carve in stone
$ figuratively
A#n#1 late#a#5 event#n#4 year#n#3 Romani#n#1 date#v#3 Roman#n#2 Invasion#n#3 there#n#1 so_far#r#2 some#a#1 form#n#1 chronological#a#1 progression#n#3 between#r#1 by_no_means#r#1 carved_in_stone#a#1 Feudal#a#1 Culture#n#1 Society#n#1 a_few#a#1 society#n#1 culture#n#1 world#n#4 Western#a#2 European#n#1 Feudalism#n#1

@ carve in stone
$ figuratively
a#n#1 purpose#n#1 royal#a#3 caribbean#n#2 international#a#1 group#n#2 carved_in_stone#a#1 Guilty#a#1

@ carve in stone
$ figuratively
about#r#4 creep#v#1 place#n#9 sleep#n#1 Dearly#r#2 beloved#a#1 carved_in_stone#a#1 there#n#1 I#n#1 on#r#3 own#a#1 Minute#n#1 a#n#1 sound#n#6

@ carve in stone
$ figuratively
Ms#n#2 Barker#n#2 on#a#1 other#a#1 hand#n#1 play#v#1 fire#n#2 early#a#1 report#n#1 not#r#1 yet#r#2 finish#v#3 be#v#1 will#v#3 present#v#7 a#n#1 menu#n#1 policy#n#2 rather#r#1 set#v#1 down#a#1 carved_in_stone#a#1 brief#n#1 examine#v#1 lack#n#1 housing#n#1 supply#v#1 explain#v#1 why#n#1 it#n#1 only#a#1 weakly#r#1 a#n#1 rise#n#4 in#n#1

@ carve in stone
$ figuratively
a#n#1 post#n#4 but#r#1 profanity#n#1 or#n#1 a#n#4 rant#v#1 please#v#2 try#v#1 remember#v#2 indicate#v#2 such#a#1 on#r#3 subject#n#3 line#n#11 Again#r#1 not#r#1 carved_in_stone#a#1 group#n#2 dynamic#a#1 friendly#a#1 generally#r#2 little#a#1 issue#n#7 any#a#1 or#n#1 Rant#v#1

@ carve in stone
$ figuratively
Previously#r#1 sole#n#1 domain#n#2 Irish#a#1 Welsh#a#1 it#n#1 contain#v#3 a#n#4 royal_line#n#1 Anglian#n#1 Welsh#a#1 Irish#a#1 quick#n#1 copy#n#2 But#r#1 new_wave#n#2 across#r#1 land#n#5 understand#v#1 message#n#2 carved_in_stone#a#1 A#n#4 number#n#2 holy#a#1 man#n#1 play#v#1 a#n#1 in#n#1 great#a#3 plan#n#1

@ carve in stone
$ figuratively
He#n#1 net#n#6 set#v#1 sept#n#1 aboard#r#4 call#v#15 at#n#1 Carve#v#2 in#n#3 stone#n#3 locate#v#2 on#r#3 caribbean#n#2 a#n#4 mathematical#a#1 system#n#1 so#n#1 successful#a#1

@ carve in stone
$ figuratively
complete#a#1 nonsense#n#1 Marriage#n#2 family#n#6 be#v#1 not#r#1 carved_in_stone#a#1 throughout#r#2 have#n#1 radical#n#1 change#v#1 at#n#1 various#a#2 in#n#1 history#n#2

@ carve in stone
$ figuratively
No.#n#1 Some#a#1 have#v#6 high#a#2 some#a#1 have#v#6 low#a#2 density#n#1 carved_in_stone#a#1 every#a#1 single#a#3 site#n#1 in#n#3 top#n#2 10#n#1 have#v#6 same#a#2 saturation#n#1 But#r#1 ala#n#1

@ carve in stone
$ figuratively
So#n#1 Jack#n#2 Dash#n#4 desert#v#1 mushroom#n#3 farm#n#1 in#n#1 an#n#1 effort#n#4 discover#v#6 mysteriously#r#1 vanish#v#2 Jack#n#2 gentleman#n#1 friend#n#4 Maggot#n#1 he#n#1 must#n#3 offer#n#2 assistance#n#1 MORE#a#2 Law#n#4 Wolf#n#1 Tower#n#1 House#n#1 on#r#3 life#n#3 being#n#1 carved_in_stone#a#1 iron#n#1 make#v#6

@ carve in stone
$ literally
On#a#1 an#n#1 exterior#a#1 wall#n#1 above#n#1 main#n#2 entrance#n#3 Description#n#2 3#n#1 square#n#2 carved_in_stone#a#1 each#a#1 depict#v#2 a#n#1 scene#n#4 an#n#1 aspect#n#3 childhood#n#1 learning#n#1 Commission#n#1 Sheffield#n#1 City#n#1 Council#n#2 Education#n#1 Committee#n#1 Comment#n#1 surface#n#1 stone#n#2 blackened#a#2 in#n#3 fifty#n#1 year#n#3

@ carve in stone
$ literally
by#r#1 Blake#n#1 Last#a#2 supper#n#1 scene#n#3 hand#n#1 carved_in_stone#a#1 inscription#n#1 GLORY#n#3 GOD#n#2 MEMORY#n#4 4th#a#1 DUKE#n#1 20th#a#1 EARL#n#1 SUTHERLAND#n#1 MEMORIAL#n#3 BY#r#1 GRATEFUL#a#1

@ carve in stone
$ literally
in#n#3 he#n#1 now#r#1 in#n#3 Museum#n#1 Northumberland#n#1 database#n#1 in_time#n#1 90th#a#1 anniversary#n#1 Battle#n#1 Somme#n#1 will#n#3 ultimately#r#1 sit#v#6 on#r#3 site#n#1 allow#v#2 people#n#1 put#v#1 name#n#1 carved_in_stone#a#1 on#a#1 It#n#1 will#n#3 also#r#1 allow#v#2 discover#v#6 name#n#1 family#n#6

@ carve in stone
$ literally
Draw#v#7 see#v#4 think#v#5 finding#n#1 recording#n#2 I#n#1 believe#v#1 early#a#1 experience#n#3 carving#n#2 in#n#3 stone#n#3 way#n#6 see#v#24 way#n#6 make#v#3 sculpture#n#1 A#n#1 chisel#n#1 cut#v#1 will#n#3 at#n#1 one#a#3 same#a#2 time#n#5 make#v#3 a#n#1 mark#n#12 in#n#3 space#n#2 an#n#1 edge#n#2 a#n#1 shadow#n#3

@ carve in stone
$ literally
over#n#1 entrance#n#1 archway#n#1 mark#n#10 point#n#19 plan#n#1 cylindrical#a#1 begin#v#2 Above#n#1 entrance#n#1 arch#n#4 arm#n#1 Sir#n#2 be#v#1 carved_in_stone#a#1 There#n#1 a#n#1 postern#n#1 gate#n#1 locate#v#2 in#n#3 middle#n#1 tower#n#1 north#a#1 wall#n#8 castle#n#2

@ carve in stone
$ literally
delightful#a#1 town#n#1 beneath#r#1 a#n#1 dormant#a#1 volcano#n#2 on#a#1 northern#a#1 coast#n#1 Gran#n#1 one#a#7 most#a#2 popular#a#1 visit#n#1 neat#a#5 town#n#1 dominate#v#3 by#r#1 majestic#a#3 Church#n#2 carved_in_stone#a#1 by#r#1 local#n#2 town#n#1 also#r#1 centre#n#3 sugar#n#2 rum#n#2 production#n#7 on#r#3 island#n#1 be#v#1 welcome#n#2 at#n#1 y#n#1 Ron#n#1 witness#n#2 sugar_cane#n#2 turn#v#2 rum#n#2

@ carve in stone
$ literally
Silk#n#1 weave#v#1 a#n#1 history#n#2 in#n#3 Cambodia#n#1 dating#n#1 as#n#1 early#a#1 as#n#1 1st#a#1 century#n#1 carved_in_stone#a#1 refer#v#6 use#v#1 trade#n#2 land#n#5 use#v#1 dress#v#2 Clothe#v#1 detail#n#1 on#r#3 old#a#1 stone#n#2 be#v#1 suggestive#a#1 find#v#2 on#r#3 weave#v#1 silk#n#1

@ carve in stone
$ literally
It#n#1 while#n#1 all#a#1 stick#v#16 in#n#1 tomb#n#1 a#n#1 couple#n#4 day#n#1 amuse#v#1 by#r#2 carving#n#1 graffiti#n#1 on#r#3 wall#n#1 graffiti#n#1 now#n#1 collection#n#1 Viking#n#1 carved_in_stone#a#1 anywhere#r#1 in#n#3 world#n#1 show#n#1 little#a#1 way#n#6 people#n#1 think#v#3 or#n#1 do#v#9 graffiti#n#1

@ carve in stone
$ literally
A#n#2 timely#a#2 partnership#n#1 Channel#n#6 4#n#1 largely#r#2 project#v#9 recently#r#1 transform#v#2 a#n#1 fully#r#1 online#a#2 database#n#1 database#n#1 in_time#n#1 90th#a#1 anniversary#n#1 Battle#n#1 Somme#n#1 will#n#3 ultimately#r#1 sit#v#6 on#r#3 site#n#1 allow#v#2 people#n#1 put#v#1 name#n#1 carved_in_stone#a#1 on#r#3 UK#n#1 It#n#1 will#n#3 also#r#1 allow#v#2 discover#v#6 name#n#1 family#n#6

@ carve in stone
$ literally
Black#n#5 name#n#1 derive#v#4 Black#a#2 who#n#1 use#v#1 visit#n#1 there#n#1 A#n#6 Cardinal#n#1 Hat#n#1 carved_in_stone#a#1 over#n#1 front_door#n#1 old#a#2 vicarage#n#1 at#n#1 Black#a#2 Crest#n#5 Royal#a#1 Air#n#1 Force#v#7 Station#v#1 at#n#1 close#n#2 town#n#1

@ carve in stone
$ literally
clear_away#v#1 tons#n#1 volcanic#a#3 ash#v#1 hide#v#4 beneath#r#1 debris#n#1 find#v#2 strange#a#3 carved_in_stone#a#1 Notorious#a#1 Hope#n#2 Diamond#n#5

@ carve in stone
$ literally
I#n#1 keep#v#1 colour#n#6 same#a#2 so#n#1 hopefully#r#1 can#n#5 see#v#24 go#v#1 on#r#3 A#n#1 spiral#n#2 pattern#n#3 Ireland#n#1 carved_in_stone#a#1 can#n#5 see#v#24 it#n#1 in#n#1 National#a#2 Museum#n#1 Ireland#n#1 in#n#3 Street#n#1 Dublin#n#1

@ carve in stone
$ literally
north_side#n#1 a#n#1 wreath#n#1 above#n#1 a#n#1 plaque#n#1 reading#n#5 Courage#n#1 On#r#3 east_side#n#1 obelisk#n#1 coat#n#1 arm#n#6 carved_in_stone#a#1 above#n#1 a#n#1 plaque#n#1 reading#n#5 by#r#2 voluntary#n#2 in#n#1 memory#n#4 man#n#4 who#n#1 in#n#3 Great#a#3 War#n#1 name#n#1 be#v#1 record#v#1 on#r#3 a#n#1 tablet#n#4 in#n#3 Town#n#1 Hall#n#11 monument#n#1 after#r#1 First#a#1 World#n#4 War#n#1 but#r#1 only#r#1 one_time#r#1

@ carve in stone
$ literally
In#n#1 addition#n#1 type#n#1 make#v#3 male#n#2 village#n#2 can#n#5 require#v#1 placate#v#1 live#v#1 Goddess#n#1 contain#v#3 anthropomorphic#a#1 deity#n#1 be#v#1 usually#r#1 roughly#r#2 carved_in_stone#a#1 or#n#1 wood#n#1 sometimes#r#1 dress#v#1 in#n#3 clothing#n#1 An#n#1 unpaid#a#3 priest#n#1 have#v#13 duty#n#1 maintain#v#2 at#n#1 community#n#1 expense#n#1 propitiate#v#1 deity#n#1 ward_off#v#1 communal#a#1 bad_luck#n#3 disease#n#1

@ carve in stone
$ literally
After#r#1 lunch#n#1 return#n#11 Golden#a#3 Buddha#n#1 Mountain#n#2 Tropical#a#3 Garden#n#1 tour#n#1 One#n#1 Buddha#n#1 in#n#3 Thailand#n#1 carved_in_stone#a#1 100#a#1 high#a#2 Visit#n#1 local#n#2 temple#n#2 area#n#3 Chinese#n#2 near#a#1 Great#a#3 Wall#n#8 China#n#1

@ carve in stone
$ literally
CUSTOM#n#1 ORDER#n#6 Cant#n#3 find#v#4 statue#n#1 look#v#2 a#n#1 favourite#n#2 design#n#4 or#n#1 logo#n#1 want#n#2 carved_in_stone#a#1 Custom#n#1 Order#n#10 service#n#6 chance#n#4 be#v#1 artist#n#1 see#v#24 design#n#4 or#n#1 design#n#4 choice#n#2 commissioned#a#1 in#n#3 stone#n#3

@ carve in stone
$ literally
In#n#1 a#n#1 second#n#1 letter#n#1 Esq#n#1 Dr.#n#2 Samuel#n#1 An#n#1 attempt#n#1 illustrate#v#1 carved_in_stone#a#1 on#r#3 porch#n#1 Chalk#n#1 Church#n#1 Thomas#n#5 Mr.#n#1 on#r#3 custom#n#1 etc.#r#1 manor#n#2 Great#n#1

@ carve in stone
$ literally
Film#v#2 in#n#1 Villa#n#3 Tivoli#n#1 Italy#n#1 accompany#v#1 by#r#1 music#n#1 Vivaldi#n#1 hide#v#1 seek#v#2 in#n#1 a#n#1 baroque#a#2 labyrinth#n#2 camera#n#1 away#a#3 water#n#2 spirit#n#4 carved_in_stone#a#1 as#n#1 figure#n#3 in#n#1 costume#n#4 through#a#2 maze#n#1 Avant-Garde#n#1 Catalogue#n#1

@ carve in stone
$ literally
poem#n#1 whispered#a#1 listener#n#1 who#n#1 can#n#5 look_back#v#2 across#r#1 inspire#v#1 it#n#1 A#n#1 line#n#5 another#a#1 poem#n#1 River#n#1 carved_in_stone#a#1 by#r#1 a#n#1 local#n#2 sculptor#n#1 place#v#1 in#n#1 a#n#1 stream#n#1 effect#n#1 on#r#3 magic#n#2 find#n#2 within#r#1 at#n#1 by#r#2 Cooke#n#2

@ carve in stone
$ literally
in#n#3 sculpture#n#1 Magazine#n#1 September#n#1 gain#v#4 design#n#4 practical#a#1 a#n#1 career#n#1 in#n#3 sculpture#n#1 City#n#1 carving#n#2 in#n#3 stone#n#3 one#n#1 year#n#3 eve#n#4

@ carve in stone
$ literally
Last#a#2 supper#n#1 scene#n#3 hand#n#1 carved_in_stone#a#1 inscription#n#1 GLORY#n#3 GOD#n#2 MEMORY#n#4 4th#a#1 DUKE#n#1 20th#a#1 EARL#n#1 SUTHERLAND#n#1 MEMORIAL#n#3 BY#r#1 GRATEFUL#a#1

@ carve in stone
$ literally
History#n#2 Kandinsky#n#1 At#n#1 Tate#n#1 Modern#a#1 Tate#n#1 Modern#a#1 it#n#1 first#a#1 exhibition#n#2 work#n#6 revolutionary#n#1 abstract_artist#n#1 Kandinsky#n#1 21st#a#1 Century#n#1 War#n#1 Memorial#n#3 A#n#1 website#n#1 will#n#3 enable#v#1 put#v#1 name#n#1 carved_in_stone#a#1 on#r#3 many#a#1 War#n#1 English#n#1 Church#n#1 There#n#1 be#v#1 over#n#1 Anglican#a#1 in#n#3 England#n#1 today#n#1

@ carve in stone
$ literally
44#a#1 R#n#4 in#n#3 Competition#n#2 45#a#1 blood#n#1 carved_in_stone#a#1 National#a#2 War#n#1 Memorial#n#3 role#n#2 in#n#3 define#v#2 a#n#1 nation#n#1 unpublished#a#1 MA#n#4 dissertation#n#1 University#n#2 I#n#1 be#v#1 indebted#a#1 curator#n#1 war#n#1 art#n#1 at#n#1 Canadian#n#2 War#n#1 Museum#n#1 Ottawa#n#2 some#a#1 develop#v#15 in#n#3 section#n#1

@ carve in stone
$ literally
spiritual#a#4 development#n#3 psyche#n#1 great#a#3 achievement#n#1 evolution#n#2 life#n#5 death#n#4 cycle#n#6 mammalian#n#1 history#n#2 develop#v#4 life#n#4 rebirth#n#4 ethic#n#1 modern#a#1 Goddess#n#1 Horn#n#2 Carve#v#2 in#n#3 stone#n#3 stone#n#3 around#r#3 BC#r#1 Artist#n#1 reconstruction#n#2 HUMOUR#n#4 birth#n#3 humour#n#4 mark#n#1 another#a#1 curious#a#1 stage#n#3 in#n#3 development#n#3 intelligence#n#1

@ carve in stone
$ literally
work#v#1 by#r#1 a#n#1 childhood#n#1 in#n#3 East#n#3 Africa#n#1 extensive#a#3 travel#n#2 through#a#2 great#a#3 stone#n#3 carving#n#2 Egypt#n#1 Inca#n#2 India#n#1 Anthony#n#1 in#n#1 pencil#n#1 ink#n#1 in#n#3 stone#n#3 in#n#3 bronze#n#1 other#a#1 Bristol#n#1 blue#n#6 glass#n#1 work#n#6 vast#a#1 stone#n#3 seat#n#4 through#a#2 gatepost#n#1 tiny#a#1 nestle#n#1 in#n#1 palm#n#1 hand#n#1

@ carve in stone
$ literally
book#n#1 34#a#1 wonderful#a#1 full#v#2 colour#v#5 by#r#1 author#n#1 present#v#7 Creation#n#6 Solomon#n#1 be#v#1 accompany#v#1 by#r#1 an#n#1 interpretation#n#1 carved_in_stone#a#1 by#r#2 15th#a#1 century#n#1

@ carve in stone
$ literally
situate#v#1 in#n#1 High#a#4 Town#n#1 A#n#4 figure#n#3 Prince#n#1 carved_in_stone#a#1 on#a#1 south_side#n#1 building#n#1 It#n#1 very#r#1 grand#a#4 but#r#1 not#r#1 stand#v#2 test#v#4 time#n#5 seventeen#n#1 year#n#3 late#a#1 Hall#n#1 fall#v#2 down#a#1

@ carve in stone
$ literally
It#n#1 give#v#3 commemorate#v#3 centenary#n#1 death#n#1 in#n#3 Sir#n#2 John#n#3 Poet#n#1 Laureate#n#1 write#v#7 All#a#1 it#n#1 a#n#4 stately#a#2 piece#n#4 Victorian#a#1 though#r#1 original#a#3 Georgian#a#4 construction#n#4 a#n#4 solid#a#2 Norman#a#1 revival#n#1 tower#n#1 rest#v#6 be#v#1 sumptuously#r#1 rich#a#8 carving#n#1 in#n#3 stone#n#3 wood#n#1 Tractarian#n#1 chancel#n#1 a#n#1 carve#v#1 gild#v#1 reredos#n#1 through#a#2 a#n#4 forest#n#2

@ carve in stone
$ literally
Also#r#1 in#n#3 London#n#1 there#n#1 prison#n#1 once#r#3 a#n#1 convent#n#1 dedicated#a#2 Bride#n#2 who#n#1 head#n#1 carved_in_stone#a#1 hold#v#1 in#n#1 high#a#2 esteem#n#1 come#v#1 conceal#v#1 in#n#1 a#n#1 dolmen#n#1 safety#n#4 Late#a#3 it#n#1 recover#v#1 in#n#3 church#n#1 Bride#n#2

@ carve in stone
$ literally
family#n#1 now#r#1 a#n#1 servant#n#1 he#n#1 an#n#1 Alderman#n#1 new#a#1 Town#n#1 Hall#n#1 open#v#5 head#n#1 carved_in_stone#a#1 in#n#3 Council#n#2 Chamber#n#4 corridor#n#1 right#n#1 He#n#1 Chairman#n#1 Oxford#n#1 Board#n#3 24#n#1 year#n#3 death#n#1 at#n#1 68#a#1 High#a#4 Street#n#1 at#n#1 age#n#1 70#n#1 bury#v#5 at#n#1 Church#n#1 on#r#3 2#n#1 June#n#1

@ carve in stone
$ literally
In#n#3 name#n#1 undertaking#n#1 change#v#1 yet#r#2 again#r#1 City#n#1 Transport#n#1 twin#n#3 brevity#n#1 reversion#n#1 old#a#2 already#r#1 carved_in_stone#a#1 on#r#3 depot#n#1 building#n#1 directory#n#2 record#v#1 block#n#1 apart#r#4 Road#n#1 almost#r#1 entirely#r#1 occupy#v#3 by#r#2 bus#n#1 Carter#n#2 Gate#n#1 Motor#n#1

@ carve in stone
$ literally
2#n#1 Goody#n#1 23#n#1 50#n#1 first#a#2 500#a#1 year#n#3 writing#n#2 be#v#1 purely#r#1 economic#a#2 or#n#1 administrative#a#1 never#r#1 religious#n#1 or#n#1 other#a#1 sort#n#1 early#a#1 written_record#n#1 following#n#2 very#a#2 early#a#1 period#n#1 find#v#4 in#n#1 carved_in_stone#a#1 commemorate#v#3 historical#a#3 example#n#1 celebrate#v#1 a#n#1 victory#n#1 in#n#3 war#n#1 also#r#1 contain#v#3 many#a#1 number#n#1 X#n#1 many#a#1 have#v#6 or#n#1 town#n#1 Y#n#1 people#n#1

@ carve in stone
$ literally
Further#v#2 information#n#1 on#r#3 Heart#n#2 Albion#n#1 Web#n#3 site#n#1 Green#n#6 Man#n#1 on#r#3 a#n#1 theme#n#3 Ruth#n#4 Wylie#n#1 Green#n#7 Man#n#4 a#n#6 name#n#1 by#r#1 Lady#n#3 Raglan#n#1 in#n#1 a#n#1 mediaeval#a#2 image#n#3 usually#r#1 find#v#2 in#n#1 Carve#v#2 in#n#3 stone#n#3 or#n#1 wood#n#1 depict#v#1 on#r#3 stained_glass#n#1 illuminate#v#1 he#n#1 can#n#5 be#v#1 recognise#v#4 a#n#4 a#n#4 face#n#1 often#r#1 grotesque#n#1 foliage#n#1 sprouting#n#1 mouth#n#2 nose#n#1 eye#n#1 or#n#1 Alternatively#r#1 he#n#1 may#n#1 be#v#1 a#n#4 face#n#1 compose#v#3 entirely#r#1

@ carve in stone
$ literally
It#n#1 a#n#1 pagan#n#1 belief#n#1 Evidence#n#3 Egyptian#n#1 chauvinistic#a#1 trait#n#1 can#n#5 be#v#1 find#v#4 carved_in_stone#a#1 13#n#1 before#r#2 birth#n#3 Christ#n#1 On#r#3 bank#n#2 Nile#n#1 River#n#1 at#n#1 Temple#n#1 Ramesses#n#1 4th#a#1 king#n#9 19th#a#1 dynasty#n#1 who#n#1 rule#v#1 Egypt#n#1 BC#r#1

@ carve in stone
$ literally
point#n#10 interesting#a#1 relationship#n#1 between#r#1 technology#n#2 writing#n#2 Carving#n#1 in#n#3 stone#n#3 hardly#r#1 suitable#a#1 casual#a#2 it#n#1 reserved#a#1 only#a#1 permanent#a#1 a#n#1 socially#r#2 important#a#3 nature#n#4 In#n#3 early#a#1 text#n#1 technology#n#2 by_hand#r#1 a#n#1 in_case#r#1 medieval#a#3 a#n#1 book#n#1 might#n#1 be#v#1 a#n#4 a#n#4 unique#a#2 record#v#1

@ carve in stone
$ literally
I#n#1 have#v#2 now#r#1 a#n#1 pair#n#2 replacement#n#1 be#v#1 carved_in_stone#a#1 paint#v#1 gilded#a#4 I#n#1 have#v#6 use#v#2 lettering#n#1 style#n#2 colour#n#3 other#a#1 existing#a#2 17th#a#1 century#n#1

@ carve in stone
$ literally
More#a#1 100#a#1 stone#n#3 remain#v#1 there#n#1 now#r#4 but#r#1 many#a#1 other#a#1 it#n#1 a#n#4 flourish#v#3 city#n#1 like#a#1 house#n#1 have#v#2 long#a#1 as#n#1 make#v#3 wood#n#1 All#a#1 Khmer#n#2 art#n#1 carve#v#1 in#n#3 stone#n#3 be#v#1 exact#a#1 stone#n#3 find#v#4 at#n#1 see#n#1 a#n#4 design#n#4 but#r#1 like#a#1 it#n#1 in#n#3 another#a#1 size#n#2 or#n#1 stone#n#3 type#n#6 please#v#2 contact#n#7 us#n#1

@ carve in stone
$ literally
Instead#r#1 recognisable#a#1 imagery#n#1 sculpture#n#1 nothing#n#1 outside#a#4 He#n#1 abandon#v#5 conventional#a#1 such#a#1 as#n#1 carving#n#1 in#n#3 stone#n#3 or#n#1 wood#n#1 or#n#1 modelling#n#2 in#n#3 clay#n#1 then#r#2 casting#n#3 in#n#1 plaster#n#1 or#n#1 bronze#n#1 In#n#3 place#n#9 he#n#1 use#v#1 scrap#n#4 steel#n#1 sheet_metal#n#1 he#n#1 together#r#3 then#r#2 paint#v#1 in#n#1 bright#a#1 colour#n#6

@ carve in stone
$ literally
Oh#n#1 word#n#10 carved_in_stone#a#1 say#v#6 on#r#3 front#n#10 an#n#1 important#a#1 building#n#1 be#v#1 a#n#4 constant#n#2 reminder#n#2 original#a#3 Right#n#1

@ carve in stone
$ literally
It#n#1 a#n#4 reminder#n#2 war#n#1 not#r#1 discriminate#v#2 In#n#3 thought#n#1 capture#v#4 reality#n#3 in#n#1 last#n#6 two#n#1 World#n#1 name#n#1 carved_in_stone#a#1 on#a#1 village#n#2 town#n#1 equally#r#2 family#n#3 not#r#1 just#a#3 sepia#n#1 New#a#1 at#n#1 be#v#1 well#n#1 there#n#1

@ carve in stone
$ literally
Most#a#2 recently#r#1 a#n#1 centre#n#3 open#v#1 at#n#1 lock#n#1 local#n#2 information#n#1 Overlooking#a#1 all#a#1 activity#n#5 take#v#17 place#v#1 in#n#3 lock#n#1 recumbent#a#1 figure#n#10 Old#a#1 Father#n#1 Thames#n#1 carved_in_stone#a#1 look#v#1 suspiciously#r#1 like#a#1 Neptune#n#2 statue#n#1 originally#r#1 place#v#1 in#n#1 a#n#1 field#n#17 at#n#1 Thames#n#1 Head#n#16 on#a#1 right_hand#n#1 side#n#11 Road#n#1 but#r#1 isolate#v#1 position#v#2 make#v#3 attention#n#2 by#r#2 too#r#1 easy#a#1 so#r#9 it#n#1 move#v#1 John#n#1 Lock#n#1 protection#n#2

@ carve in stone
$ literally
In#n#3 workhouse#n#2 extend#v#3 Maidenhead#n#1 Union#n#5 word#n#1 Maidenhead#n#1 Union#n#5 be#v#1 carved_in_stone#a#1 over#n#1 Board#n#3 Room#n#1 building#n#1 at#n#1 time#n#5 A#n#1 few#a#1 year#n#3 ago#a#1 once_more#r#1 cover#v#3 over#n#1 war#n#1 provide#v#1 a#n#4 clue#n#2 town#n#1 name#n#1 invade#v#1

@ carve in stone
$ literally
Chios#n#1 Michael#n#1 2#n#1 author#n#1 grandfather#n#1 last#a#2 Chios#n#1 in#n#3 magnificent#a#1 portrait#n#2 carved_in_stone#a#1 on#r#3 tomb#n#1 at#n#1 Greek#a#1 Orthodox#a#3 cemetery#n#1 in#n#3 he#n#1 in#n#3 exile#n#3 Few#a#1 man#n#1 can#n#5 have#v#2 faced#a#1 a#n#1 dilemma#n#1 as#n#1 appal#v#2 a#n#1 in#n#1

@ carve in stone
$ literally
Tradition#n#2 Sir#n#1 be#v#1 by#r#1 a#n#1 wild#n#2 cat#n#7 in#n#3 both#a#1 man#n#1 beast#n#1 being#n#2 in#n#3 church#n#2 porch#n#1 Church#n#2 A#n#4 wild#n#2 cat#n#7 on#r#3 family#n#6 shield#n#3 carved_in_stone#a#1 on#r#3 church_tower#n#1 lower#v#1 part#v#5 tower#n#1 north#a#1 arcade#n#2 be#v#1 part#n#2 church#n#2 12th#a#1 century#n#1

@ carve in stone
$ literally
Richardson#n#1 small#a#1 box#n#1 build#v#1 by#r#1 a#n#1 private#a#1 retreat#n#2 a#n#1 fishing#n#1 retirement#n#2 friend#n#3 always#r#1 it#n#1 Trout#n#2 Hall#n#11 he#n#1 Jones#n#5 it#n#1 he#n#1 figure#n#3 a#n#4 large#a#1 trout#n#2 carved_in_stone#a#1 place#v#1 over#n#1 door#n#1 Trout#n#2 plaque#n#1 can#n#5 still#n#3 be#v#1 today#n#1 garden#n#1

@ carve in stone
$ literally
Robert#n#1 Adam#n#2 architect#n#1 Register#n#4 House#n#1 Charlotte#n#1 Square#n#8 Several#a#1 distinguish#v#1 have#v#2 last#a#2 carved_in_stone#a#1 monument#n#1 Sir#n#1 Walter#n#1 Scott#n#3 statue#n#1 Adam#n#1 Black#n#5 Lord#n#3 Provost#n#1 MP#n#1 Edinburgh#n#1 in#n#3 Street#n#1 column#n#7 Henry#n#1 First#a#1 Lord#n#3 Melville#n#1 Andrew#n#1 Square#n#8 monument#n#1 on#r#3 Hill#n#1 in#n#3 honour#n#2 philosopher#n#1 Stewart#n#2

@ carve in stone
$ literally
In#n#3 south#n#1 wall#n#1 sanctuary#n#3 row#n#4 seat#v#1 sit#v#9 cover#v#3 by#r#1 a#n#1 canopy#n#3 also#r#1 decorated#a#1 foliage#n#1 Here#n#2 too#r#1 carved_in_stone#a#1 be#v#1 bier#n#2 while#n#1 behind#n#1 seat#n#2 be#v#1 unusual#a#2 round#a#1 window#n#1 dating#n#1 early#a#1 13th#a#1 century#n#1 some#a#1 glass_in#v#1 abbey#n#1 Fascinate#v#2 detail#n#1 be#v#1 find#v#4 throughout#r#2 building#n#1 inscribe#v#2 mediaeval#a#2

@ carve in stone
$ literally
Bartlett#n#2 celebration#n#2 at#n#1 space#n#2 in#n#3 sprawl#n#1 ship#n#1 cargo_ship#n#1 in#n#3 belize#n#1 cancun#n#1 carved_in_stone#a#1 chase#n#2 la#n#2 late#a#5 february#n#1 on#r#3 young#a#1 include#v#3 playing#n#3 several#a#1 time#n#3

@ carve in stone
$ literally
So#n#1 sign#n#5 life#n#12 reverse#v#1 tilted#a#1 call#v#5 Swastika#n#1 rising#n#1 sun#n#1 in#n#3 east#n#3 rising#n#1 sun#n#1 Japan#n#2 two#n#1 be#v#1 carved_in_stone#a#1 in#n#3 Arizona#n#1 saw#n#2 two#n#1 earth#n#3 be#v#1 shake#v#1 again#r#1

@ carve in stone
$ literally
extreme#n#2 right#n#1 see#v#5 part#n#2 a#n#1 gateway#n#1 lead#v#6 Royal#a#1 Mail#n#1 yard#n#8 now#r#1 old#a#1 station#n#4 site#n#2 a#n#1 closeup#n#1 doorway#n#1 station#n#1 building#n#1 show#v#4 London#n#1 Birmingham#n#2 Railway#n#2 coat#n#1 arm#n#6 carved_in_stone#a#1 above#r#2 doorway#n#1 plaque#n#1 Street#n#1 Station#n#1 plaque#n#1 150#a#1 th#n#2 anniversary#n#1 arrival#n#2 first#a#1 London#n#1 Birmingham#n#2 train#n#3 at#n#1 station#n#1 on#r#3 Monday#n#1 17#n#1 th#n#2 September#n#1

@ drop off the radar
$ figuratively
I#n#1 still#n#3 feel_like#v#1 I#n#1 can#n#5 get#v#2 fast#a#1 American#n#1 have#v#2 off#v#1 radar#n#1 a#n#1 far#a#1 as#n#1 World#n#1 be#v#1 concerned#a#1 but#r#1 quick#n#1 keep#v#1 come#v#2 more#a#2 emphasis#n#4 being#n#2 put_on#v#7 in#n#3 US#n#1 now#r#1 I#n#1 think#v#3 US#n#1 fall#v#2 game#n#3

@ drop off the radar
$ figuratively
Here#n#2 flood#n#1 Sorry#a#4 about#r#4 I#n#1 kind#a#1 off#v#1 radar#n#1 a#n#1 while#n#1 I#n#1 under#a#1 lesson#n#4 planning#n#3 emergency#n#1 reading#n#5 Elizabethan#a#1 history#n#2

@ drop off the radar
$ figuratively
Make-up#n#2 news#n#2 computer#n#1 John#n#5 Please#v#2 excuse#n#1 me#n#1 I#n#1 off#v#1 radar#n#1 a_few#a#1 reason#n#1

@ drop off the radar
$ figuratively
last#v#1 time#n#5 actually#r#2 sit#v#6 down#a#1 right#n#1 through#a#2 Blue#a#2 or#n#1 Protection#n#2 Yet#r#2 soul#n#2 mate#n#4 like#a#1 Smith#n#6 Mighty#a#1 have#v#1 conversely#r#1 off#v#1 radar#n#1 a#n#1 desperate#a#1 waste#n#1

@ drop off the radar
$ figuratively
Passenger#n#1 Publish#v#1 16#n#1 June#n#1 Michelangelo#n#1 Passenger#n#1 a#n#1 genuine#a#3 movie#n#1 event#n#4 First#a#1 in#n#3 it#n#1 off#v#1 radar#n#1 after#r#2 star#n#1 Jack#n#2 then#r#2 contractual#a#1 keep#v#3 it#n#1 out#v#1 circulation#n#2 Recently#r#1 he#n#1 sell#v#1 it#n#1 Classics#n#1 though#NR reprint#n#1 not#r#1 include#v#4 miss#v#1 minute#n#1 original#a#3 version#n#3

@ drop off the radar
$ figuratively
Perhaps#r#1 Lewis#n#4 get#v#1 friendly#a#1 then#r#2 it#n#1 bring#v#1 both#a#1 story#n#2 a_bit#r#1 more#a#2 Jack#n#3 have#n#1 off#v#1 radar#n#1 again#r#1 seem#v#1 have#v#2 off#v#1 planet#n#1 Even#a#3 have#v#6

@ drop off the radar
$ figuratively
Check#n#1 out#n#1 rank#v#2 at#n#1 next#a#2 database#n#1 update#v#2 Sure#a#3 enough#n#1 site#n#3 off#v#1 radar#n#1 party#n#1 over#n#1

@ drop off the radar
$ figuratively
I#n#1 ca#n#2 help#n#2 it#n#1 I#n#1 bear#v#10 way#n#6 on#r#3 top#n#11 despite#n#1 not#r#1 give#v#3 a#n#1 life#n#12 football#n#1 suddenly#r#2 take_over#v#1 all#a#1 proceedings#n#1 further#v#2 limit#v#1 spreading#n#1 warmth#n#3 wisdom#n#5 chilly#n#1 post#v#4 by#r#1 Nick#n#1 Parker#n#1 0#a#1 14#a#1 June#n#1 Here#n#2 flood#n#1 Sorry#a#4 about#r#4 I#n#1 kind#a#1 off#v#1 radar#n#1 a#n#1 while#n#1 I#n#1 under#a#1 lesson#n#4 planning#n#3 emergency#n#1 reading#n#5 Elizabethan#a#1 history#n#2

@ drop off the radar
$ figuratively
Part#n#8 due#n#1 me#n#1 write#v#7 a#n#1 bunch#n#1 other#a#1 there#n#1 a#n#5 deadline#n#1 at#n#1 end#n#2 month#n#2 just#a#3 keep#v#1 get#v#2 Thanks#n#1 email#n#1 glad#a#1 know#v#1 people#n#1 begin#v#1 worry#v#3 I#n#1 have#v#2 CRUSHED#a#2 under#a#1 a#n#1 pile#n#1 I#n#1 drop_off#v#3 radar#n#1 like#a#1 pace#n#6 on#r#3 up#a#1 somewhat#r#2 last#v#1 week#n#1 so#n#1 always#r#4 have#v#1 keep#v#7 an#n#1 eye#n#1 on#r#3 me#n#1 there#n#1

@ drop off the radar
$ figuratively
Before#r#2 long#a#1 will#n#3 begin#v#1 see#v#5 A#n#1 heavily#r#2 begin#v#1 pant#n#2 drop_off#v#3 radar#n#1 due#n#1 algorithm#n#1 be#v#1 just#a#3 warming#n#1 up#a#1 show#v#12 run#v#37 after#r#1 search_engine#n#1 totally#r#1 off#v#1 course#n#1 instead#r#1 content#n#2 be#v#1 forever#r#2 few#a#1 have#v#1

@ have kitten
$ figuratively
Minx#n#1 North#n#1 Lake#n#1 Mad#a#2 Bitch#n#4 Nile#n#1 Madame#n#1 Chairman#n#1 too#r#1 angry#a#1 hold_forth#v#1 on#r#3 issue#n#7 issue#n#7 but#r#1 a#n#1 spokesperson#n#1 Dragon#n#1 Throne#n#2 high#a#4 judgement#n#6 seat#n#4 hear#v#2 suggest#v#1 reaction#n#3 arrival#n#2 another#a#1 child#n#2 in#n#3 household#n#1 not#r#1 be#v#1 one#n#1 unmitigated#a#1 joy#v#1 will#n#3 have#n#1 reporter#n#1

@ have kitten
$ figuratively
it#n#1 childbirth#n#1 some#a#1 be#v#1 David#n#3 no#n#2 man#n#1 miss#n#1 magic#n#2 childbirth#n#1 Fine#a#5 Lucy#n#1 just_as#r#1 long#a#1 do#v#9 get_in#v#1 way#n#6 or#n#1 bring#v#1 Thursday#n#1 June#n#1 22#n#1 Guardian#n#1

@ have kitten
$ figuratively
I#n#1 sympathise#v#1 ginger#n#1 why#n#1 I#n#1 post#v#4 here#n#2 all#a#1 own#a#1 personal#a#1 thread#n#1 have#v#2 Speak#v#1 a#n#4 a#n#4 moderator#n#1 answer#v#6 be#v#1 yes#n#1 no#a#1 a#n#1 place#v#1 get#v#1 therapy#n#1 but#r#1 there#n#1 I#n#1 find#v#2 it#n#1 hard#a#1 have#v#13 a#n#4 faith#n#1 a#n#4 question#n#3 I#n#1 have#v#6 x#n#2 then#a#1 as#n#1 long#a#2 a#n#1 stick#n#1 x#n#2 then#r#1 it#n#1 work#n#6

@ have kitten
$ figuratively
off#a#1 new#a#1 by#r#1 climb#v#6 up_on#a#1 roof#n#1 a#n#1 shed#n#1 Mum#a#1 nearly#r#1 while#n#1 Dad#n#1 a#n#1 ladder#n#1 I#n#1 down#a#1 other#a#1 side#n#11 on#r#3

@ have kitten
$ figuratively
dangerous#a#1 on#r#3 break#v#15 particularly#r#3 substitute#n#1 Williams#n#5 on#r#3 just#a#3 badly#r#2 decision#n#1 play#n#15 start#n#5 endeavour#n#2 worthwhile#a#1 as#n#1 final#n#1 whistle#n#4 much#a#1 relief#n#5 Mrs#n#1 who#n#1 Orient#n#2 near#a#1 box#n#1 A#n#1 victory#n#1 no_more#r#2 deserve#v#1

@ have kitten
$ figuratively
Well#n#5 initial#n#1 impression#n#4 I#n#1 just_about#r#1 time#n#5 fire#n#2 a#n#1 volley#n#1 before#r#2 editor#n#1 courtesy#n#3 Air#n#1

@ have kitten
$ figuratively
Mr#n#1 M#n#4 Thanks#n#2 help#n#1 in#n#1 get#v#1 us#n#1 back#n#5 on#r#3 track#n#9 morning#n#1 I#n#1 as#n#1 lately#r#1 I#n#1 just#a#1 off#a#1 sort#n#1 it#n#1 all#a#1 out#a#8 now#r#1

@ have kitten
$ figuratively
But#r#1 then#r#3 just#a#1 a_few#a#1 minute#n#1 late#a#1 it#n#1 Thank#v#1 God#n#2 I#n#1 beginning#n#5 have#v#13

@ have kitten
$ figuratively
Do#v#9 have#v#2 expect#v#6 twin#n#3 Publish#v#1 20#n#1 June#n#1 multiple#n#1 on#r#3 rise#n#4 in#n#3 Britain#n#1 Jasmine#n#1 expectant#a#2 can#n#5 soothe#v#1 financial#a#1 take#v#10 a#n#1 holiday#n#2 insurance#n#1 Publish#v#1 19#n#1 June#n#1 As#n#2 Britain#n#1 up#a#1 annual#n#2 holiday#n#2 rush#v#6 new#a#1 research#n#1 people#n#1 skip#n#2 take#v#10 out#n#1 travel#v#1 insurance#n#1 many#a#1 who#n#1 do#v#9 be#v#1 pay#v#7 over#n#1 odds#n#2 peace#n#1 mind#n#1 No#n#2 travel#v#1 cover#v#1

@ have kitten
$ figuratively
Good#a#1 week#n#1 over#n#1 all#a#1 still#n#3 take#v#17 Labour#n#2 out#n#1 over#n#1 last#a#2 eight#n#1 now#n#1 looking_at#n#1 an#n#1 election#n#2 will#n#3 see#n#1 Peter#n#1 Snow#n#1 good#a#1 guess#v#2 Labour#n#2 will#n#3 fall_short#v#1 an#n#1 overall#a#1 majority#n#1 by#r#1 one#n#1 seat#n#4

@ have kitten
$ figuratively
lovely#a#1 bone#n#1 really#r#1 up#a#1 doc#n#1 it#n#1 childbirth#n#1 some#a#1 be#v#1 right#n#1 stuff#n#1 Sleep#n#1 tight#a#7 fitness#n#3 Who#n#1 be#v#1 call#v#5 angry#a#1

@ have kitten
$ figuratively
I#n#1 just#a#1 come_out#v#3 really#r#1 casual#a#2 meeting#n#4 It#n#1 at#n#1 juxtaposition#n#1 so-called#a#1 soft#a#9 girl#n#1 agitated#a#1 organise#v#5 educate#v#1 boy#n#1 young#a#1 more#a#2 wound#v#1 follower#n#1 will#n#3 have#v#1 hear#v#2 have#v#16 very#a#2 obsessive#n#1 I#n#1 sure#a#1 some#a#1 be#v#1 ready#v#2 hate_mail#n#1 Kylie#n#1

@ have kitten
$ figuratively
not#r#1 so#r#1 well#n#5 attend#v#4 now#r#1 National#a#2 Chairman#n#1 around#r#3 closing#n#2 date#n#6 Conference#n#1 Ballot#n#1 papers#n#1 collect#v#1 election#n#1 National#a#2 Chairman#n#1 Facility#n#1 National#a#2 Debate#n#1 continue#v#9 Terry#n#2 Drake#n#1 on#a#1 behalf#n#2 Mid#a#1 West#n#1 Area#n#1 guidance#n#3 discussion#n#2 on#a#2 18#n#1 Plus#n#2

@ have kitten
$ figuratively
However#r#1 just#a#3 a#n#1 lead#v#5 get#v#10 edgy#a#1 cause#v#2 by#r#2 some#a#1 poor#n#1 by#r#1 man#n#4 in#n#3 black#a#2 or#n#1 assistant#n#1 Martin#n#1 enraged#a#1 home#n#2 support#n#10 while#n#1 Billy#n#1 Brown#n#4 in#n#3 two#n#1 on#a#1 same#a#2 wavelength#n#1 both#a#1 poor#n#1

@ have kitten
$ literally
lady#n#3 house#n#1 who#n#1 friendly#a#1 all_along#r#1 visibly#r#2 embarrass#v#2 smile#v#1 faintly#r#1 want#v#1 have#v#2 in#n#3 garden#n#1 again#r#1 only#a#2 not#r#1 so#r#9 many#a#1

@ have kitten
$ literally
main#n#1 kitten#v#1 season#n#2 now#n#1 over#n#1 be#v#1 sensible#a#1 do#v#9 have#v#2 over#n#1 winter#n#1 food#n#1 be#v#1 scarce#a#1 It#n#1 unlikely#a#2 will#n#3 have#v#1 any#a#1 more#a#2 pregnant#a#3 queens#n#1 in#n#3 year#n#3 but#r#1 I#n#1 always#r#1 be#v#1 prove#v#1 wrong#a#1

@ have kitten
$ literally
So#r#4 through#a#1 website#n#1 enjoy#v#2 watching#n#1 progress#n#2 late#a#5 be#v#1 very#a#2 sensible#a#1 tend#v#2 not#r#1 have#v#6 winter#n#1 food#n#1 be#v#1 scarce#a#1 in#n#1 wild#n#2 Please#v#2 be#v#1 careful#a#1 buy#v#1 a#n#1 pet_shop#n#1 or#n#2 breeder#n#1 will#v#3 pay#v#1 a#n#1 premium#n#2 price#n#2 have#v#1 not#r#1 by#r#1 a#n#1 vet#n#2 not#r#1 regularly#r#1 treated#a#1 not#r#1 vaccinate#v#1

@ have kitten
$ literally
Permanent#n#1 by_choice#r#1 a#n#1 decision#n#1 warmly#r#2 supported#a#2 by#r#2 Blair#n#1 Sam#n#1 family#n#3 domestic#n#1 menagerie#n#1 frequently#r#1 home#n#2 hi-tech#a#1 devolution#n#1 decent#a#3 quality#n#1 politics#n#2 financial#a#1 sleaze#n#1 drug#n#1 prohibition#n#2 other#a#1 writing#n#2 a#n#1 book#n#1 on#r#3 Art#n#1 Coarse#a#1 Rating#n#1

@ have kitten
$ literally
Strange#a#3 Thing#n#12 Do#v#2 Boxing#n#1 rabbit#n#1 front#n#10 try#n#1 get#v#1 near#a#1 it#n#1 it#n#1 tell#v#2 keep_away#v#1 behaviour#n#1 either#r#1 a#n#1 female#n#2 rabbit#n#1 have#v#6 or#n#1 a#n#4 male#n#2 think#v#3 a#n#1 threat#n#3 see#v#24 rabbit#n#1 rubbing#n#1 chin#n#1 on#r#3 thing#n#12 it#n#1 simply#r#1 marking#n#1 out#n#1 territory#n#1

@ have kitten
$ literally
it#n#1 some#a#1 sort#n#1 state#n#2 set_apart#v#1 rest#v#6 world#n#1 as#n#1 resolute#a#1 bar#n#6 entry#n#6 young#a#1 as#n#2 North#n#1 Korea#n#1 burger#n#2 hungry#a#1 Oh#n#1 do#v#9 have#v#2 Well#n#1 do#v#9 not#r#1 do#v#9

@ have kitten
$ literally
winner#n#3 rid#v#1 all#a#1 cards#n#1 first#a#1 Example#n#1 on#r#3 cards#n#1 type#n#6 animal#n#1 opposite#n#1 verb#n#1

@ have kitten
$ literally
a_bit#r#1 a#n#1 hard#a#1 life#n#9 already#r#1 at#n#1 only#a#1 twelve#a#1 immediately#r#2 fell#v#1 pregnant#a#1 birth#n#3 eight#n#2 above#n#1 will#n#3 be#v#1 neuter#v#1 prior#n#1

@ have kitten
$ literally
Residential#a#2 premise#n#1 be#v#1 sometimes#r#1 so#r#4 heavily#r#2 will#v#3 leave#v#10 seek#v#2 relief#n#9 will#n#3 carry#v#1 infestation#n#1 an#n#1 home#n#2 an#n#1 stray#n#1 cat#n#7 under#r#4 or#n#1 near#a#1 an#n#1 home#n#2 appearance#n#1 within#r#1 house#n#1 very#a#2 likely#a#1 follow#v#9 often#r#2 also#r#1 become#v#1 established#a#1 in#n#1 heavily#r#6 in#n#1 warmer#n#1 country#n#5

@ have kitten
$ literally
beginning#n#2 life#n#5 be#v#1 quite#r#3 straightforward#a#1 a#n#1 long#a#2 a#n#1 story#n#3 stop#n#9 before#r#2 it#n#1 awkward#a#5 part#n#8 Amoeba#n#1 divide#n#2 pollinate#v#1 mate#n#4 lay#v#1 egg#n#3 cat#n#7 up#a#1 human#n#1 chapter#n#4 slightly#r#2 more#a#1 complicate#v#2 it#n#1 beyond#r#1 technical#n#2 bit#n#6 bit#n#6

@ have kitten
$ literally
Soon#r#1 after#r#1 arrival#n#2 in#n#3 wood#n#1 some#a#4 one#a#4 a#n#4 cat#n#7 puppy#n#1 father#n#4 cat#n#7 soon#r#1 it#n#1 interesting#a#1 watch#n#1 feeding#n#1 protect#v#1 train#v#6 After#r#1 able#a#1 leave#n#1 nest#n#1 play_out#v#2 hunting#n#1 in#n#1 many#a#1 mostly#r#1 ground#n#1 in#n#3 Wisconsin#n#2

@ have kitten
$ literally
make#v#3 thing#n#12 particularly#r#1 difficult#a#1 at#n#1 moment#n#6 number#n#2 wild#n#2 appear#v#1 on#r#3 Birmingham#n#1 say#v#6 People#n#1 be#v#1 not#r#1 have#v#15 neuter#v#1 dumping#n#1 after#r#1 about#r#1 six#n#2 get#v#2 pregnant#a#3 have#v#2 be#v#1 not#r#1 handle#v#1 first#a#1 few#a#1 often#r#2 ca#n#1 at_all#r#1 not#r#1 use#v#1 human#n#1 contact#n#7

@ have kitten
$ literally
daughter#n#1 International#n#1 lineage#n#5 match#n#7 a#n#1 wonderfully#r#1 affectionate#a#1 temperament#n#1 Website#n#1 Maine#n#1 Cooper#n#1 are#n#1 a#n#1 small#a#1 sometimes#r#1 available#a#1 All#a#1 live_in#v#1 home#n#2 as#n#1 part#n#2 family#n#6 a#n#4 cage_in#v#1 sight#n#7

@ have kitten
$ literally
A#n#4 t#n#1 strive#v#2 maintain#v#1 wonderful#a#1 type#n#6 temperament#n#1 first#a#1 by#r#2 Baker#n#2 in#n#3 USA#n#1 At#n#1 moment#n#6 only#a#1 breed#n#1 in#n#1 original#a#3 colour#n#1 blue#n#5 seal_in#v#1 bicolour#a#1 but#r#1 hope#n#4 have#v#13 new#a#1 next#a#2 year#n#3 T#n#4 he#n#2 a#n#6 large#a#1 cat#n#7

@ have kitten
$ literally
Rock#n#2 first#a#1 Forest#n#2 Cat#n#7 a#n#4 a#n#4 result#n#1 be#v#1 now#r#1 active#n#2 in#n#3 welfare#n#3 breeding#n#4 show#v#7 promotion#n#1 natural#a#1 cat#n#7 have#v#2 live#v#1 in#n#3 Australia#n#1 France#n#1 Greece#n#1 Holland#n#1 Japan#n#2 Korea#n#1 Sweden#n#1 United#a#1 America#n#1 Southern#a#1 Ireland#n#1 Belgium#n#1 Denmark#n#1 Norway#n#1 Italy#n#1 Germany#n#1 Austria#n#1 Canada#n#1 Visit#n#1 in#n#1 Maelstrom#n#1 Around#r#2 World#n#4

@ have kitten
$ literally
will#n#3 have#v#1 another#a#1 litter#n#3 September#n#1 By#r#1 time#n#5 first#a#1 litter#v#1 be#v#1 mating#n#1 In#n#3 hypothetical#n#1 case#n#6 female#n#2 in#n#3 February#n#1 first#a#1 litter#n#3 in#n#3 May#n#1 another#a#1 litter#n#3 by#r#1 September#n#1

@ have kitten
$ literally
show#n#1 will#n#3 have#v#13 special#a#1 so#n#1 will#n#3 qualify#v#5 a#n#1 permit#n#1 cat#n#7 will#n#3 require#v#1 a#n#1 breeder#n#1 licence#n#3 sell#v#2 need#v#2 a#n#1 business#n#2 licence#n#3 Possession#n#5 need#n#3 a#n#1 five#n#2 cat#n#7 permit#n#1

@ have kitten
$ literally
Pink#n#2 Kitty#n#4 on#r#3 Thursday#n#1 August#n#1 pm#n#3 Mojo#n#1 have#v#13 get#v#10 kitten#v#1 neuter#v#1 as#n#1 state#v#1 in#n#1 other#a#1 ad#n#1 it#n#1 matter#n#3 he#n#1 do#v#9 as#n#1 he#n#1 can#n#5 have#v#1

@ have kitten
$ literally
I#n#1 be#v#1 a#n#1 are#n#1 so#r#9 cute#a#1 but#r#1 I#n#1 just#a#1 think#v#3 can#n#5 give#v#3 time#n#5 deserve#v#1 Thanks#n#2 Sarah#n#1 By#r#2 on#r#1 Tuesday#n#1 May#n#1 pm#n#3 have#v#13 due#a#3 next#a#2 week#n#1 Am#n#1 in#n#2 too#r#1

@ have kitten
$ literally
first#a#1 stage#n#2 Now#r#1 I#n#1 know#v#1 go_on#v#2 stage#n#1 two#n#1 be#v#1 find#v#4 some#a#1 way#n#6 tell#v#8 a#n#4 start#n#5 Five#n#3 tell#v#1 me#n#1 about#r#3 Geordie#n#2

@ have kitten
$ literally
Detail#n#1 can#n#5 be#v#1 find#v#4 such#a#1 a#n#4 Cat#n#7 or#n#1 Cat#n#7 World#n#4 or#n#1 by#r#2 Governing#n#1 Council#n#2 Cat#n#7 Fancy#a#1 on#r#3 can#n#5 also#r#1 visit#n#1 website#n#1 here#n#2 Back#n#5 top#n#2 Do#v#9 have#v#2 available#a#1 have#v#1 particularly#r#1 breeding#a#1 but#r#1 encourage#v#1 think_about#v#1 an#n#1 old#a#2 cat#n#7 a#n#4 have#v#13 many#a#1 fantastic#a#2

@ have kitten
$ literally
many_a#a#1 sore#n#1 nose#n#1 Queen#n#3 Cat#n#7 Every#a#1 year#n#3 Queen#n#3 Cat#n#7 long#a#2 bushy#a#1 tail#n#1 smart#v#1 white#a#1 just#a#3 like#a#1 mother#n#1

@ have kitten
$ literally
long#a#2 bushy#a#1 tail#n#1 smart#v#1 white#a#1 just#a#3 like#a#1 mother#n#1 Queen#n#3 Cat#n#7 ever#r#2 There#n#1 a#n#1 farmyard#n#1 creature#n#1 bold#a#1 enough#a#1 come_near#v#2 Queen#n#3 Cat#n#7

@ have kitten
$ literally
A#n#1 one#n#1 tummy#n#2 on#r#3 kitten#v#1 food#n#1 I#n#1 do#v#9 bother#v#2 on#r#3 old#a#1 14#n#1 have#v#18 kitten#v#1 food#n#1 be#v#1 I#n#1 risk#n#1 old#a#2 boy#n#1 being#n#2 upset#n#3 it#n#1 just_as#r#1 good#a#1 as#n#1 kitten#v#1 food#n#1

@ have kitten
$ literally
have#n#1 god#n#2 give#v#3 right#n#1 be#v#1 reproduce#v#1 Who#n#1 want#v#1 have#v#2 it#n#1 choice#n#2 let#v#6 mate#n#4 each#a#1 other#a#1 There#n#1 no#a#1 evidence#n#3 say#v#6 a#n#4 cat#n#7 prior#n#1 spaying#n#1

@ have kitten
$ literally
have#v#13 a#n#1 friend#n#4 in#n#3 Glasgow#n#1 who#n#1 currently#r#1 available#a#1 bear#v#10 on#r#3

@ have kitten
$ literally
Auntie#n#1 34#a#1 fat#a#1 boy#n#1 Clark#n#1 sell#v#1 in#n#3 market#n#4 35#a#1 early#a#1 Hutch#n#2 Wilkins#n#1 O'Brien#n#1 36#a#1 Who#n#1 in#n#1 a#n#1 road#n#1 accident#n#1 a#n#1 year#n#3 after#r#1

@ have kitten
$ literally
now#r#1 in#n#1 a#n#1 safe#a#1 warm#a#4 loving#a#1 home#n#2 me#n#1 I#n#1 have#v#11 arrange#v#4 have#v#11 spay#v#1 Friday#n#1 a#n#1 in#n#1 no#a#1 condition#n#1 have_on#v#1 way#n#6 recover#v#1 now#r#1

@ have kitten
$ literally
be#v#1 interest#v#1 in#n#3 being#n#2 waiting_list#n#1 please#v#2 contact#n#7 us#n#1 can#n#5 not#r#1 bear#v#10 wait#v#2 a#n#1 kitten#n#1 then#r#2 feel#n#2 free#a#1 contact#n#7 us#n#1 will#n#3 try#v#3 advise#v#1 another#a#1 breeder#n#1 who#n#1 available#a#1 sooner#n#1

@ have kitten
$ literally
love#v#1 it#n#1 bring#v#1 many#a#1 occasion#n#2 led#n#1 mischief#n#1 Kitten#v#1 Update#v#3 Tuesday#n#1 29th#a#1 August#n#1 Willow#n#1 delight#v#1 announce#v#1 today#n#2 Champion#n#3 Prince#n#1 Shred#n#2 Please#v#2 contact#n#7 Ali#n#2 more#n#1 detail#n#1 after#r#1 reading#n#3 Kitten#v#1 Information#n#1

@ have kitten
$ literally
SUSSEX#n#1 Jones#n#1 Email#n#1 Sussex#n#1 base#v#2 Selkirk#n#1 Rex#n#1 British#n#1 in#n#3 Self#a#1 Colour#n#1 point#n#2 often#r#2 have#v#1 available#a#1 All#a#1 be#v#1 bear#v#10 raise#v#10 in#n#3 home#n#2 small#a#1 so#n#1 be#v#1 bomb#n#1 proof#n#6 leave#n#3

@ have kitten
$ literally
By#r#2 on#r#3 Monday#n#1 February#n#1 pm#n#3 on#r#3 breed#n#1 cat#n#7 cat#n#7 situation#n#1 it#n#1 pregnant#a#1 or#n#1 can#n#5 make#v#6 a#n#4 cat#n#7 defensive#n#1 or#n#1 as#n#2 someone#n#1 say#v#6 it#n#1 wound#v#1

@ have kitten
$ literally
I#n#1 do#v#9 know#v#1 wrong#a#1 woman#n#1 a#n#4 go#v#30 have#v#11 but#r#1 impossible#a#1 never#r#1 out#n#1 house#n#1 except#v#2 I#n#1 on#r#3 a#n#1 leash#n#1

@ have kitten
$ literally
In#n#1 fact#n#2 5#n#1 hour#n#2 running#n#1 wild#n#2 round#a#1 room#n#1 make#v#3 it#n#1 even#a#3 fact#n#1 have#v#1 wooden#a#1 so#n#1 it#n#1 like#a#1 two#n#1 mini#n#1

@ have kitten
$ literally
Old#a#1 a#n#1 Many#a#1 people#n#1 come#v#2 us#n#1 looking#n#1 a#n#1 kitten#v#1 almost#r#1 always#r#1 have#v#2 good#n#4 there#n#1 be#v#1 many#a#1 more#a#2 old#a#1 available#a#1 can#n#5 make#v#3 fine#a#5 Old#a#1 have#v#6 many#a#1 over#n#1 An#n#1 old#a#2 cat#n#7 personality#n#1 already#r#1 know#v#2

@ have kitten
$ literally
Indeed#r#1 many#a#1 work#n#2 full#a#1 time#n#3 However#r#1 only#r#2 who#n#1 do#v#9 not#r#1 work#n#6 or#n#1 who#n#1 only#a#1 work#v#21 part#v#5 time#n#5 can#n#5 have#v#2 look_after#v#1 be#v#1 expect#v#1 feed#v#5 foster#v#1 cat#n#7 twice#r#2 a#n#1 day#n#3 clean#v#5 litter#v#1 tray#n#1 morning#n#1 evening#n#1

@ have kitten
$ literally
treatment#n#1 work#n#1 course#n#1 exactly#r#3 Dr.#n#2 Little#a#1 article#n#3 Poppy#n#1 on#r#3 a#n#1 article#n#3 4#n#1 pregnancy#n#1 be#v#1 delight#v#1 have#v#13 opportunity#n#1 have#v#13 full#a#1 information#n#1 many#a#1 other#a#1 feline#n#1 reproduction#n#1 can#n#5 be#v#1 find#v#4 on#r#3 cd#n#4 can#n#5 now#r#1 be#v#1 Foundation#n#3 on#r#3

@ have kitten
$ literally
Willow#n#1 Willow#n#1 s#n#2 be#v#1 get#v#33 quite#r#3 big#a#1 now#r#1 be#v#1 Willow#n#1 it#n#1 very#a#2 stressful#a#1 but#r#1 I#n#1 must#n#3 admit#v#1 it#n#1 quite#r#3 easy#a#1 just#a#3 one#n#1 baby#n#1 look_after#v#1 time#n#5 round#n#7 Mum#n#2 sometimes#r#1 heavy#a#1 weather#n#1 looking#n#1 after#r#1 maybe#r#1 it#n#1 a#n#6 human#n#1 thing#n#12

@ have kitten
$ literally
Colour#n#6 available#a#1 Burmese#n#1 all#a#1 colour#n#1 Asian#n#1 Smoke#n#1 Tabby#a#1 in#n#1 mainly#r#1 Tawny#a#1 Black#a#2 Silver#n#1 Chocolate#n#2 Chocolate#n#2 Silver#n#1 Email#n#1 Website#n#1 sometimes#r#1 have#v#1 available#a#1 permanent#a#1 loving#a#1 All#a#1 be#v#1 fully#r#1 vaccinate#v#1 insure#v#1 register#v#1

@ have kitten
$ literally
Tiger#n#2 Lily#n#1 by#r#1 in#n#3 live#v#1 Stella#n#1 Stocker#n#1 Turkish#a#1 Tiger#n#2 Lily#n#1 a#n#6 Tortoiseshell#n#1 will#n#3 hopefully#r#1 have#v#4 own#v#1 in#n#1 Stella#n#1 other#a#1 Turkish#a#1 queen#n#3 Calypso#n#1 Rose#n#1 Turkish#a#1 Van#n#1 first#a#1 on#r#3 in#n#3 white#n#9 Turkish#a#1

@ have kitten
$ literally
I#n#1 just#a#3 adopt#v#4 little#a#6 who#n#1 a#n#1 Rescue#n#1 cat#n#7 around#r#3 2#n#1 year#n#3 old#a#1 do#v#9 know#v#1 much#a#1 about#r#4 history#n#2 it#n#1 may#n#1 have#v#6 at#n#1 some#a#1 point#n#15 breed#n#1 by#r#1 previous#a#2 I#n#1 have#v#2 spayed#a#1 last#v#1 week#n#1 but#r#1 such#a#1 trouble#n#1 tummy#n#2

@ have kitten
$ literally
then#r#2 another#a#1 litter#n#3 it#n#1 an#n#1 accident#n#1 I#n#1 also#r#1 have#v#13 a#n#1 puppy#n#1 be#v#1 try#v#1 train#n#3 so#n#1 it#n#1 impossible#a#1 keep#v#1 cat#n#7 inside#a#1 all#a#1 time#n#5 have#v#2 be#v#1 desperate#a#1 get_out#v#1 tom#n#2 cat#n#7 I#n#1 can#n#5 not#r#1 female#n#2 up#a#1 cruel#a#1 so#n#1 can#n#5 i#n#1 do#v#9

@ have kitten
$ literally
will#n#3 be#v#1 litter#v#1 train#v#6 flea#n#1 treat#v#2 before#r#2 leave#v#8 It#n#1 have#v#1 ready#a#1 now#r#1 ready#a#1 on#r#3 November#n#1 5th#a#1 so#n#1 do#n#2 have#v#2 2#n#1 female#a#1 both#a#1 an#n#1 accident#n#2 PLEASE#v#1 DO#v#5 EXPLAIN#v#1 ONE#n#1 US#n#1 THEN#a#1

@ have kitten
$ literally
I#n#1 do#v#9 think#v#3 be#v#1 use#v#1 be#v#1 indoors#r#1 I#n#1 have#v#2 two#n#1 own#a#1 who#n#1 have#v#13 never#r#1 one#n#1 who#n#1 actually#r#2 so#r#9 please#v#1 stop#n#6 jumping#n#2 it#n#1 necessary#n#1 By#r#1 Jan#n#1 on#a#1 Friday#n#1 June#n#1 pm#n#3 strange#a#3 both#a#1 seem#v#1 be#v#1 come#v#9 same#a#2 computer#n#1

@ have kitten
$ literally
Colour#n#6 available#a#1 blue#a#1 lilac#n#1 chocolate#n#3 brown#n#1 caramel#n#3 both#a#1 non#r#1 Email#n#1 Surrey#n#1 uk#n#1 BURMESE#n#1 SIAMESE#n#2 have#v#6 due#n#2 two#n#1 Burmese#n#1 due#n#2 in#n#3 April#n#1 a#n#4 selection#n#1 colour#n#1 be#v#1

@ have kitten
$ literally
play#v#1 an#n#1 important#a#1 role#n#2 throughout#r#1 Second#n#1 World#n#4 War#n#1 as#n#1 lucky#a#3 superstitious#a#1 make#v#3 excellent#a#1 as#n#1 no#n#2 fear#n#1 shell#v#6 some#a#1 even#a#3 while#n#1 ship#n#1 under_fire#a#1 One#n#1 cat#n#7 U-Boat#n#1 take#v#17 ship#n#1 port#n#1 return#n#11 day#n#3 just#a#1 before#r#2 ship#n#1

@ have kitten
$ literally
Now#n#1 there#n#1 be#v#1 many#a#1 catch#n#9 before#r#2 have#v#1 successful#a#1 most#a#2 time#n#5 even#a#3 huge#a#1 line#v#3 create#v#1 feral#a#1 so#r#9 get_out#v#1 harsh#a#3 element#n#3

@ have kitten
$ literally
Other#a#1 look#v#2 be#v#1 advertisement#n#1 board#n#3 in#n#3 veterinary#a#1 practice#n#4 local_post_office#n#1 or#n#1 shop#n#1 know#v#1 a#n#1 friendly#a#1 good#a#1 cat#n#7 in#n#3 locality#n#1 about#r#3 have#v#6 it#n#1 may#n#1 be#v#1 worthwhile#a#1 wait#v#3 be#v#1 available#a#1 It#n#1 not#r#1 a#n#1 good#a#1 idea#n#1 obtain#v#1 a#n#4 kitten#v#1 a#n#1 pet_shop#n#1 as#n#1 often#r#2 carry#v#1 can#n#5 be#v#1 very#a#2 stress#v#2

@ have kitten
$ literally
kitten#v#1 a#n#1 well-adjusted#a#1 adult#n#1 cat#n#2 able#a#1 cope#n#1 exposure#n#7 interaction#n#2 a#n#1 variety#n#5 thing#n#12 Spay#v#1 operation#n#6 remove#v#1 a#n#1 female#n#2 cat#n#7 uterus#n#1 so#n#1 no_longer#r#1 season#n#2 have#v#6 Spray#v#2 characteristic#n#1 urine#n#1 marking#n#1 behaviour#n#4 by#r#1

@ have kitten
$ literally
Any#a#1 additional#a#1 health#n#1 also#r#1 address#v#2 wherever#r#1 possible#a#1 All#a#1 thought#n#1 have#v#2 label#v#1 give#v#3 priority#n#1 be#v#1 do#v#9 first#a#1 so#n#1 be#v#1 same#a#2 day#n#3 All#a#1 other#a#1 fed#n#2 overnight#a#1 make_sure#v#1 recover#v#1 sufficiently#r#1 surgery#n#4 fit#v#7 be#v#1

@ have kitten
$ literally
take_in#v#15 every#a#1 cat#n#7 have#v#2 room#n#1 so#n#1 usually#r#1 have#v#13 a#n#1 variety#n#5 colour#n#3 be#v#1 more#a#2 common#a#2 summer#n#1 known#a#1 a#n#1 kitten#v#1 season#n#2 but#r#1 even#a#3 then#r#2 do#v#9 not#r#1 always#r#1 have#v#1 available#a#1 a#n#1 are#n#1 usually#r#1 in_demand#a#1 please#v#2 phone#n#1 us#n#1 on#r#3 wish#v#2 enquire#v#3 about#r#4 save#v#2 a#n#1 waste#v#2 journey#n#1 All#a#1 be#v#1 neuter#v#1 condemn#v#4 breeding#n#4 there#n#1 be#v#1 so#r#9 many#a#1 desperate#a#4

@ have kitten
$ literally
well#n#1 he#n#1 fine#a#5 now#r#1 settled#a#2 down#a#1 lovely#a#1 cause#v#1 plenty#n#2 mischief#n#2 By#r#2 on#r#3 Monday#n#1 May#n#1 pm#n#3 goodness#n#1 sake#n#1 people#n#1 be#v#1 crawl#v#1 need#n#3 new#a#1 through#a#2 no#a#1 fault#n#1 own#a#1 Why#n#1 on_earth#r#1 who#n#1 not#r#1 a#n#1 register#v#1 breeder#n#1 allow#v#2 cat#n#7 have#v#6 It#n#1 ludicrous#a#2

@ have kitten
$ literally
A#n#1 far#a#1 as#n#1 I#n#1 can#n#5 remember#v#8 have#v#1 not#r#1 add#v#1 I#n#1 have#v#2 kitten#v#1 on#r#3 left#a#1 leg#n#1 an#n#1 abortive#a#1 climb#n#3 pet_sitter#n#1 leg#n#1 incident#n#1 plus#n#1 a#n#1 neat#a#3 bloody#a#1 scratch#v#2 on#r#3 wrist#n#1 another#a#1 petulant#a#1 pus#n#1 On#a#1 other#a#1 hand#n#1 I#n#1 fall#v#2 on#r#3 arse#n#1 in#n#3 rain#n#1 other#a#1 day#n#3 have#v#6 no#a#1 evidence#n#1 at_all#r#1 say#v#6 traumatic#a#1 tumble#n#2

@ have kitten
$ literally
be#v#1 fortunate#a#1 have#v#2 space#n#2 a#n#4 large#a#1 enclosed#a#1 run#n#2 house#n#1 so#n#1 may#n#1 enjoy#v#1 fresh#a#4 air#n#1 sunshine#n#1 in#n#3 complete#a#1 safety#n#1 usually#r#1 have#v#1 each_year#r#2 normally#r#1 around#r#3 late#a#5 spring#n#2 early#a#1 summer#n#1 Please#v#2 visit#n#1 on#r#3 left#a#1 more#a#2 specific#n#1 information#n#2

@ have kitten
$ literally
Oh#n#1 I#n#1 I#n#1 do#v#9 know#v#1 I#n#1 repressed#a#1 sex#n#1 education#n#1 at#n#1 age#n#1 13#n#1 a#n#1 book#n#10 cat#n#7 just#a#1 Panic#n#1 rise#n#4 but#r#1 I#n#1 decide#v#1 be#v#1 honest#a#3

@ have kitten
$ literally
CUMBERLAND#n#2 Name#n#1 Prefix#n#1 Town#n#1 Sue#n#1 Paul#n#2 Farmhouse#n#1 Email#n#1 Website#n#1 be#v#1 small#a#1 hobby#n#2 dedicated#a#2 breed#v#3 temperament#n#1 type#n#6 Register#v#1 sometimes#r#1 have#v#19 love#v#4 Breeding#n#5 all#a#1 colour#n#1 FIFE#n#1 Name#n#1 Prefix#n#1 Town#n#1 Norma#n#1 Email#n#1 Small#a#1 breeder#n#1 one#n#1 or#n#1 two#n#1 year#n#3

@ have kitten
$ literally
By#r#1 Anon#r#2 on#a#1 Friday#n#1 February#n#1 24#n#1 be#v#1 A#n#4 7#n#1 month#n#2 old#a#1 kitten#v#1 just#a#3 a#n#1 KITTEN#v#1 not#r#1 be#v#1 no#a#1 vet#n#2 will#n#3 tell#v#8 ok#n#1 a#n#4 kitten#v#1 have#v#18 more#a#2 a#n#1 liar#n#1 an#n#1 irresponsible#a#1 have#v#6

@ have kitten
$ literally
are#n#1 a#n#1 closed#a#1 therefore#r#1 outside#a#4 disease#n#1 have#v#2 only#a#1 one#n#1 litter#n#3 a#n#1 year#n#3 continue#v#8 good_health#n#1 believe#v#1 essence#n#1 healthy#a#1 usually#r#1 have#v#1 available#a#1 through#a#2 breeding#n#3 season#n#2 loving#a#1 Contact#n#7 information#n#1 Location#n#1 By#r#1 coast#n#1 in#n#3 just#a#3 south#n#1 Perth#n#1 in#n#3 beautiful#a#1 Western#a#2 Australia#n#1

@ have kitten
$ literally
I#n#1 have#v#2 a#n#1 brother#n#2 two#n#1 I#n#2 have#v#2 be#v#1 go_away#v#2 today#n#1 I#n#1 have#v#2 a#n#1 new#a#1 web_page#n#1 I#n#1 put_up#v#4 on#r#3 May#n#1 1#n#1

@ in your face
$ figuratively
more#a#2 click#n#3 on#r#3 photo#n#1 above#n#1 A#n#1 sharp#a#9 new#a#1 black_comedy#n#1 write#v#1 by#r#1 Anna#n#1 Chen#n#1 THURSDAY#n#1 8TH#a#1 JUNE#n#1 PULSE#n#3 FESTIVAL#n#2 NEW#a#1 STUDIO#n#1 I#n#1 look#v#2 pig#n#1 man#n#1 man#n#1 pig#n#1 already#r#1 it#n#1 impossible#a#1 tell#v#8 who#n#1 look#v#2 good#a#1 in#n#1 a#n#1 bacon#n#1 It#n#1 always#r#1 messy#a#1 blow_up#v#1 in#n#3 face#n#1 It#n#1

@ in your face
$ figuratively
Rock#n#6 no_longer#r#1 fun#n#4 all#a#1 either#r#1 sound#n#8 like#a#1 go#v#1 establish#v#3 as#n#1 next#a#2 Dylan#n#1 or_so#r#1 lace#v#1 irony#n#3 cynicism#n#1 it#n#1 totally#r#1 life#n#4 out#n#1 music#n#1 need#v#2 be#v#1 some#a#1 good#a#1 stick#n#1 it#n#1 in#n#3 face#n#1 who#n#1 take#v#17 time#n#5 actually#r#2 show#n#1 skill#n#1 on#r#3 check#v#9 amaze#v#2 guitar#n#1 work_on#v#2 Randy#a#1 Tribute#n#3 or#n#1 any#a#1 Van#n#5 Live#v#1

@ in your face
$ figuratively
will#v#3 leave#v#10 a#n#1 silhouette#n#2 logo#n#1 on#r#3 pavement#n#1 in#n#1 More#a#2 importantly#r#1 Logo#n#1 be#v#1 make#v#31 out#a#8 litter#n#3 place#v#1 in#n#1 a#n#1 new#a#1 in#n#3 face#n#1 position#n#5 will#n#3 influence#n#3 public#a#1 think_twice#v#1 about#r#4 life#n#9 like#a#1 size#n#1 shape#n#3 it#n#1 compare#v#4 silhouette#n#2 a#n#1 dead_person#n#1 at#n#1 a#n#4 crime#n#1 scene#n#4 drawing#n#2 importance#n#1 say#v#6

@ in your face
$ figuratively
Any#a#1 litter#n#3 on#r#3 card#n#2 will#n#3 be#v#1 throw#v#15 away#a#3 card#n#10 eventually#r#1 up#a#1 by#r#1 cleaner#n#1 More#a#2 importantly#r#1 Logo#n#1 be#v#1 make#v#31 out#a#8 litter#n#3 place#v#1 in#n#1 a#n#1 new#a#1 in#n#3 face#n#1 position#n#5 will#n#3 influence#n#3 public#a#1 think_twice#v#1 about#r#4 life#n#9 like#a#1 size#n#1 shape#n#3 it#n#1 compare#v#4 silhouette#n#2 a#n#1 dead_person#n#1 at#n#1 a#n#4 crime#n#1 scene#n#4 drawing#n#2 importance#n#1 say#v#6

@ in your face
$ figuratively
Dirty#a#1 across#r#1 Hull#n#6 style#n#2 along#r#5 Powerful#a#1 at_times#r#1 impressive#a#1 in#n#3 face#n#1 put_on#v#7 a#n#1 good#a#1 show#n#1 topped#a#1 bill#n#1 one#n#1 impressive#a#1 drummer#n#1 one#n#1 impressive#a#1 lead#n#8 singer#n#1 all#a#1 need#n#3 here#n#2

@ in your face
$ figuratively
just#a#3 get_out#v#1 stop#n#3 But#r#1 away#a#3 home#n#2 be#v#3 go#v#1 come_up#v#3 in#n#3 face#n#1 have#v#6 deal#v#7 have#v#2 value#n#2 possession#n#5 more#a#2 play#n#1 own#a#1 game#n#2

@ in your face
$ figuratively
take#v#5 once#r#3 tight#a#7 little#a#1 wind#n#1 howl#v#3 then#r#2 finish_off#v#1 by#r#1 hot#a#1 sticky#a#2 cum#n#1 It#n#1 all_right#r#1 in#n#3 face#n#1 still#n#3 believe#v#1 eye#n#1 Cast#n#7 Hollander#n#1 Kelly#n#2 Well#n#5 Lei#n#1

@ in your face
$ figuratively
newsletter#n#1 be#v#1 reading#n#3 now#r#1 once#r#3 a#n#1 month#n#2 but#r#1 can#n#5 have#v#1 quick#a#1 wish#v#2 it#n#1 be#n#1 in#n#2 face#n#1 It#n#1 a#n#4 Blog#n#1 page#n#1 can#n#5 visit#n#1 wish#v#2 see#v#1 latest#n#1 news#n#1

@ in your face
$ figuratively
Well#n#5 be#v#1 more#a#2 happy#a#1 except#v#2 fact#n#1 seem#v#1 be#v#1 unable#a#1 leave#v#1 us#n#1 disbelieve#v#1 in#n#3 peace#n#1 It#n#1 difficult#a#1 get_through#v#4 a#n#1 day#n#3 religion#n#1 thrust#n#2 in#n#3 face#n#1 at_least#r#1 once#r#3 be#v#1 it#n#1 wrong#a#2 be#v#1 godless#a#1 example#n#2 I#n#1 often#r#2 listen#v#1 Radio#n#2 4#n#1 on#r#3 way#n#6 work#n#6 each#a#1 morning#n#2

@ in your face
$ figuratively
Grim#a#5 but#r#1 effective#a#1 yet#r#3 another#a#1 thing#n#12 atmosphere#n#4 general#n#1 feel#n#2 game#n#2 a#n#1 life#n#5 death#n#4 struggle#n#2 struggle#n#2 echo#n#1 throughout#r#1 game#n#2 up#a#1 close#a#1 personal#a#1 machine_gun#n#1 fire#n#2 Soviet#n#1 harsh#a#3 in#n#3 face#n#1 Hearing#n#1 crackle#v#3 nearby#a#1 gunfire#n#1 a#n#1 stroll#n#1 an#n#1 area#n#3 adrenalin#n#1 through#a#2 roof#n#1 duck#v#4 cover#n#6 straight#n#3 away#r#5

@ in your face
$ figuratively
But#r#1 not#r#1 a#n#1 nice#n#1 band#n#7 like#a#1 who#n#1 shock#v#2 folk#n#4 fraternity#n#2 at#n#1 time#n#5 use#v#1 electric#a#2 heaven#n#2 forbid#v#2 more#n#1 flower_power#n#1 heavy_metal#n#2 dress#v#1 in#n#3 combat#n#2 gear#n#1 shout#v#3 out#v#2 message#n#2 often#r#2 political#a#1 always#r#1 in#n#3 face#n#1 John#n#3 Jones#n#5 become#v#1 charismatic#a#1 leader#n#1 a#n#1 band#n#7 probably#r#2 as#n#1 much#a#1 punk#n#4 era#n#2 a#n#1 rock_music#n#1

@ in your face
$ figuratively
vocalist#n#1 Paul#n#2 belt#v#2 out#n#1 more#a#2 power#n#1 an#n#1 atomic_bomb#n#1 He#n#1 more#a#2 stage#n#2 presence#n#1 John#n#5 in#n#3 face#n#1 more#n#1 Jordan#n#2 strange#a#3 thing#n#12 after#r#1 just#a#3 one#n#1 track#n#9 I#n#1 captivate#v#1 painful#a#1 Hide#v#1 Place#v#1 support#v#4 almost#r#1 like#a#1 it#n#1 an#n#1 impossibility#n#1

@ in your face
$ figuratively
many#a#1 though#r#1 big#a#1 conversation#n#1 who#n#1 steal#v#1 show#n#1 it#n#1 Wainwright#n#1 in#n#3 folk#n#4 in#n#3 face#n#1 attitude#n#2 give#v#3 full#a#1 range#n#4 a#n#4 surprisingly#r#1 agile#a#1 voice#n#10 or#n#1 it#n#1 Ed#n#1 double#n#1 header#n#1 Ed#n#1 like#a#1 a#n#6 Brazilian#n#1 Wonder#n#3

@ in your face
$ figuratively
However#r#1 say#v#5 there#r#3 about#r#4 cross#n#3 event#n#4 special#a#1 It#n#1 an#n#1 in#n#3 face#n#1 any#a#1 foundation#n#7 have#v#13 any#a#1 do#v#5 not#r#1 focus#v#1 on#r#3 Christ#n#1 I#n#1 wonder#n#3 it#n#1 be#v#1 fully#r#1

@ in your face
$ figuratively
I#n#1 ca#n#1 believe#v#1 like#v#1 it#n#1 or#n#1 even#a#3 accept#v#3 it#n#1 It#n#1 about#r#3 9/11#n#1 most#a#2 blatant#a#2 in#n#3 face#n#1 propaganda#n#1 I#n#1 have#v#6 hear#v#2 in#n#1 mainstream#n#1 music#n#1 all#a#1 footage#n#1 off#v#1 TV#n#1 say#v#6 it#n#1 too#r#1 disturb#v#2 me#n#1 It#n#1 just#a#3 breed#n#1 anger#n#1 say#v#6 it#n#1 up#a#1 me#n#1 I#n#1 show#n#1 it#n#1 everyday#a#1 say#v#6 worry#v#3 about#r#5 Bin#n#1 Laden#v#2 Have#v#2 forget#v#3 See#v#5 I#n#1 mean#n#1

@ in your face
$ figuratively
question#n#3 a#n#1 particular#a#1 situation#n#1 in#n#3 today#n#1 society#n#1 or#n#1 school#n#1 will#n#3 not#r#1 lead#v#6 readily#r#2 suggest#v#1 practitioner#n#1 help#n#2 deal#v#7 immediate#a#4 not#r#1 dispute#n#1 need#n#3 social#a#2 need#n#3 raise#v#2 awareness#n#1 in#n#3 right#n#1 but#r#1 off#r#2 in#n#3 face#n#1 it#n#1 not#r#1 time#n#5 go#v#1 write#v#7 a#n#6 letter#n#2 local#n#2 MP#n#1 Proximal#a#1 why#n#1

@ in your face
$ figuratively
just_right#r#1 need#n#3 a#n#1 female#n#2 it#n#1 nice#a#1 play#n#9 a#n#1 strong#a#1 character#n#1 who#n#1 in#n#3 face#n#1 just#a#3 own#a#1 girl#n#1 I#n#1 also#r#1 think#v#3 an#n#1 ordinary#n#5 girl#n#1

@ in your face
$ figuratively
feel#v#4 need#v#2 own#a#1 Teen#n#1 Spirit#n#4 icon#n#2 fling#n#3 fray#n#1 then#a#1 here#n#2 it#n#1 both#a#1 barrel#n#2 blaze#v#1 real#a#1 action#n#2 however#r#1 on#r#1 Side#n#4 Two#n#1 an#n#1 adrenaline#n#1 rush#n#1 murder#n#1 straight#n#3 in#n#3 face#n#1 Even#a#3 good#a#1 on#r#3 a#n#1 completely#r#1 different#a#1 level#n#1 go#v#1 record#v#1 masterpiece#n#1

@ in your face
$ figuratively
playing#n#3 loud#a#1 in#n#3 face#n#1 Cope#n#1 suitable#a#2 Truthfully#r#1 it#n#1 quite#r#3 good#a#1

@ in your face
$ figuratively
In#n#1 fact#n#2 it#n#1 fair#a#1 say#v#6 one#n#1 main#n#2 personality#n#1 By#r#1 time#v#5 18#n#1 old#a#2 it#n#1 clear#a#1 manipulative#a#1 in#n#3 face#n#1 enough#n#1 not#r#1 be#v#1 a#n#4 good#a#1 candidate#n#1 be#v#1 change#v#1 stop#v#5 unwillingly#r#1 come_on#v#2 basis#n#3 find#v#3 most#a#2 strong#a#1 young_lady#n#1 so_far#r#1 know#v#6 quite#r#3 do#v#5 about#r#4 it#n#1

@ in your face
$ figuratively
There#r#1 usual#a#1 urgency#n#1 it#n#1 obvious#a#1 band#n#7 have#v#2 put#v#1 a_lot#r#1 work_in#v#1 making#n#2 it#n#1 sound#n#6 as#n#1 intense#a#1 as#n#1 it#n#1 It#n#1 explosive#n#1 in#n#3 face#n#1 but#r#1 perhaps#r#1 a_little#r#1 too_much#r#1 more#n#1 singer#n#3 s#n#1 be#v#1 around#r#3 it#n#1 far#a#1 too#r#1 rough#a#8 jagged#a#2 be#v#1 a#n#4 serious#a#1 grower#n#1

@ in your face
$ figuratively
more#a#2 concern#n#5 growing#n#1 commercialisation#n#1 Hallowe'en#n#1 hell#n#4 by#r#1 pester#v#1 power#n#3 I#n#1 feel#v#1 sorry#a#1 some#a#1 ca#n#1 get_around#v#2 supermarket#n#1 it#n#1 being#n#2 in#n#3 face#n#1 try#v#1 sell#v#1 special#a#1 Halloween#n#1 say#v#5 mum#n#2 three#n#1 Crawford#n#2 First#a#1 want#v#1 long#v#1 hair#n#1

@ in your face
$ figuratively
Lot#n#1 passion#n#4 here#n#2 throughout#r#1 it#n#1 all#a#1 about#r#7 go#v#1 God#n#2 100#a#1 ca#n#1 be#n#1 a#n#4 bad#a#1 thing#n#12 it#n#1 down#n#5 At#n#1 good#a#1 creative#a#1 in#n#3 face#n#1 then#r#2 drift#n#3 slow#a#1 vineyard#n#1 on#r#3 a#n#1 bore#v#2 day#n#3 number#n#2 really#r#1 do#v#9 cut#v#1 it#n#1 Vocally#r#1 a#n#1 lead#n#2 here#n#1 there#n#1 have#v#13 a#n#1 help#n#2

@ in your face
$ figuratively
Tinker#v#1 traction#n#2 speed#n#2 stability#n#3 acceleration#n#3 while#n#1 condition#n#3 terrain#n#1 be#v#1 about#r#4 race#n#2 across#r#1 Each#r#1 race#n#2 map#n#2 can#n#5 cover#n#4 a#n#1 area#n#3 around#r#1 2#n#1 square#v#4 throw#n#1 real_world#n#1 offer#n#2 right#n#1 in#n#3 face#n#1 Tree#n#1 line#v#3 forest#n#1 deceptive#a#2 in#n#1 tranquillity#n#2 will#n#3 fling#n#3 dirt#n#1 mud#n#1 while#n#1 desert#n#1 spray#n#5 sand#n#1

@ in your face
$ figuratively
Just#a#3 a#n#1 very#a#2 small#a#1 place#n#9 a_lot#r#1 people#n#1 in#n#3 it#n#1 In#n#3 face#n#1 not#r#1 more#a#1 like#a#1 up#a#1 beer#n#1 so_far#r#1 Pedigree#n#1 8#n#1 out#r#2 10#n#1 gig#n#2 8#n#1 out#r#2 10#n#1 as_well#NR Ruskin#n#1 Arm#n#1 first#a#1 really#r#1 a#n#6 really#r#3 hectic#a#1 day#n#3 so#r#4 much#a#1 publicity#n#1 I#n#1 sure#r#1 actually#r#2 have#v#6 time#n#5 do#v#9 show#n#1 but#r#1 really#r#1 turn#v#1 it#n#1 on#a#1 various#a#1 billy#n#2

@ in your face
$ figuratively
will#n#3 be#v#1 kicking#n#2 out#n#1 tomorrow#n#2 morning#n#1 can#n#5 be#v#1 hear#v#2 in#n#3 London#n#1 on#r#3 fm#n#1 Sky#n#1 Channel#n#6 Channel#n#6 Channel#n#6 on#r#3 DAB#n#2 Digital#a#2 Radio#n#2 or#n#1 online#a#2 right#n#1 here#n#2 Good#a#1 Morning#n#2 Here#n#2 go#v#1 off#v#1 in#n#3 face#n#1 like#a#1 a#n#6 malfunctioning#a#1 gun#n#1 week#n#1 week#n#1 single#a#3 week#n#1 Bleak#a#3 Day#n#3 Hot#a#1 Summer#n#1 Young#a#1

@ in your face
$ figuratively
I#n#1 do#v#2 appear#v#1 be#v#1 unconcerned#a#1 uncaring#a#2 but#r#1 there#n#1 a#n#1 limit#n#4 Someone#n#1 Big#a#1 Issue#n#7 in#n#3 face#n#1 or#n#1 asking#n#1 drop_in#v#1 a#n#4 tin#n#1 even#a#3 sign#n#3 a#n#1 petition#n#2 or#n#1 other#a#1 I#n#1 know#v#1 there#n#1 be#v#1 genuine#a#3 people#n#2 out#a#8 there#r#3 who#n#1 need#n#3 some#a#1 assistance#n#1 but#r#1 there#n#1 be#v#3

@ in your face
$ figuratively
It#n#1 intrigue#v#1 experience#n#2 an#n#1 Islamic#a#1 republic#n#1 first#a#1 hand#n#1 quite_an#r#1 unexpected#a#1 contrast#n#5 Turkey#n#2 In#n#3 Turkey#n#2 be#v#1 very_much#r#1 in#n#3 face#n#1 rarely#r#1 there#n#1 a#n#1 stretch#n#3 Black#a#2 Sea#n#1 coast#n#1 out#a#8 earshot#n#1 Iran#n#1 on#a#1 other#a#1 hand#n#1 a#n#1 much#a#1 more#a#1 subtle#a#1 call#v#5 prayer#n#3 seemingly#r#1 fewer#a#1 more#a#2 lavish#v#1

@ in your face
$ figuratively
White#n#1 Admiral#n#1 will#n#3 decorate#v#1 at#n#1 Hibernation#n#1 own#a#1 break#v#15 up#a#1 any#a#1 perceptible#a#1 outline#n#1 conspicuous#a#1 adopt#v#4 an#n#1 in#n#3 face#n#1 approach#v#3 signify#v#3 presence#n#1 or#n#1 nauseous#a#2 taste#n#1 or#n#1 smell#n#3 Certain#a#3 have#v#13 like#v#1 fierce#a#1 disturbed#a#2 will#n#3 adapt#v#1 an#n#1 alarm#v#2 stand_up#v#4 stare#n#1 approach#n#2

@ in your face
$ figuratively
spyware#n#1 be#v#1 not#r#1 always#r#1 known#a#1 be#v#1 almost#r#1 never#r#1 obvious#a#1 Usually#r#1 know#v#8 have#v#13 a#n#4 virus#n#1 or#n#1 worm#n#1 be#v#1 in#n#3 face#n#1 Spyware#n#1 on#a#1 other#a#1 hand#n#1 silently#r#1 on#r#3 a#n#1 PC#n#1 it#n#1 might#n#1 start#v#12 take#v#38 any#a#1 number#n#1 different#a#1 unwanted#a#1

@ in your face
$ figuratively
Magician#n#1 fit#v#6 both#a#1 It#n#1 an#n#1 in#n#3 face#n#1 film#n#1 shot#n#6 like#a#1 a#n#6 documentary#n#1 following#n#2 life#n#12 hit_man#n#1 Ray#n#7 play#v#1 by#r#2 film_writer#n#1 director#n#3 Scott#n#3 striking#n#2 presence#n#1 dominant#a#1 throughout#r#2 film#n#1 as#n#1 he#n#1 about#r#7 chilling#n#1 business#n#2 mix#v#6 extreme#a#1 spontaneous#a#1 violence#n#1 dry#a#1 comedy#n#1

@ in your face
$ figuratively
need#v#2 want#v#2 live#v#1 a#n#4 a#n#4 woman#n#1 a#n#1 choice#n#2 give#v#3 me#n#1 by#r#1 Nature#n#4 I#n#1 express#v#2 need#n#3 choice#n#3 have#v#13 make#v#4 all#a#1 time#n#5 dress#n#2 age#n#1 be#v#1 a#n#4 start#v#13 interact#v#1 patience#n#2 fortitude#n#1 hopefully#r#1 live#v#1 pride#v#1 but#r#1 not#r#1 an#n#1 in#n#3 face#n#1 attitude#n#2 Just#a#1 some#a#1 make#v#3

@ in your face
$ figuratively
hear#v#1 word#n#1 worship#n#1 do#v#9 think#v#3 a#n#1 mellow#a#5 band#n#7 at#n#1 a#n#1 Christian#n#1 teaching#n#3 event#n#4 singing#n#1 soft#a#3 rock#n#2 intense#a#1 challenge#v#2 loud#a#1 in#n#3 face#n#1 all#a#2 good#a#9 it#n#1 particular#a#1 favourite#n#3 wailing#a#1 passionate#a#1 Alive#a#1 base#v#2 on#r#3 a#n#1 riff#n#1 Jesus#n#1 Christ#n#1 Superstar#n#1

@ in your face
$ figuratively
in#n#3 I#n#1 know#v#1 reply#n#2 It#n#1 typically#r#1 Aussie#n#1 up#a#1 front#n#10 in#n#3 face#n#1 casually#r#1 opportunist#n#1 man#n#1 Mr#n#1 he#n#1 might#n#1 have#v#13 off#v#1 moon#n#3 a#n#1 far#a#1 a#n#1 concerned#a#1

@ in your face
$ figuratively
I#n#1 admit#v#1 it#n#1 I#n#1 obsessive#n#1 in#n#3 face#n#1 but#r#1 I#n#1 believe_in#v#1 raise#v#2 new#a#1 train#v#6 methodology#n#2 I#n#1 use#v#1 in#n#1 only#r#1 just#r#1 through#a#2 I#n#1 frankness#n#1 led#n#1 a_few#a#1 disgruntled#a#1 but#r#1 many#a#1 like#a#1 Stuart#n#3 Winter#n#1 a#n#6 mentor#n#1 prove#v#1 inspirational#a#1

@ in your face
$ figuratively
No#a#1 play#v#1 music#n#1 attitude#n#2 full#a#1 in#n#3 face#n#1 back#v#6 choppy#a#1 guitar#n#1 chainsaw#n#1 bass#n#4 a#n#1 heavy#a#1 fast#a#1 drumming#n#1 man#n#4 nice#a#1 little#a#1 town#n#1 deep#n#2 in#n#3 middle#n#1 Cumbria#n#1 original#a#3 line_up#v#4 on#r#1 on#r#1 Guitar#n#1 Rat#n#1 on#r#3 Bass#n#2 on#a#1

@ in your face
$ figuratively
There#n#1 no#a#1 attention#n#2 detail#n#1 do#v#9 care#n#1 come_back#v#2 want#v#1 create#v#1 stylish#a#2 but#r#1 relax#v#5 friendly#a#1 staff#n#2 not#r#1 too#r#1 in#n#3 face#n#1 live#v#1 jazz#n#2 on#r#3 a#n#1 Sunday#n#1 funky#a#4 house#n#11 Friday#n#1 Saturday#n#1 be#v#1 confident#a#1 adaptable#a#1 format#n#1 can#n#5 cater#v#1 casual#a#5 out#a#8 a#n#1 quiet#a#2 pint#n#1 also#r#1 tempt#v#2 in#n#3 weekend#n#1

@ in your face
$ figuratively
He#n#1 here#n#2 a#n#4 book#n#1 depth#n#1 a#n#4 world#n#1 complete#a#1 own#a#1 history#n#2 be#v#1 frequent#v#2 fortunately#r#1 not#r#1 obvious#a#1 One#a#4 great#a#3 I#n#1 have#v#2 read#v#2 alternate#n#1 be#v#1 too#r#1 in#n#3 face#n#1 a#n#4 though#r#1 author#n#1 show#v#4 off#v#1 research#n#1 cleverness#n#1 Well#n#1 not#r#1 do#v#9 he#n#1 include#v#4 he#n#1 need#n#3 he#n#1 need#n#3 a#n#1 very#a#2 decent#a#4 read#v#3

@ in your face
$ figuratively
He#n#1 Carter#n#2 song#n#1 Bear#n#1 Creek#n#1 Blues#n#1 Blaze#n#4 song#n#1 Clay#n#1 make#v#3 14#n#1 in_all#r#1 musical#n#1 back#v#2 not#r#1 in#n#3 face#n#1 like#a#1 some#a#1 today#n#2 but#r#1 a#n#4 lay#v#1 back#n#5 sound#n#6 word#n#1 song#n#1 John#n#3 vocal#n#2 shine#n#1 core#n#8 on#r#3 album#n#2 be#v#1 John#n#1 on#r#3 acoustic_guitar#n#1 Paul#n#2 bass#n#4 Jason#n#1 lead#n#2 guitar#n#1 harmonica#n#1 accordion#n#1 piano#n#1 organ#n#5

@ in your face
$ figuratively
explosive#n#1 extreme#n#1 in#n#3 face#n#1 approach#v#3 hard#a#1 ignore#v#2 series#n#7 in#n#3 motion#n#3 phrase#n#1 it#n#1 really#r#1 hard#a#1 it#n#1 unique#a#2 reason#v#1 alone#a#4 it#n#1 must#n#3 be#v#6 check#v#9 out#v#2

@ in your face
$ figuratively
can#n#5 relate#v#4 people#n#1 by#r#2 fighting#n#1 some#a#1 in#n#1 sexual#a#2 revolution#n#1 Learn#v#5 do_it#v#1 in#n#1 a#n#1 non#r#1 reactive#a#1 in#n#3 face#n#1 kind#n#1 way#n#11 might#n#1 have#v#13 a#n#1 sweet_tooth#n#1 relate#v#1 people#n#1 in#n#1 a#n#1 sensuous#a#1 sumptuous#a#1 manner#n#1

@ in your face
$ figuratively
risky#a#1 I#n#1 try#v#1 stop#n#3 blog#n#1 turn#v#2 but#r#1 it#n#1 difficult#a#1 right#n#1 now#n#1 good#a#1 I#n#1 can#n#5 do#v#9 hide#v#1 confessional#n#1 stuff#n#1 behind#n#1 read#v#1 more#a#2 link#n#3 so#n#1 it#n#1 not#r#1 quite#r#3 so#n#1 in#n#3 face#n#1 I#n#1 do#v#9 have#v#2 a#n#1 whole#n#2 bunch#n#1 confidence#n#2 in#n#3 medical#n#1 system#n#1 in#n#3 country#n#2 in_general#r#1 in_particular#r#1 in#n#3 provision#n#3 mental_health#n#1

@ in your face
$ figuratively
Culture#n#1 Vulture#n#1 very#a#2 close#n#2 a#n#1 return#n#11 form#n#1 though#r#1 get#v#2 go#v#4 clear#a#1 a#n#1 more#a#2 muscular#a#4 version#n#3 band#n#7 fore#n#1 up#a#1 in#n#3 face#n#1 In#n#3 same#a#2 way#n#6 Ash#n#2 have#v#1 recently#r#1 a#n#1 much#a#1 modern#a#1 rock#n#2 feel#n#2 Jesus#n#1 Jones#n#2 appear#v#1 be#v#1 a#n#4 similar#a#3 path#n#4

@ in your face
$ figuratively
one#n#1 thing#n#12 Internet#n#1 still#n#3 us#n#1 like#a#1 death#n#1 it#n#1 set#v#1 endure#v#1 Even#a#3 it#n#1 not#r#1 being#n#2 in#n#3 face#n#1 by#r#1 pushy#a#1 it#n#1 continue#v#4 change#v#1 inside#n#1 Just#a#3 routine#n#3 withdrawal#n#3 venture#v#2 fat#n#1 share#n#1

@ in your face
$ figuratively
Now#r#1 apparently#r#2 one#n#1 must#n#3 be#v#1 a_little#r#1 guard#v#4 use#v#6 on#r#3 internet#n#1 can#n#5 be#v#1 as#n#1 offensive#a#5 In#n#3 face#n#1 Okay#v#1 so#n#1 I#n#1 face#n#1 face#n#1 dear#n#1 reader#n#3 I#n#1 most#a#2 certainly#r#1 Not#r#1 be#v#1 yell#v#2 but#r#1 I#n#1 do#v#9 think#v#3 tear#v#1 might#n#1 speak#v#1 a_few#a#1 word#n#1 heart#n#2 may#n#1 find#v#2 it#n#1 hard#a#1 make#v#3 eloquent#a#1

@ in your face
$ figuratively
Do#v#9 get#v#1 me#n#1 wrong#a#2 I#n#1 not#r#1 me#n#1 information#n#1 out#v#2 there#n#1 But#r#1 it#n#1 in#n#3 face#n#1 way#n#6 it#n#1 use#v#1 be#v#1 year#n#3 ago#a#1 I#n#1 at#n#1 school#n#1 in#n#3 1990s#n#1 there#n#1 no#n#2 real#n#1 sex#n#1 education#n#1 or#n#1 about#a#1 HIV#n#2 Aid#n#2

@ in your face
$ figuratively
answer#n#1 yes#n#1 Move#v#1 a#n#4 far#a#1 away#a#3 in#n#3 face#n#1 fast#a#1 edit#v#1 approach#n#3 as#n#1 he#n#1 possibly#r#2 get#v#1 u#n#1 a#n#4 realistic#a#1 stylish#a#2 look_at#v#2 criminal#n#1 underworld#n#1 hieratical#a#1 structure#n#4 a#n#4 gritty#a#1 no#a#1 barred#a#1 approach#n#2 life#n#5 imagine#v#1 it#n#1

@ in your face
$ figuratively
play#n#15 very_well#r#2 write#v#7 sensitively#r#1 some#a#1 surround#v#1 question#n#3 victim#n#1 or#n#1 criminal#n#1 an#n#1 in#n#3 face#n#1 production#n#7 but#r#1 expertly#r#1 by#r#1 a#n#1 very#a#2 competent#a#1 company#n#2 It#n#1 must#n#3 be#v#1 by#r#1 all#a#1 quarter#n#2 life#n#5

@ in your face
$ figuratively
ice#n#1 under#a#1 surface#n#3 a#n#4 hill#n#1 formed#a#1 all#a#1 earth#n#3 on#r#3 top#n#3 around#r#3 up#a#1 Like#a#1 but#r#1 in#n#3 face#n#1 all#a#1 talk#v#2

@ in your face
$ figuratively
A#n#1 few#a#1 get_it#v#1 at_all#r#1 one#n#1 guy#n#3 send#v#1 a#n#1 furious#a#3 email#n#1 accuse#v#1 us#n#1 try#v#1 sound#n#7 like#a#1 No#a#1 Doubt#n#1 one#n#1 girl#n#1 send#v#1 another#a#1 out#r#2 go#v#1 long#a#1 No#a#1 Doubt#n#1 try#v#1 sound#n#7 like#a#1 us#n#1 new#a#1 album#n#2 Defiant#a#1 more#a#2 in#n#3 face#n#1 Rich#a#10 Famous#a#1 I#n#1 most#a#2 control#n#5 over#n#1 it#n#1 I#n#3 a#n#6 noisy#a#1 bastard#n#3 It#n#1 Lumpy#a#1 who#n#1 most#a#2 eclectic#a#1 taste#n#3

@ in your face
$ figuratively
Endorsement#n#3 At#n#1 long#a#1 last#a#2 a#n#1 credible#a#1 marvellous#a#2 book#n#1 on#r#3 Karate#n#1 not#r#1 one#n#1 surface#n#1 look#v#2 succeed#v#1 entertain#v#3 but#r#1 failing#n#1 abysmally#r#1 prepare#v#1 one#n#1 a#n#1 real#n#2 in#n#3 face#v#2 encounter#v#5 Rather#r#4 book#n#1 an#n#1 thoughtful#a#2 thought#n#2 provoke#v#1 examination#n#1 possibly#r#2 probably#r#2 arts#n#1 once#r#3 fully#r#1 realise#v#1

@ in your face
$ literally
Man#n#10 on#r#3 a#n#1 both#a#1 a#n#1 an#n#1 understanding#n#2 an#n#1 incident#n#1 view#n#6 at#n#1 same#a#2 time#n#5 in#n#3 adult#n#1 back#n#5 on#r#3 memory#n#4 O#n#1 man#n#4 bus#n#1 garage#n#1 I#n#1 be#v#1 so#r#9 sorry#a#1 I#n#1 remember#v#2 terrible#a#3 ache#n#1 in#n#3 face#n#1 I#n#1 have#v#2 do#v#9 it#n#1 Not#r#1 then#r#2 not#r#1 now#n#1 collection#n#1 more#a#2 ground#n#1 though#r#1

@ in your face
$ literally
Beach#n#1 pub#n#1 1#n#1 mile#n#1 Local#n#2 shop#n#1 in#n#1 1#n#1 mile#n#1 ride#v#2 one#n#1 hour#n#2 two#n#1 hour#n#2 all#a#1 day#n#3 in#n#3 beautiful#a#1 Cornish#a#1 countryside#n#1 or#n#1 on#r#3 local#n#2 SOUTH#n#1 COAST#n#1 Have#v#1 ever#r#2 ride#v#2 along#r#5 sandy#a#1 beach#n#1 lap#v#3 sea_breeze#n#1 in#n#3 face#n#1 feeling#n#1 pure#a#1 exhilaration#n#1

@ in your face
$ literally
Look#n#4 at#n#1 face#n#1 closely#r#1 in#n#3 mirror#n#1 thing#n#12 make#v#31 look#v#2 individual#n#1 be#v#1 shape#n#3 nose#n#1 in#n#3 face#n#1 shape#n#3 eye#n#1 hair#n#1 eye#n#1 be#v#1 about#r#4 midway#r#1 between#r#1 top#n#2 head#n#1 bottom#n#1 chin#n#1

@ in your face
$ literally
Get#v#1 fit#v#8 while#n#1 countryside#n#1 instead#r#1 in#n#1 a#n#1 gym#n#1 or#n#1 running#n#1 on#r#3 a#n#4 machine#n#6 looking_at#n#1 a#n#1 brick#n#1 wall#n#1 Feel#v#4 wind#v#2 in#n#3 face#n#1 sun#n#1 on#a#1 skin#n#1 Enjoy#v#2 silence#n#1 country#n#2 singing#n#1

@ in your face
$ literally
Stand#n#10 well#n#1 back#n#9 Never#r#1 go_back#v#3 a#n#1 lit#n#1 firework#n#1 it#n#1 may#n#1 go_off#v#5 in#n#3 face#n#1 Never#r#1 put_in#v#1 pocket#n#1

@ in your face
$ literally
land#v#1 on#r#3 22#n#1 run#n#2 just#a#1 opposite#n#1 taxi#n#1 in#n#1 Unfortunately#r#1 sun#n#1 in#n#3 face#n#1 late#a#3 afternoon#n#1 so#n#1 be#v#1 problematic#a#2 Back#n#5 car#n#1 turn#n#2 right#n#6 over#n#1 bridge#n#5 follow#v#1 road#n#1

@ in your face
$ literally
It#n#1 good#a#1 around#r#1 Cumbria#n#1 more#a#2 importantly#r#1 it#n#1 detail#n#1 journey#n#1 so#n#1 there#n#1 no#a#1 chance#n#4 get#v#1 lost#a#1 Or#n#1 want#v#2 wind#v#2 in#n#3 face#n#1 a_lot#r#1 less#a#1 effort#n#4 there#n#1 always#r#4 three#n#2 take#v#10 around#r#1 or#n#1 Bridge#n#1 It#n#1 a#n#4 great#n#1 way#n#7 travel#n#1 see#v#5 area#n#1 effort#n#4 but#r#1 it#n#1 come#v#1 at#n#1 a#n#6 price#n#1

@ in your face
$ literally
It#n#1 a#n#1 combination#n#7 supervise#v#1 fad#n#1 I#n#1 all#a#1 through#a#2 but#r#1 me#n#1 I#n#3 a#n#6 drug#n#1 I#n#1 have#v#2 in#n#3 face#n#1 I#n#1 think#v#3 it#n#1 most#a#2 harmless#a#1 drug#n#1 it#n#1

@ in your face
$ literally
tell#v#8 us#n#1 be#v#1 wild-eyed#a#2 too#r#1 intense#a#1 Dr.#n#2 Scotland#n#1 as#n#2 wear#n#2 too_much#r#1 expression#n#4 in#n#1 be#v#3 live#v#1 like#a#1 an#n#1 army#n#1 all#a#1 reserve#n#5 engaged#a#3 in#n#3 action#n#4

@ in your face
$ literally
Oh#n#1 God#n#2 Usually#r#1 say#v#6 somebody#n#1 cant#n#3 believe#v#1 kill#v#1 person#n#1 shooting#n#1 at#n#1 NT#n#1 Nice#a#1 Try#v#1 Usually#r#1 say#v#1 almost#r#1 get#v#1 last#n#7 kill#v#1 or#n#1 just_about#r#1 defuse#v#1 bomb#n#1 it#n#1 up#a#1 in#n#3 face#n#1 Nice#n#1 1#n#1 one#n#1 Usually#r#1 say#v#5 get#v#1 last#n#7 kill#v#1 or#n#1 complete#a#1 objective#n#2

@ in your face
$ literally
All#a#1 encourage#v#1 happiness#n#1 yet#r#6 so#r#4 often#r#2 look#v#1 miserable#a#1 sad#a#2 C#n#6 H#n#1 teaching#n#3 a#n#1 class#n#4 on#r#3 importance#n#1 expression#n#5 He#n#1 say#v#6 be#v#1 speak#v#1 about#r#4 heaven#n#2 smile#v#1 let#v#3 joy#v#1 be#n#1 in#n#2 face#n#1 be#v#1 speak#v#1 about#r#4 hell#n#4 normal#a#1 face#n#1 will#n#3 do#v#9 just#a#3 fine#a#5 Happiness#n#1 contagious#a#1 all#a#1 be#v#1

@ in your face
$ literally
trolley#n#1 past#a#1 one#n#1 a#n#1 laser#n#1 will#n#3 also#r#1 go_by#v#2 Note#n#3 place#n#9 trip#n#1 bomb#n#1 jump_out#v#1 trolley#n#1 so#n#1 it#n#1 not#r#1 blow_up#v#1 in#n#3 face#n#1 Easy#a#1 Turn#v#2 fix#v#2 on#r#3 in#n#3 mode#n#1 then#r#2 put#v#1 weapon#n#1 set#v#1 Phoenix#n#1 Weapon#n#1 or#n#1 a#n#4 remote#n#1

@ in your face
$ literally
design#v#4 a#n#4 a#n#4 convenience#n#4 who#n#1 now#r#1 view#n#2 patio#n#1 a#n#4 a#n#4 Room#n#1 Outside#a#4 an#n#1 extension#n#12 house#n#1 Container#n#1 gardening#n#1 a#n#5 key#n#15 element#n#2 style#n#2 gardening#n#1 but#r#1 now#r#1 people#n#1 have#v#1 hold#v#4 back#n#5 buy#v#1 all#a#1 want#v#1 Move#v#1 a#n#4 backbreaking#a#1 chore#n#1 once#r#3 up#a#1 plant#n#2 in#n#3 face#n#1 FORT#n#2 an#n#1 instant#a#2 easy#a#1 dignified#a#1 operation#n#6

@ in your face
$ literally
will#v#3 ask#v#2 Armourer#n#1 do_it#v#1 He#n#1 will#n#3 laugh#n#3 in#n#3 face#n#1 will#n#3 need#n#3 use#v#1

@ in your face
$ literally
PM#n#3 Johnny#n#1 may#n#1 remember#v#2 me#n#1 Festival#n#2 Speed#n#5 I#n#1 kid#n#4 who#n#1 a#n#1 video#n#4 camera#n#1 in#n#3 face#n#1 do#v#9 a#n#1 welcome#n#2 page#n#1

@ in your face
$ literally
Eastbound#a#1 start#v#1 on#r#3 quiet#a#5 estuary#n#1 finish#n#5 in#n#3 bustling#a#1 city#n#1 westbound#a#1 do_it#v#1 other#a#1 way#n#6 around#r#3 be#v#1 often#r#2 about#r#4 prevailing_wind#n#1 it#n#1 good#a#1 walk#n#4 it#n#1 on#r#3 back#n#5 west#n#3 east#n#3 instead#r#1 in#n#3 face#n#1 Well#n#5 in#n#3 peak#n#5 summer#n#1 June#n#1 September#n#1 wind#n#1 usually#r#1 fairly#r#3 benign#a#2 so#n#1 it#n#1 normally#r#1 make#v#3 much#a#1 difference#n#1

@ in your face
$ literally
include#v#3 fat#n#1 distribution#n#2 menstruation#n#1 body#n#7 composition#n#2 body#n#1 facial_hair#n#1 growth#n#1 growth#n#1 Acne#n#1 Control#n#5 Natural#a#1 Way#n#6 Hawkins#n#1 Want#n#2 get#v#1 rid#v#1 in#n#3 face#n#1 but#r#1 be#v#1 currently#r#1 low#a#2 on#r#3 budget#n#1 about#r#4 look#v#2 acne#n#1 control#n#5 avoid#v#1 sudden#a#1 appearance#n#1 acne#n#1 in#n#3 skin#n#1

@ in your face
$ literally
CLIMB#n#3 OVER#n#1 HEDGE#v#1 be#v#1 too#r#1 little#a#1 prickly#a#2 climb#n#3 CRAWL#n#1 UNDER#a#1 HEDGE#v#1 smell#n#3 dirt#n#1 in#n#3 face#n#1 feel#n#2 on#r#3 back#n#5 a#n#6 crawl#n#2 under#a#1 hedge#v#1 find#v#2 In#n#1 Park#n#2 Near#a#1 in#n#1 a#n#1 large#a#1 sunny#a#1 park#n#2 nearly#r#1 empty#v#1 most#a#2 people#n#1 be#v#1 parade#n#2 circus#n#2 on#r#3 Park#n#2 Street#n#1 An#n#1 apple_tree#n#1 an#n#1 elm_tree#n#1 stand#n#10 nearby#a#1

@ in your face
$ literally
I#n#3 hope#n#6 home#n#2 fact#n#1 it#n#1 pretty#r#1 hard_surface#v#1 very#a#2 close#n#2 a#n#1 cloth#n#1 pad#n#4 pad#n#4 hurt#n#1 a#n#4 hell#n#4 a_lot#r#1 I#n#1 it#n#1 in#n#3 face#n#1 In#n#3 comparison#n#1 I#n#1 imagine#v#1 feel_like#v#1 a#n#3 soothe#v#1 flannel#n#3

@ in your face
$ literally
Do#v#2 forget#v#1 get_out#v#1 explore#v#1 though#NR A#n#6 good#n#1 start#v#12 be#v#1 a#n#4 leisurely#r#1 horse#n#1 ride#v#1 along#r#5 feel#n#2 breeze#n#1 in#n#3 face#n#1 get_back#v#1 nature#n#4 Take#v#17 time#n#5 explore#v#1 a_little#r#1 far#r#2 afield#r#2 Rotterdam#n#1 approximately#r#1 20#a#1 can#n#5 visit#n#1 zoo#n#1 take_in#v#10 sight#n#7 on#r#3 a#n#1 harbour#n#1 cruise#v#3

@ in your face
$ literally
I#n#1 room#n#1 thinking#n#1 go#v#1 bed#n#1 Prince#n#1 me#n#1 as#n#2 an#n#1 old#a#2 friend#n#4 A#n#4 look#n#4 in#n#3 face#n#1 say#v#6 he#n#1 me#n#1 recognition#n#1 mutual#a#2 I#n#1 directly#r#4 in#n#1 spite#v#1 sixteen#n#1 year#n#3 have#v#2 see#v#5 each#a#1 other#a#1 at#n#1

@ know the score
$ figuratively
Trustee#n#2 Till#n#2 divorce#n#1 do#v#9 us#n#1 part#n#5 damned#a#2 but#r#1 solve#v#1 pension#n#1 share#v#2 score#n#3 page#n#1 On#r#3 active#n#2 service#n#2

@ know the score
$ figuratively
most#a#1 sincerely#r#1 a#n#6 former#a#3 fan#n#1 Jazz#n#2 I#n#1 know#v#1 no_more#r#2 a#n#1 word#n#1 ignorant#a#2 mass#n#2 especially#r#1 but#r#1 people#n#1 taste#n#1 who#n#1 know#v#1 score#n#3 so#n#1 no#a#1 hesitation#n#2 in#n#1 new#a#1 on#r#3 theme#n#1 It#n#1 Trad#n#1 dad#n#1 but#r#1 it#n#1 in#n#1 a#n#1

@ know the score
$ figuratively
There#n#1 be#v#3 also#r#1 15#n#1 have#v#1 Phantom#n#2 Menace#n#1 then#r#2 will#n#3 know#v#1 score#n#3 here#n#2 originally#r#1 available#a#1 on#r#3 net#n#3 run_around#v#1 minute#n#1 each#a#1

@ know the score
$ figuratively
It#n#1 glorious#a#1 Live#a#2 action#n#2 roleplaying#n#1 just#a#3 escapism#n#1 another#a#1 level#n#1 one#n#1 score#n#3 NOT#r#1 REAL#n#2 A#n#1 GAME#n#2 there#n#1 be#v#1 so#r#9 many#a#1 around#r#3 bound#n#1 find#v#4 one#n#1 at#n#1 feel#v#1 comfortable#a#1 Plus#n#1 really#r#1 feel_like#v#1 weekend#n#1

@ know the score
$ figuratively
4#n#1 Groom#v#3 Guide#v#1 Planning#n#3 a#n#1 Stag#n#2 Weekend#n#1 best_man#n#1 rubbish#n#1 guide#v#1 will#n#3 help#n#2 plan#n#1 stag#n#2 weekend#n#1 complete#a#1 success#n#2 knowing#n#1 score#n#3 There#n#1 be#v#1 two#n#1 very#a#2 good#a#1 check_out#v#1 stag#n#2 weekend#n#1 officially#r#1 leaving#n#1 it#n#1 all#a#2 good#a#1 Man#n#4

@ know the score
$ figuratively
can#n#5 be#v#1 luminous#a#1 then#r#2 be#v#1 start#v#12 long#a#1 track#n#1 Know#v#1 Score#n#3 an#n#1 feel#n#2 in#n#1 some#a#1 crisp#v#1 drum#v#2 keyboard#n#1 Gradually#r#1 though#NR it#n#1 a#n#4 fairly#r#3 gentle#v#2 mix#n#3 percussion#n#1

@ know the score
$ figuratively
I#n#1 have#v#2 a#n#1 row#n#4 break_out#v#1 auctioneer#n#1 a#n#1 special#a#1 compound#n#2 further#v#2 away#r#5 rest#v#6 some#a#1 pissed_off#a#1 about#r#4 want#v#1 know#v#1 score#n#3 A#n#1 dealer#n#2 last#v#1 week#n#1 in#n#1 another#a#1 on#r#3 price#n#1 a#n#4 TT#n#3 sale#n#5 6#n#1 at_all#r#1 about#r#3

@ know the score
$ figuratively
A#n#4 site#n#1 base#v#2 in#n#3 Sheffield#n#1 on#r#3 as_well#r#1 a#n#1 plenty#n#2 useful#a#1 information#n#2 Know#v#1 score#n#3 Drug#n#1 information#n#1 advice#n#1 not#r#1 moral#a#1 site#n#1 information#n#1 on#r#3 effect#n#1 many#a#1 different#a#1 a#n#1 site#n#1 design#v#4 Police#n#1 raise#v#2 drug#n#1 awareness#n#1 in#n#1 young#a#1 people#n#1

@ know the score
$ figuratively
Young#n#9 people#n#1 be#v#1 no#a#1 day#n#3 at#n#1 school#n#1 cake#n#3 sale#n#3 know#v#1 score#n#3 So#n#1 benefit#n#1 as#n#1 part#n#2 youth#n#3 programme#n#4

@ know the score
$ figuratively
do#v#9 need#v#2 promise#v#4 earth#n#3 in_fact#r#1 rather#r#2 under#a#1 promise#n#1 over#n#1 deliver#v#3 Most#a#2 people#n#1 realise#v#1 thing#n#12 can#n#5 do#v#9 go_wrong#v#1 rather#r#2 know#v#1 score#n#3 up#a#1 front#n#4 find_out#v#1 get#v#1 badly#r#2 let_down#v#1 key#n#15 success#n#2 opening#n#1 up#a#1 communication#n#2 process#n#6 actually#r#2 get#v#1 a#n#1 favourable#a#2 result#n#1

@ know the score
$ figuratively
new#a#1 so#n#1 a#n#1 room#n#1 first#a#1 will#n#3 help#n#2 us#n#1 choose#v#1 who#n#1 remain#v#1 room#n#1 Just#a#3 so#r#9 know#v#1 score#n#3 name#n#1 Helen#n#1 I#n#1 own#a#1 house#n#1 be#v#1 28#n#1 use#v#6 live_in#v#1 it#n#1 but#r#1 move#n#3 south#n#1 partner#n#2 work#n#6 have#v#2 maintenance#n#1 people#n#1 on_hand#a#1 any#a#1 house#n#11 will#n#3 be#v#1 quickly#r#2 efficiently#r#1 be#v#1 friendly#a#1 helpful#a#1

@ know the score
$ figuratively
be#v#1 BIKERS#n#1 know#v#1 score#n#3 be#v#1 only#a#1 small#a#1 but#r#1 as#n#1 say#v#6 good#a#1 thing#n#12 come_in#v#1 small#n#1 can#n#4 only#a#1 cater#v#1 a#n#1 maximum#n#1 12#n#1 by#r#2 use#v#1 all#a#1 make#v#6 more#a#2 money#n#1 by#r#2 squeeze#v#4 in#n#1 more#a#2 but#r#1 it#n#1 be#v#1 so#r#9 enjoyable#a#1 or#n#1 us#n#1 OPEN#v#1 FEBRUARY#n#1 1st#a#1 NOVEMBER#n#1 1st#a#1

@ know the score
$ figuratively
But#r#1 know#v#1 protect#v#1 but#r#1 not#r#1 by#r#2 use#v#1 violence#n#2 know#v#1 score#n#3 know#v#1 all#a#1 little#a#1 make#v#3 system#n#1 work#n#6 get#v#2 really#r#1 get_away#v#2 blue_murder#n#1

@ know the score
$ figuratively
Just#a#3 feel#v#1 like#a#1 I#n#1 say#v#6 world#n#1 At#n#1 PM#n#2 say#v#6 who#n#1 get#v#15 depress#v#3 sometimes#r#1 Spencer#n#1 cant#n#3 wait#n#1 next#a#2 blog#n#1 i#n#1 really#r#1 want#n#2 know#v#1 score#n#3 on#r#3 Anna#n#1 also#r#1 holiday#n#2 i#n#1 in#n#3 Australia#n#1 a_few#a#1 year#n#1 ago#a#1 love#v#1 it#n#1 I#n#1 also#r#1 have#v#6 bird#n#1 flu#n#1 at#n#1 moment#n#6 so#n#1 i#n#1 sympathise#v#1 hope#n#2 pop#n#1

@ know the score
$ figuratively
Ignorance#n#1 it#n#1 not#r#1 bliss#n#1 old#a#1 Bill#n#3 might#n#1 know#v#1 score#n#3 but#r#1 be#v#1 familiar#n#1 law#n#4 Misuse#v#1 Act#v#1 control#v#4 three#n#1 Class#n#4 A#n#1 Class#n#7 B#n#2 Class#n#7 be#v#1 a#n#1 category#n#1 according#a#1 harmful#a#1 be#v#1 consider#v#1 be#v#1 individual#n#1 society#n#2

@ know the score
$ figuratively
I#n#1 can#n#5 understand#v#1 hurt#n#5 frustration#n#1 disappointment#n#1 anger#n#1 allegedly#r#1 by#r#1 many#a#1 Mesh#n#4 system#n#1 I#n#1 sympathise#v#1 all#r#1 Anyway#r#1 all#r#1 want#v#1 say#v#5 about#r#4 Mesh#n#4 thread#n#1 say#v#6 elsewhere#r#1 I#n#1 think#v#3 all#a#1 know#v#1 score#n#3 Murdoch#n#2 only#a#1 here#n#2 three#n#1 but#r#1 mind#n#1 a#n#6 value#v#4 member#n#1 community#n#1 it#n#1 good#a#1 have#v#2 here#r#2 so#n#1 do#v#9 be#v#1 bloody#a#1 stupid#a#1 get_back#v#2

@ know the score
$ figuratively
Entrance#n#1 Lobby#n#1 Staff#n#2 Restroom#n#1 Slider#n#1 Game#n#7 Beloved#n#1 Christmas#n#2 Cracker#n#1 everywhere#r#1 know#v#1 score#n#3 click#v#1 Start#v#7 one#n#1 piece#n#3 will#n#3 be#v#1 remove#v#1 remainder#n#4 then#r#2 have#v#2 put#v#1 picture#n#6 back#n#5 together#r#3 by#r#1 slide#v#3 around#r#4

@ know the score
$ figuratively
good#a#1 bit#n#6 nibble#n#1 on#r#3 a#n#1 roast#n#1 pineapple#n#1 banana#n#1 coconut#n#2 sorbet#n#1 All#a#1 in#n#1 a#n#1 refined#a#1 ambience#n#1 glamour#v#1 relaxation#n#5 who#n#1 know#v#1 score#n#3 After#r#1 meal#n#1 why#n#1 not#r#1 order#n#8 a#n#1 champagne#n#2 cocktail#n#2 make_way#v#1 down#a#1 curving#a#1 staircase#n#1 groove#n#1 it#n#1 all#a#1 off#a#1 on#a#1 dance_floor#n#1

@ know the score
$ figuratively
I#n#1 ready#a#1 action#n#4 I#n#1 I#n#1 score#n#3 However#r#1 all#a#1 George#n#1 suppress#v#3 me#n#1 milk#n#1 new#a#1

@ know the score
$ figuratively
constantly#r#1 door#n#1 at#n#1 department#n#1 not#r#1 helpful#a#1 transport#n#3 industry#n#2 give#v#3 new#a#1 always#r#4 take#v#10 master#v#3 subject#v#3 Darling#n#1 score#n#3 clearly#r#1 some#a#1 understanding#n#2 He#n#1 win#v#4 over#n#1 idea#n#1 road#n#1 price#v#1 prepare#v#1 push#n#4 agenda#n#2 on#r#3 issue#n#7 knowing#n#1 it#n#1 will#n#3 never#r#1 be#v#1 implement#v#3 watch#v#2

@ know the score
$ figuratively
need#n#3 someone#n#1 liaise#v#1 Egyptian#n#1 government#n#1 about#r#4 also#r#1 sort_out#v#1 can#n#5 be#v#1 make#v#31 public#a#1 must#n#3 remain#v#1 undisclosed#a#1 will#n#3 be#v#1 do#v#9 he#n#1 score#n#3 or#n#1 some#a#1 it#n#1 I#n#1 quite#r#3 happy#a#1 let#v#6 take#v#10 credit#n#2 require#v#1 maintain#v#1 kitchen#n#1 food#n#1 manner#n#1 change#v#1 volcanic#a#3 Arctic#n#1

@ know the score
$ figuratively
trim#v#3 breeze#n#1 Jet#n#2 Le#n#1 Scratchy#a#3 Flow#n#1 vocalist#n#1 Carnage#n#1 Maximum#n#3 beat#v#3 by#r#1 Weed#n#2 know#v#1 score#v#5 have#v#13 extend#v#2 creative#a#1 edge#n#6 each#a#1 band#n#7 member#n#1 own#a#1 comic#n#1 character#n#1 make#v#3 a#n#1 modern#a#1 east#n#3 london#n#1 Marvel#v#1 comic_strip#n#1

@ know the score
$ figuratively
up#a#1 slowly#r#1 by#r#1 band#n#7 look#v#2 set#v#1 be_given#v#1 next#a#2 big#a#1 thing#n#12 treatment#n#1 by#r#1 make#v#2 Either#r#1 way#n#6 just#a#3 get#v#1 two#n#1 in#n#3 so#n#1 know#v#1 score#n#3 leave#v#5 comfort#n#7 back_room#n#1 too#r#1 long#a#2 band#n#7 base#v#2 in#n#3 London#n#1 have#v#2 line#v#3 up#a#1 over#n#1 coming#n#1 in#n#1 around#r#3 capital#n#1 check_out#v#1 regret#v#4 it#n#1

@ know the score
$ figuratively
or#n#1 not#r#1 it#n#1 will#n#3 achieve#v#1 aim#v#1 detrimental#a#1 affect#v#4 it#n#1 may#n#1 have_on#v#1 a#n#4 matter#n#3 debate#n#2 In#n#1 meantime#n#1 communication#n#2 service#n#2 need#n#3 know#v#1 score#n#3 code#n#3 set_out#v#1 on#r#3 a#n#1 voluntary#n#2 basis#n#1 time#n#5 in#n#3 it#n#1 be#v#1 advisable#a#1 retain#v#2 data#n#1 national#a#2 security#n#4 time#n#5 may#n#1 well#n#1 extend#v#2 beyond#r#1 time#n#7 datum#n#1 be#v#1 hold#v#18 purely#r#1 commercial#a#1

@ know the score
$ figuratively
evening#n#1 will#n#3 feature#n#2 discussion#n#1 live#v#1 music#n#1 vegan#n#1 bar#n#3 climate_change#n#1 fun#n#2 know#v#1 score#n#3 evening#n#1 at#n#1 Oil#n#1 Be#v#1 Damned#a#1 Film#n#1 about#r#4 pipeline#n#2 project#n#1

@ know the score
$ figuratively
After#r#2 World#n#4 War#n#1 Two#n#1 who#n#1 score#n#3 take_over#v#1 around#r#3 all#a#1 time#n#5

@ know the score
$ figuratively
BUT#r#1 one#n#1 review#n#8 I#n#1 read#v#1 chip#n#7 about#r#4 be#v#1 out#n#1 a#n#1 processor#n#3 will#n#3 then#r#2 be#v#1 bring#v#1 in#n#1 a#n#1 new#a#1 one#n#1 Prescott#n#1 So#n#1 I#n#1 do#v#9 want#n#2 do#v#9 I#n#1 know#v#1 score#n#3 PLUS#n#1 I#n#1 have#v#2 nothing#n#1 upgrade#v#3 so#r#9 why#n#1 not#r#1 wait#n#1 till#v#1 stuff#n#1 come_down#v#1 in#n#3 price#n#2 OR#n#1 there#n#1 a#n#4 big#a#1 good#a#1 type#n#6 processor#n#3 Agree#v#3

@ know the score
$ figuratively
here#n#2 be#v#1 again#r#1 a#n#1 full#a#1 length#n#1 album#n#2 Year#n#3 paying_attention#n#1 then#r#2 know#v#1 score#n#3 jazz#n#2 punk#n#4 attitude#n#2 set#v#1 Goddess#n#1

@ know the score
$ figuratively
More#a#2 info#n#1 Sun#n#1 19#n#1 Mar#n#2 Exist#v#1 Standing#n#1 In#n#3 City#n#1 know#v#1 score#n#3 Four#n#2 stick#v#16 in#n#1 nowhere#r#1 all#a#1 do#v#9

@ know the score
$ figuratively
March#n#2 all#a#1 know#v#1 score#n#3 want#n#2 ultimate#a#1 home#n#2 cinema#n#2 system#n#1 in#n#3 living_room#n#1 in#n#3 cinema#n#2 home#n#2 mentality#n#1

@ know the score
$ figuratively
get_together#v#4 all#a#1 stop#n#7 let#v#3 know#v#1 so#r#9 know#v#1 score#n#3 he#n#1 sell#v#1 grind#v#4 move#v#3 us#n#1 nowhere#r#1 piss#n#1 off#v#1 Please#v#1 do#v#5 let#v#3 it#n#1 happen#v#1

@ know the score
$ figuratively
first#a#1 intrepid#a#1 encounter#n#2 groovy#a#1 mag#n#1 I#n#1 hope#n#6 enjoy#v#4 experience#v#5 find#v#12 humble#a#2 few#a#1 suitably#r#1 entertain#v#1 informative#a#2 challenge#v#2 already#r#1 an#n#1 old#a#2 friend#n#4 know#v#1 score#n#3 No#a#1 room#n#1 more#a#2

@ know the score
$ figuratively
story#n#2 exactly#r#3 compel#v#1 either#r#1 know#v#1 score#n#3 nasty#a#1 in#n#3 Mexico#n#1 City#n#1 be#v#1 threaten#v#1 do#v#9 all#a#1 horrible#a#1 thing#n#12 attempt#n#1 kidnap#v#1 country#n#2 president#n#2 in_order#a#1 facilitate#v#3 It#n#1 sort#n#1 plot#n#3 be#v#1 tobacco#n#1 invent#v#1 fag#n#2 circumvent#v#3

@ know the score
$ figuratively
a#n#1 date#n#6 value#n#2 being#n#2 prescribed#a#4 it#n#1 perhaps#r#1 otherwise#a#1 be#v#1 it#n#1 must#n#3 estate#n#3 not#r#1 only#a#1 time#n#5 order#n#10 make#v#3 but#r#1 also#r#1 at#n#1 value#n#2 share#n#1 at#n#1 time#n#5 order#n#10 Now#r#1 at_least#r#1 score#n#3 93#a#1

@ know the score
$ figuratively
Do#v#9 have#v#2 rely_on#v#2 near#a#1 shard#n#1 a#n#1 George#n#1 Michael#n#1 or#n#1 a#n#4 George#n#1 Michael#n#1 know#v#1 score#n#3 Nov#n#1 21#n#1 pm#n#3 hampton#n#1 Forum#n#2 General#a#1 Topic#n#2 submit#v#1 own#a#1 at#n#1 Author#n#1 hampton#n#1 Nov#n#1 21#n#1 pm#n#1 yes#n#1 it#n#1 true#a#1 supposedly#r#1 can#n#5 submit#v#1 own#a#1 at#n#1

@ know the score
$ figuratively
Cover#v#1 Record#n#7 EX#n#3 WARNER#n#2 One#n#1 stand_out#v#4 on#r#3 recent#a#2 Fat#n#1 City#n#1 45#a#1 III#a#1 LP#n#1 by#r#1 very#a#2 own#a#1 renegade#n#2 scouse#n#1 know#v#1 score#n#3 by#r#1 now#r#1 one#n#1 heavy#a#1 spaced#a#2 out#n#1 string#n#2 a#n#1 break#n#3 people#n#1 be#v#1 still#n#3 interest#v#1 in#n#1 type#n#6 thing#n#12 It#n#1 good#a#1 track#n#1 off#r#2 Cosmic#a#2 Force#n#5 LP#n#1 all#a#1 contain#v#6 on#r#3 a#n#1 lovely#a#1 portable#a#2 45#a#1

@ know the score
$ figuratively
Think#v#3 sailor#n#2 top#n#9 know#v#1 score#n#3 Wonderful#a#1

@ know the score
$ figuratively
Monday#n#1 12#n#1 West#n#3 Yorkshire#n#1 Police#n#1 want#n#2 rugby#n#1 know#v#1 score#n#3 it#n#1 behaviour#n#4 have#v#6 join#v#2 Super#n#1 League#n#1 side#n#11 Leeds#n#1 Premiership#n#1 team#n#1 Leeds#n#1 in#n#1 a#n#1 new#a#9 partnership#n#1 deal#n#3 special#a#1 being#n#2 up#a#1 be#v#1 send#v#1 Sin#n#2 Bin#n#1

@ know the score
$ figuratively
make#v#3 it#n#1 clear#a#1 young#a#1 squad#n#2 Sussex#n#1 be#v#1 not#r#1 able#a#1 afford#v#3 wage#n#1 big#a#1 so#n#1 know#v#1 score#n#3 So#n#1 can#n#5 a#n#1 county#n#1 like#a#1 Sussex#n#1 stage#n#3 international#a#1 cricket#n#2 unlike#a#2 eight#n#2 first#a#1 division#n#2 compete#v#1

@ know the score
$ figuratively
Mass#n#1 at#n#1 Oratory#n#1 on#r#3 Sunday#n#1 morning#n#1 I#n#1 go#v#30 give#v#26 sermon#n#1 again#NR but#r#1 a#n#4 response#n#2 post#v#4 last#v#1 week#n#1 sermon#n#1 on#r#3 a#n#6 similar#a#3 theme#n#3 so#n#1 look_away#v#1 now#r#1 want#n#2 know#v#1 score#n#3 Thank#v#1 let#v#3 us#n#1 know#v#1 Letter#n#1 God#n#2 a#n#1 clear#a#1 a#n#4 a#n#4 signpost#n#1 be#v#1 me#n#1 in#n#3 answer#v#7

@ know the score
$ figuratively
Extraordinary#a#1 Story#n#1 Happy#a#1 he#n#1 have#v#11 roll#v#18 in#n#3 John#n#5 down#n#5 Lane#n#2 season#n#2 score#n#3 There#n#1 will#n#3 be#v#1 an#n#1 auction#n#1 a#n#1 raffle#v#1 both#a#1 sign#v#5 merchandise#n#1 some#a#1 quality#n#1 not#r#1 be#v#1 miss#v#2 proceeds#n#1 will#n#3 be#v#3 go#v#7 Turner#n#8 Appeal#n#1

@ know the score
$ figuratively
Know#v#1 Score#n#3 Scotland#n#1 Scottish#a#1 Executive#n#3 have#n#1 up#a#1 highlight#n#2 around#r#3 drink#v#1 drug#n#1 use#v#1 a#n#1 get#v#15 full#v#2 swing#n#7 across#r#1 Scotland#n#1 Being#n#2 at#n#1 university#n#1 or#n#1 college#n#2 one#n#1 most#a#2 important#a#2 exciting#a#1 in#n#1 a#n#1 life#n#12

@ know the score
$ figuratively
disc#n#4 viewer#n#1 treat#v#2 an#n#1 advertisement#n#1 be#v#1 honest#a#3 fast#a#1 forward#n#2 through#a#2 I#n#1 know#v#1 score#n#3 I#n#1 just#a#1 want#n#2 film#n#1 pop_up#v#1 quick#a#1 Picture#n#6 great#n#1 effect#n#2 once_more#r#1 here#n#2 it#n#1 in_all#r#1 interlace#v#1 glory#n#3

@ know the score
$ figuratively
a#n#1 shop#n#1 kinda#r#1 person#n#1 get#v#1 car_park#n#1 it#n#1 outside#a#4 White#n#1 Rose#n#1 Centre#n#2 know#v#1 score#n#3 A#n#1 word#n#1 warning#n#1 though#r#1 noise#n#1 noise#n#1 noise#n#1

@ know the score
$ figuratively
Faced#a#1 exposure#n#7 humiliation#n#1 on#r#3 a#n#1 monumental#a#1 scale#n#9 immediate#a#4 response#n#2 phone#n#1 not#r#1 a#n#1 counsellor#n#2 or#n#1 a#n#4 friend#n#4 advice#n#1 but#r#1 a#n#4 photographer#n#1 an#n#1 Famous#a#1 beyond#r#2 meaning#n#1 word#n#1 British#n#1 public#n#1 know#v#1 score#n#3 only_too#r#1 well#n#1 own#a#1 be#v#1 feel#v#4 a_bit#r#1 let_down#v#1 by#r#1 David#n#3 naughtiness#n#1 indifference#n#4

@ know the score
$ figuratively
Probably#r#1 not#r#1 but#r#1 I#n#1 be#v#3 go#v#7 say#v#6 it#n#1 anyhow#r#1 Maybe#r#1 I#n#1 just#a#1 point#n#15 Ed#n#1 say#v#6 he#n#1 score#n#1 Apart#r#4 Ms.#n#1 bit#n#11

@ know the score
$ figuratively
New#a#1 law#n#4 do#v#9 know#v#1 score#n#3 day#n#3 law#n#4 almost#r#1 every#a#1 area#n#1

@ know the score
$ figuratively
water#n#2 take#v#17 on_board#r#1 especially#r#1 who#n#1 18#n#1 ready#a#1 30#n#1 degree#n#1 heat#n#7 score#n#3 by#r#1 now#r#1 a#n#1 wilting#n#1 over#n#1 on#a#1 Saturday#n#1 afternoon#n#1 in#n#1 last#n#6 6#n#1 by#r#1 a#n#4 walker#n#3 who#n#1 eventually#r#1 beat#n#1 by#r#1 over#n#1 4#n#1 minutes#n#1

@ know the score
$ figuratively
Mike#n#1 Pat#a#2 fallout#n#1 tell#v#2 leave#v#5 just#a#3 left#a#1 a#n#1 note#n#3 24#n#1 hour#n#2 be#v#1 discover#v#1 saying#n#1 score#n#3 Needless#a#1 say#v#6 blame#n#1 flying#n#1 around#r#5 but#r#1 claim#n#2 none#n#2 it#n#1

@ know the score
$ figuratively
Constable#n#3 Temple#n#3 lick#v#3 anxiously#r#1 score#n#3 call#v#15 first#a#1 over#n#1 radio#n#2 Temple#n#3 have#v#1 expect#v#3 find#v#2 a#n#1 prostitute#n#1 recover#v#3 either#r#1 a#n#1 batter#v#2 or#n#1 an#n#1 overdose#v#1 maybe#r#1 a#n#1 tramp#n#4 who#n#1 fall#v#26 foul#v#7 mindless#a#1 thug#n#1 element#n#3 in#n#2 area#n#1 But#r#1 on#r#3 arrival#n#2 he#n#1 Bailey#n#2 order#v#9 wait#n#1 outside#a#4 site#n#1 perimeter#n#1 along#r#1 all#a#1 other#a#1

@ know the score
$ figuratively
Moreover#r#1 late#a#1 lead#v#6 dance#n#3 such#a#1 a#n#1 Conference#n#1 Council#n#1 on#r#3 Summer#n#1 Dance#n#3 Festival#n#2 English#n#1 Dance#n#3 Festival#n#2 Sequence#n#1 know#v#1 score#n#3 Hope#n#4 enjoy#v#2 issue#n#7

@ know the score
$ figuratively
fit#v#2 then#r#2 release#n#2 new#a#1 handheld#a#1 see#v#5 return#n#11 one#n#1 define#v#1 generation#n#2 in#n#3 first#a#1 place#n#9 By#r#1 now#r#1 however#r#1 know#v#1 score#n#3 Plenty#n#2 have#v#1 successful#a#1 Wipeout#n#1 formula#n#7 excellent#a#1 atrocious#a#1 Dodgem#n#1 Arena#n#3 distinctly#r#2 average#a#6

@ know the score
$ figuratively
say#v#5 DJ#v#1 Dickie#n#2 know#v#1 score#n#3

@ know the score
$ figuratively
Love#n#1 just#a#3 a#n#1 pass#v#8 word#n#1 It#n#1 thought#n#2 in#n#1 a#n#1 taxi#n#1 cab#n#3 left#a#1 on#r#3 kerb#n#1 he#n#1 off#v#1 at#n#1 East#n#3 But#r#1 then#r#2 know#v#1 score#n#3 by#r#1 now#r#1 a#n#1 native#n#1 New#a#1 Like#a#1 king#n#1 floor#n#2 urge#n#1 find#v#2 an#n#1 escape#n#1 somehow#r#2 get_out#v#5 social#a#2 rat#v#5 trap#v#2

@ know the score
$ figuratively
Really#r#1 keep#v#3 it#n#1 People#n#1 So#n#1 only#a#1 column#n#7 Official#n#1 Bacon#n#1 Movie#n#1 Guarantee#n#1 I#n#1 make_sure#v#1 know#v#1 score#n#3 about#r#4 before#r#2 even#a#3 make_it#v#2 through#a#2 local#n#1 multiplex#n#1 There#n#1 however#r#1 a#n#1 tiny#a#1 problem#n#2

@ know the score
$ figuratively
know#v#1 score#n#3 house#n#1 bring#v#1 booze#n#1 friendly#a#1 people#n#1 Whatever#a#1 do#v#5 please#v#2 tell#v#4 scarey#a#1 manager#n#2 I#n#1 live#v#1

@ know the score
$ figuratively
a#n#4 trade#n#2 sale#n#3 there#n#1 a_lot#r#1 more#a#1 deal#n#3 emotional#a#2 side#n#5 In#n#1 a#n#1 private#a#1 company#n#1 it#n#1 a#n#1 score#n#3 at#n#1 outset#n#1 Even#a#3 identify#v#2 right#n#1 buyer#n#1 deal#n#3 far#a#1 over#n#1

@ know the score
$ literally
I#n#1 argue#v#1 though#NR some#a#1 advance#v#9 indication#n#1 Road#n#1 somewhere#n#1 in#n#3 ball#n#5 park#n#3 Cup#n#5 runner#n#5 up#a#1 form#n#1 good#a#1 PR#n#1 in#n#2 day#n#3 age#n#2 There#n#1 ample#a#1 scope#n#4 in#n#1 both#a#1 Sportsman#n#1 let#v#3 know#v#1 score#n#3 factor_in#v#2 a#n#1 potentially#r#1 top#n#3 sprint#n#1 handicapper#n#1 all#a#1 know#v#1 strong#a#1 Ayr#n#1 betting#a#1 market#n#4

@ know the score
$ literally
Football#n#1 League#n#1 good#a#1 there#n#1 not#r#1 much#a#1 I#n#1 miss#n#1 about#r#7 it#n#1 A#n#4 few#a#1 thing#n#12 like#v#1 knowing#n#1 score#n#3 at#n#1 other#a#1 But#r#1 despite#n#1 small#a#1 I#n#1 in#n#3 no#a#1 hurry#n#1 go_back#v#3

@ know the score
$ literally
think_about#v#1 it#n#1 most#a#2 time#n#5 do#v#9 need#v#1 know#v#1 But#r#1 equally#r#2 do#v#9 want#v#2 make#v#31 mistake#n#1 make#v#3 at#n#1 in#n#3 Open#v#1 in#n#3 he#n#1 know#v#1 score#n#3 thought#n#2 he#n#1 need#v#2 make#v#31 birdie#n#1 he#n#1 only#a#1 need#v#1 par#n#2 He#n#1 too#r#1 aggressive#a#1 make#v#3 bogey#n#2

@ know the score
$ literally
not#r#1 go#v#1 call#v#5 let#v#3 I#n#1 just#a#1 have#v#6 pull#v#1 game#n#3 out#n#1 know#v#1 score#n#3 New#a#1 York#n#1 Oklahoma#n#1 Extra#n#2 cheese#n#1 chicken#n#1 a_bit#r#1 green_pepper#n#1 move#n#4 flight#n#4 up#a#1

@ know the score
$ literally
But#r#1 like#v#1 say#v#6 good#a#1 not#r#1 even#a#3 listen_in#v#2 1#n#1 place#n#1 Reply#n#1 author#n#1 TT#n#3 s#n#1 ghost#n#3 on#r#3 10#n#1 Aug#n#1 Message#n#2 just#a#3 back#n#6 a_few#a#1 day#n#3 manure#n#1 go#v#1 anyway#r#1 but#r#1 mat#v#1 put#v#1 it#n#1 on#r#1 dvd#n#1 me#n#1 so#n#1 ill#n#1 watch#n#1 it#n#1 i#n#1 know#v#1 score#n#3 Reply#n#1 author#n#1 on#r#3 10#n#1 Aug#n#1 Message#n#2 Marsh#n#1 never#r#1 Oxford#n#1 Unite#v#1 thrashing#n#2 beloved#n#1 at#n#1 Wembley#n#1 Hence#r#1 catty#n#1

@ know the score
$ literally
england#n#1 Topic#n#1 Sussex#n#1 v#n#1 Durham#n#1 Over#n#1 by#r#1 Over#n#1 Day#n#1 1#n#1 3#n#1 Forum#n#2 Post#v#4 Aug#n#1 17#n#1 pm#n#3 Subject#n#3 Sussex#n#1 v#n#1 Durham#n#1 Over#n#1 by#r#1 Over#n#1 Day#n#1 1#n#1 3#n#1 actually#r#2 know#v#1 score#n#3 Topic#n#1

@ know the score
$ literally
Worthless#a#1 Jack#n#3 want#v#1 know#v#1 score#n#3 up#a#1 game#n#2 Daniel#n#3 tolerantly#r#1 I#n#1 get#v#1 old#a#1 Jack#n#3

@ know the score
$ literally
bos#n#1 King#n#1 though#r#1 delight#v#1 team#n#1 performance#n#1 despite#n#1 defeat#n#1 I#n#1 thought#n#1 excellent#a#1 today#n#1 but#r#1 credit#n#2 I#n#1 know#v#1 score#n#3 but#r#1 I#n#1 do#v#9 think#v#3 it#n#1 a#n#4 game#n#3 I#n#1 be#v#1 very#a#2 proud#a#1 At#n#1 half#n#2 time#n#5 down#a#1 but#r#1 I#n#1 I#n#1 thought#n#2 play#v#1 good#a#1 I#n#1 thought#n#2

@ know the score
$ literally
It#n#1 pretty#r#1 cool#a#4 laid-back#a#1 I#n#1 know#v#1 score#n#3 most#a#2 meeting#n#1 so#n#1 it#n#1 quite#r#3 a#n#1 exciting#a#1 me#n#1 as#n#2 know#v#1 up#a#1 it#n#1 moment#n#5 out_in#v#1 a#n#1 farcical#a#1 second#n#1 heat#n#7

@ play it by ear
$ literally
Distort#v#2 audio#n#4 will#n#3 a#n#1 sound#n#6 horrible#a#1 b#n#3 make#v#3 sound#v#2 really#r#1 crappy#a#1 Just#a#3 play_it_by_ear#v#1 sic#v#1 get_it#v#1 it#n#1 reasonably#r#1 clear#a#1 undistorted#a#1 Remember#v#2 it#n#1 FM#n#1 so#n#1 it#n#1 already#r#1 lost#a#1 about#r#4 fidelity#n#2 be#v#1 convert#v#2 so#n#1 do#n#2 expect#v#1

@ play it by ear
$ figurativelly
Distort#v#2 audio#n#4 will#n#3 a#n#1 sound#n#6 horrible#a#1 b#n#3 make#v#3 sound#v#2 really#r#1 crappy#a#1 Just#a#3 play_it_by_ear#v#1 sic#v#1 get_it#v#1 it#n#1 reasonably#r#1 clear#a#1 undistorted#a#1 Remember#v#2 it#n#1 FM#n#1 so#n#1 it#n#1 already#r#1 lost#a#1 about#r#4 fidelity#n#2 be#v#1 convert#v#2 so#n#1 do#n#2 expect#v#1

@ play it by ear
$ figuratively
Good#a#1 thinking#n#1 I#n#1 go#v#1 land#n#5 about#r#7 half#n#1 a#n#1 mile#n#1 position#n#7 John#n#5 us#n#1 go#v#1 rest#v#6 way#n#6 on#r#3 foot#n#1 any#a#1 plan#n#1 form#v#4 yet#r#2 big_brother#n#1 No#a#1 one_time#r#1 I#n#1 think#v#3 have#v#2 play_it_by_ear#v#1 Scott#n#3 smile#v#1 Thunderbird#n#1 1#n#1 Scott#n#3 fire#v#3

@ play it by ear
$ figuratively
But#r#1 it#n#1 keep#v#1 education#n#1 a#n#1 will#n#3 sweat#n#4 will#n#3 get#v#1 sick#a#1 will#n#3 be_on#v#1 by#r#2 but#r#1 it#n#1 all#a#1 worth#n#2 it#n#1 Just#a#3 remember#v#2 Nepalese#a#1 like#v#1 play_it_by_ear#v#1 so#r#9 must#n#3 be#v#1 flexible#a#2 But#r#1 at#n#1 any#a#1 time#n#5 be#v#1 unhappy#a#1 situation#n#3 INFO#n#1 staff#n#1 very#a#2 accommodate#v#2

@ play it by ear
$ figuratively
I#n#1 always#r#1 say#v#6 it#n#1 flexible#a#2 like#a#1 an#n#1 experiment#n#1 I#n#1 see#v#24 website#n#1 me#n#1 play_it_by_ear#v#1 I#n#2 hope#n#6 I#n#1 have#v#2 I#n#1 hope#n#6 can#n#5 understand#v#1 a_bit#r#1 better#r#1

@ play it by ear
$ figuratively
link#v#1 request#v#1 Message#n#2 California#n#1 USA#n#1 Date#n#6 Message#n#2 great#a#3 one#n#1 I#n#2 be#v#1 plan#v#2 take#v#10 an#n#1 excursion#n#1 there#n#1 next#a#2 year#n#3 wonder#v#2 about#r#4 plan#v#2 get#v#1 country#n#2 country#n#2 bus#n#1 system#n#1 just#a#3 play_it_by_ear#v#1 Let#v#3 us#n#1 know#n#1

@ play it by ear
$ figuratively
I#n#1 agree#v#3 more#a#2 need#n#3 a#n#1 sense#n#2 country#n#2 pretty_much#r#1 a#n#1 joke#n#1 Comment#n#1 I#n#1 use#v#1 all#a#1 local#n#1 bus#n#1 service#n#2 get_around#v#2 about#r#4 say#v#6 I#n#1 play#v#1 it#n#1 by#r#2 ear#n#1 a#n#4 major#n#4 understatement#n#1 only#a#1 plan#v#2 I#n#1 say#v#6 about#r#4 a#n#1 month#n#2 country#n#2

@ play it by ear
$ figuratively
may#n#1 also#r#1 find#v#4 people#n#1 use#v#1 more#a#2 Play#v#1 it#n#1 by#r#2 ear#n#1 first#a#1 meet#v#7 a#n#1 new#a#1 person#n#1 France#n#1 be#v#1 signal#n#1 want#n#2 greet#v#1 by#r#1 not#r#1 shake#v#1 hand#n#1 but#r#1 by#r#2 kiss#v#1 on#a#1 cheek#n#1 will#n#3 use#v#1 There#n#1 be#v#1 two#n#1 describe#v#3 use#v#1 either#r#1 or#n#1 say#v#6 say#v#6 te#n#1 I#n#1

@ play it by ear
$ figuratively
Possibly#r#2 half#n#2 price#n#2 may#n#1 not#r#1 be#v#1 good#a#1 use#v#1 money#n#1 MM#n#1 Perhaps#r#1 play_it_by_ear#v#1 on#r#3 day#n#3 example#n#1 hold_back#v#2 free#a#1 entry#n#5 there#n#1 be#v#1 lot#n#3 people#n#1 joining#n#1 PB#n#1 there#n#1 a_lot#r#1 interest#n#5 way#n#12 work_at#v#1 moment#n#6 will#n#3 not#r#1 work#n#2

@ play it by ear
$ figuratively
also#r#1 on#a#1 other#a#1 on#a#1 one#n#1 occasion#n#1 seek#v#2 Counsel#n#2 Opinion#n#2 on#r#3 a#n#4 general#n#1 employment#n#2 matter#n#6 So#n#1 as#n#1 i#n#1 just#a#3 playing#n#3 it#n#1 by#r#2 ear#n#1 by#r#2 presence#n#1 on#r#3 Committee#n#1 A#n#1 Professor#n#1 letter#n#1 similar#a#1 apply#v#1 other#a#1 such#a#1 as#n#2 Personnel#n#1 Office#n#2 Estate#n#2 Management#n#1 Building#n#1 Service#n#6 be#v#1

@ play it by ear
$ figuratively
I#n#1 will#n#3 usually#r#1 top#a#1 up#a#1 swim#v#1 a#n#4 after#r#1 every#a#1 two#n#1 or#n#1 three#n#1 fish#n#1 have#v#1 Really#r#1 have#v#1 play_it_by_ear#v#1 it#n#1 regularity#n#2 feeding#n#1 Let#v#3 fish#n#1 dictate#v#2

@ play it by ear
$ figuratively
I#n#1 have#v#2 never#r#1 even#a#3 script#n#1 So#n#1 I#n#1 play_it_by_ear#v#1 I#n#1 want#v#1 safe#a#1 predictable#a#1 I#n#1 be#v#1 a#n#4 different#a#1 part#n#5

@ play it by ear
$ figuratively
However#r#1 there#n#1 be#v#1 time#n#5 none#n#2 be#v#1 use#v#1 have#v#2 be#v#1 able#a#1 play_it_by_ear#v#1 on#r#3 night#n#1 be#v#1 get#v#33 rowdy#n#1 a#n#1 quiet#a#5 game#n#3 may#n#1 help#n#2

@ play it by ear
$ figuratively
Do#v#9 I#n#1 tell#v#8 bos#n#1 I#n#1 have#v#2 a#n#1 problem#n#3 left_hand#n#1 or#n#1 do#v#9 I#n#1 just#a#1 carry_on#v#2 I#n#1 do#v#9 know#v#1 I#n#1 will#n#3 have#v#1 play_it_by_ear#v#1 take#v#1 extra#n#2 care#n#1 It#n#1 so#n#1 frustrate#v#1 as#n#1 I#n#3 a#n#6 very#a#1 accurate#a#1 typist#n#1 quick#n#1

@ play it by ear
$ figuratively
some_other#a#1 material#n#3 I#n#1 pretty_much#r#1 know#v#1 I#n#1 go#v#1 phrase#n#1 it#n#1 word#n#1 word#n#1 breath#n#1 breath#n#1 in#n#3 some#a#1 I#n#1 have#v#2 a#n#1 script#v#1 swallow#n#2 between#r#1 some#a#1 more#a#2 habitual#a#1 actually#r#1 written#a#1 in#n#1 a#n#1 script#n#1 it#n#1 all#a#1 part#n#2 timing#n#1 But#r#1 new#a#1 well#n#1 I#n#1 just#a#3 play#v#1 it#n#1 by#r#2 ear#n#1 I#n#1 think#v#3 I#n#1 use#v#1 material#n#3 again#r#1 at#n#1 some#a#1 point#n#15 I#n#1 suspect#n#2 some#a#1 it#n#1 will#n#3 inevitably#r#1 prove#v#1 not#r#1 be#v#1 as#n#1 funny#n#1 as#n#1 I#n#1 thought#n#2 I#n#1 it#n#1

@ play it by ear
$ figuratively
He#n#2 hear#v#1 Oswald#n#1 return#v#3 heavy#a#1 tread#n#4 size#n#2 thirteen#n#1 cause#v#1 stair#n#1 creak#n#1 groan#n#1 Look#v#2 at#n#1 in#n#3 dirty#v#1 dull#v#5 mirror#n#1 he#n#1 thought#n#2 I#n#1 play_it_by_ear#v#1 then#a#1 as#n#1 he#n#1 own#a#1 unintentional#a#2 pun#n#1 Amaze#v#2 funny#a#2 stuff#n#1 always#r#1 he#n#1 observe#v#1 in#n#1 bad#a#1 time#n#5

@ play it by ear
$ figuratively
Instead#r#1 being#n#2 causal#a#1 logical#a#1 truth#n#4 have#v#2 be#v#1 value#n#2 use#n#2 coincidence#n#3 us#n#1 back#n#5 realm#n#1 technology#n#2 as#n#1 play_it_by_ear#v#1 or#n#1 famous#a#1 rule#n#10 thumb#n#3 It#n#1 scientific#a#2 but#r#1 it#n#1 work#v#24 really#r#1

@ play it by ear
$ figuratively
can#n#5 offer#n#2 camping#n#1 in#n#3 field#n#9 at#n#1 a#n#5 weekend#n#1 any#a#1 in#n#3 area#n#1 or#n#1 work_out#v#6 a#n#1 rate#n#1 wish#v#2 have#v#13 a#n#1 week#n#1 holiday#n#2 have#v#1 not#r#1 put#v#1 a#n#1 limit#n#4 on#r#3 amount#n#3 people#n#1 can#n#5 bring#v#1 just#a#3 play_it_by_ear#v#1 share#v#2 exercise#v#1 time#n#5 People#n#1 can#n#5 go#v#1 web_site#n#1 contact#n#7 us#n#1

@ play it by ear
$ figuratively
Anyway#r#1 enough#n#1 situation#n#3 I#n#1 think#v#3 just#a#1 have#v#1 play_it_by_ear#v#1 Be#v#1 prepare#v#1 fact#n#1 may#n#1 be#v#1 a#n#4 one-off#n#1

@ play it by ear
$ figuratively
probably#r#2 end_up#v#1 change#v#1 in#n#3 Lima#n#1 though#r#1 I#n#1 suppose#v#4 I#n#1 have#v#2 play_it_by_ear#v#1 on#r#1 one#n#1 give#v#17 upcoming#a#1 time#n#5 may#n#1 also#r#1 try#n#1 return#n#11 wine#n#1 country#n#2 though#r#1 I#n#1 realize#v#4 I#n#1 being#n#2 a_bit#r#1 ambitious#a#1

@ play it by ear
$ figuratively
Though#r#1 many#a#1 classic#a#2 summer#n#1 species#n#1 already#r#1 departed#n#1 abundance#n#1 passage#n#2 more#a#2 adequate#a#1 compensation#n#1 no#a#1 fix#v#2 itinerary#n#1 before#r#2 set#v#1 off#v#1 play_it_by_ear#v#1 It#n#1 soon#r#1 apparent#a#1 not#r#1 go#v#7 be#v#3 short#a#2 decide#v#1 spend#v#1 as#n#1 much#a#1 time#n#5 as#n#1 little#a#1 time#n#5 travel#v#1 a#n#4 possible#a#1

@ play it by ear
$ figuratively
Just#a#1 remember#v#2 while#n#1 Birth#n#3 Plan#n#1 nothing#n#1 cast#n#2 in#n#3 stone#n#3 can#n#5 happen#v#1 at#n#1 birth#n#3 so#n#1 it#n#1 a#n#4 good#a#1 idea#n#1 play_it_by_ear#v#1 at#n#1 time#n#5 listen#v#1 midwife#n#1 or#n#1 doctor#n#1 who#n#1 will#n#3 always#r#1 advise#v#3 on#r#3 good#a#1 both#a#1 baby#n#1 can#n#5 complete#a#1 Birth#n#3 Plan#n#1 online#a#2 or#n#1 can#n#5 print#n#3 blank#n#3 Birth#n#3 Plan#n#1 now#r#1 fill#v#1 it#n#1 out#a#8 late#a#5

@ play it by ear
$ figuratively
meditation#n#1 do#v#9 help#n#2 fellow#n#3 human#n#1 establish#v#3 clearly#r#2 do#v#9 all#a#1 have#v#6 choice#n#2 even#a#3 in#n#1 most#a#2 difficult#a#1 circumstances#n#1 A#n#1 get#v#1 use#v#1 technique#n#1 use#v#1 intuition#n#1 play_it_by_ear#v#1 follow#v#13 commonsense#a#1 or#n#1 inspiration#n#6 meditation#n#1 can#n#5 at_times#r#1 be#v#1 very#a#2 realistic#a#1 exceptionally#r#1 profound#a#1

@ play it by ear
$ figuratively
have#v#2 full#a#1 time#n#7 hour#n#2 yet#r#2 or#n#1 still#n#3 on#r#3 part#n#1 time#n#5 I#n#1 not#r#1 sure#a#1 long#a#2 I#n#1 stay_on#v#1 part#n#2 time#n#7 hour#n#2 will#n#3 play_it_by_ear#v#1 see#v#5 I#n#1 feel#v#2 probably#r#2 increase#n#3 no#a#1 hour#n#2 over#n#1 a_few#a#1 I#n#1 think#v#7 Hope#v#3 still#n#3 take#v#17 it#n#1 easy#a#1 get#v#1 home#n#2 not#r#1 too_much#r#1 after#r#1 a#n#1 hard#a#3 day#n#3 work#n#6

@ play it by ear
$ figuratively
might#n#1 be#v#1 someone#n#1 play#v#1 while#n#1 mum#n#2 shopping_list#n#1 chilli#n#1 or#n#1 or#n#1 bounce#n#2 childcare#n#1 around#r#3 play_it_by_ear#v#1 But#r#1 need#v#2 be#v#1 fact#n#1 have#v#1 there#n#1 do#v#9

@ play it by ear
$ figuratively
Have#v#16 several#a#1 line#v#3 up#a#1 then#r#2 see#v#24 prefer#v#2 on#r#3 night#n#1 Turn#n#2 up#a#1 play_it_by_ear#v#1 do#v#2 think#v#3 will#n#3 be#n#1 in#n#2 five#n#2 year#n#3 time#n#5

@ play it by ear
$ figuratively
He#n#1 around#r#3 no#a#1 sign#n#3 Peter#n#1 unusual#a#2 He#n#1 plan#v#2 tell#v#1 about#r#4 illness#n#1 but#r#1 play_it_by_ear#v#1 even#a#3 Peter#n#1 somehow#r#1 sense#n#2 he#n#1 ill#n#1 He#n#1 be#v#1 a#n#4 very#a#2 perceptive#a#2 person#n#1 pick_up#v#14 on#r#3 a#n#1

@ play it by ear
$ figuratively
then#a#1 a#n#1 tower#n#1 by#r#1 in#n#3 Do#v#9 yet#r#6 know#v#1 about#r#7 Saturday#n#1 or#n#1 indeed#r#2 Sunday#n#1 might#n#1 have#v#2 play_it_by_ear#v#1 a_bit#r#1 a#n#1 last#n#6 hear#v#3 still#n#3 Oh#n#1 any#a#1 special#a#1 dietary#a#1 please#v#2 let#v#3 Guild#n#1 Chair#n#1 know#v#1 so#n#1 can#n#5 tell#n#1 Warwick#n#1

@ play it by ear
$ figuratively
James#n#7 help#n#2 either#r#1 big#a#1 hello#n#1 Bill#n#3 sister#n#3 brother#n#2 Jonathan#n#1 future#n#3 sister-in-law#n#1 It#n#1 undecided#a#2 long#a#1 either#r#1 will#n#3 stay_at#v#1 in#n#3 Scotland#n#1 end#n#1 season#n#2 at_least#r#1 but#r#1 after#r#1 really#r#1 playing#n#3 it#n#1 by#r#2 ear#n#1 It#n#1 on#r#3 work#n#6 it#n#1 club#n#2 us#n#1

@ play it by ear
$ figuratively
I#n#1 dread#n#1 go#v#1 health#n#1 visitor#n#1 quiz#n#1 on#r#3 sleep#n#1 I#n#1 have#v#2 a#n#1 clue#n#2 I#n#2 play_it_by_ear#v#1 daily#a#1 I#n#1 know#v#1 feeling#n#3 about#r#7 it#n#1 stop#v#1 arrange#v#1 thing#n#12

@ play it by ear
$ figuratively
Very#r#1 few#a#1 people#n#1 find#v#2 it#n#1 easy#a#1 disable#v#1 or#n#1 not#r#1 strike_up#v#2 a#n#1 conversation#n#1 someone#n#1 do#v#9 know#v#1 particularly#r#1 find#v#2 attractive#a#1 trick#n#4 play_it_by_ear#v#1 take#v#1 thing#n#12 very#r#1 slowly#r#1 get#v#2 know#v#1 other#a#1 person#n#1 better#n#2 before#r#2 even#a#3 thinking#n#1 about#r#4 make#v#3 a#n#4 move#v#1 more#a#2 know#v#1 about#r#7 it#n#1 will#n#3 become#v#1 decide#v#1 on#r#3 approach#v#3 take#v#1 thing#n#12 further#v#2 ie#n#1 be#v#1 more#a#2 likely#a#1 respond#v#1 serious#a#1 or#n#1 subtle#a#1

@ play it by ear
$ figuratively
Back#n#5 Top#n#2 Jelly#n#3 Senior#a#1 Member#n#1 Join#v#1 29#n#1 October#n#1 Location#n#1 United#a#1 Kingdom#n#2 Post#v#4 22#n#1 November#n#1 at#n#1 IP#n#1 Rooster#n#1 good#a#1 thinking#n#1 about#r#5 pleading#n#1 ignorance#n#1 I#n#1 play_it_by_ear#v#1 a_little#r#1 Ruth#n#4 Glad#n#1 be#v#1 feel#v#4 so#n#1 positive#n#2 but#r#1 about#r#7 way#n#6 go#v#7 be#v#3 really#r#1 tricky#a#1

@ play it by ear
$ figuratively
I#n#1 agree#v#3 it#n#1 might#n#1 work#n#6 there#n#1 a#n#1 clear#a#1 understanding#n#2 as#n#1 who#n#1 play#v#1 forward#a#1 who#n#1 back#n#5 Up#a#1 now#r#1 it#n#1 always#r#1 left#a#1 2#n#1 play_it_by_ear#v#1 one#n#1 up#a#1 other#a#1 stay#v#1 back#n#1 get#v#1 forward#a#1 more#a#1 often#r#2 little#a#1 effect#n#1 Frank#n#1 back#n#5

@ play it by ear
$ figuratively
I#n#1 feeling#n#1 nervous#a#3 about#r#7 return#n#11 I#n#1 another#a#1 note#n#7 on#r#3 Monday#n#1 6#n#1 but#r#1 I#n#1 playing#n#3 it#n#1 by#r#2 ear#n#1 or#n#1 be#v#1 tummy#n#2 I#n#1 might#n#1 ask#v#6 long#a#1 Go#v#1 make#v#3 appointment#n#1 tomorrow#n#1 do#v#10 spend#v#1 anymore#r#1 time#n#5 agonise#v#1 over#n#1 it#n#1 ready#a#1 be#v#1 question#v#3

@ play it by ear
$ figuratively
It#n#1 invite#v#4 enough#n#1 anyway#r#1 Bob#n#4 me#n#1 join#n#2 trip#n#1 there#r#3 early#a#1 last#a#2 month#n#2 enough#n#1 tackle#n#3 get#v#1 bottom#v#3 but#r#1 plan#n#1 play_it_by_ear#v#1 following#n#2 basic#a#1 trade_route#n#1 through#a#2 cave#n#1 see#v#24 far#a#1 get#v#1 At#n#1 least#a#1 dry#a#1 condition#n#1 no#a#1 elaborate#v#3 rigging#n#2 require#v#1 in_order#a#1 avoid#v#1 water#n#1 there#n#1 any#a#1

@ play it by ear
$ figuratively
Now#n#1 he#n#1 looking#n#1 forward#a#1 career#n#1 he#n#1 train#v#6 on#r#3 Monday#n#1 say#v#6 on#r#3 WOW#n#1 ca#n#1 wait#n#1 Monday#n#1 get_going#v#2 back#n#5 full#a#1 train#v#6 but#r#1 I#n#1 be#v#1 play#v#1 it#n#1 by#r#2 ear#n#1 I#n#1 out#n#1 a#n#1 long_time#n#1 it#n#1 not#r#1 just#a#1 knee#n#1 but#r#1 whole#n#2 body#n#1 get#v#1 use#v#1 level#n#1 intensity#n#2 again#r#1

@ play it by ear
$ figuratively
Taylor#n#3 a#n#6 somewhat#r#1 uncertain#a#1 future#a#1 following#n#2 sacking#n#2 despite#n#1 a#n#1 year#n#3 run_on#v#2 contract#n#1 Taylor#n#3 say#v#6 I#n#1 have#v#2 play_it_by_ear#v#1 see#v#5 make#v#3 it#n#1 clear#a#1 he#n#1 quite#r#4 like#v#1 me#n#1 so#n#1 in_a_way#r#1 I#n#1 disappoint#v#1 he#n#1 keep#v#1 job#n#1

@ play it by ear
$ figuratively
memorable#a#1 he#n#1 say#v#6 but#r#1 it#n#1 turn_out#v#1 In#n#3 game#n#2 sometimes#r#1 have#v#1 play_it_by_ear#v#1 It#n#1 most#a#2 important#a#2 respect#n#2 people#n#1 dealing#n#2

@ play it by ear
$ figuratively
Moment#n#3 11#n#1 There#r#3 two#n#1 reserve#n#2 in_case#r#1 early#a#1 finish#v#3 Se#n#1 Dice#n#1 Green#n#1 Door#n#1 teaching#n#3 I#n#1 resolve#v#7 play_it_by_ear#v#1 primarily#r#2 5#n#1 select#v#1 on#r#3 day#n#3 plus#n#1 a_few#a#1 up#a#1 sleeve#n#1 just_in_case#r#1

@ play it by ear
$ figuratively
I#n#1 have#v#2 a#n#4 simple#a#6 policy#n#2 I#n#1 start#n#5 tell#v#8 truth#n#4 about#r#4 I#n#1 am#n#1 in#n#2 a#n#1 gentle#v#2 way#n#6 then#r#2 I#n#1 play_it_by_ear#v#1 I#n#2 never#r#1 a#n#1 bad#a#1 experience#n#1 majority#n#1 people#n#1 be#v#1 genuinely#r#1 interested#a#2 after#r#2 first#a#1 onslaught#n#2 reason#v#3

@ play it by ear
$ figuratively
I#n#1 make#v#3 a#n#1 film#n#1 about#r#5 an#n#1 elderly#a#1 couple#v#4 next#a#2 before#r#2 I#n#1 do#v#9 one#n#1 about#r#4 a#n#1 bare#a#7 knuckle#n#1 fighter#n#1 instead#r#1 he#n#1 making#n#3 Western#a#2 Once#r#3 a#n#1 Time#n#5 in#n#3 Thereafter#r#1 he#n#1 go#v#2 play_it_by_ear#v#1 I#n#1 go#v#1 continue#v#8 work#v#14 a#n#1 long#a#2 as#n#1 I#n#1 drive#n#10 he#n#1 drive#n#10 I#n#1 can#n#5 see#n#1 in#n#3 both#a#1 first#a#1

@ pull the plug
$ figuratively
presence#n#1 on#r#3 web#n#4 good#a#1 free#a#1 Shakespeare#n#1 an#n#1 issue#n#7 it#n#1 a#n#1 widespread#a#1 feeling#n#3 Internet#n#1 not#r#1 yet#r#6 a#n#1 format#n#2 potential#n#2 put_up#v#4 serious#a#1 money#n#1 So#n#1 Thomson#n#2 Learning#n#1 who#n#1 suspended#a#1 selling#n#1 Online#a#2 last#a#2 May#n#1 plug#n#1 CERES#n#2 ca#n#2 help#n#2 being#n#2 worry#v#3 about#r#4 development#n#3 a#n#4 it#n#1 great#a#1 expansion#n#1 quality#n#1 web#n#4 might#n#1 not#r#1 happen#v#1 a#n#4 quickly#r#2 as#n#1 have#v#1

@ pull the plug
$ figuratively
Wednesday#n#1 16th#a#1 July#n#1 READY#a#1 SIGN#n#3 By#r#1 Jonathan#n#1 Evening#n#1 Post#n#4 Swansea#n#1 City#n#1 takeover#n#2 will#n#3 finally#r#2 go_ahead#v#1 next#a#2 week#n#1 after#r#1 consortium#n#1 hold#v#1 talk#v#2 chairman#n#1 last#n#7 night#n#1 Silver#n#1 Shield#n#3 chairman#n#1 travel#v#1 Swansea#n#1 resume#v#4 talks#n#1 who#n#1 plug#n#1 on#r#3 deal#n#6 over#n#1 weekend#n#1 All#a#1 significant#a#1 outstanding#a#2 stick#v#16 have#v#13 sort#v#2 out#v#2 confirm#v#2 Mr#n#1

@ pull the plug
$ figuratively
After#r#1 recording#n#2 a#n#1 couple#n#4 day#n#3 producer#n#1 a#n#1 guitar#n#1 some_other#a#1 equipment#n#1 me#n#1 use#v#1 Sub#n#2 Pop#n#4 not#r#1 very#a#2 happy#a#1 about#a#1 so#r#9 plug#n#1 on#r#3 record#n#7 back#n#5 in#n#1 a#n#1 year#n#3 late#a#1 finish#v#3 it#n#1 go#v#1 fairly#r#3 well#n#1 some#a#1 more#a#2 bad#a#1 stuff#n#1 Sub#n#2 Pop#v#9 plug#v#3 again#r#1

@ pull the plug
$ figuratively
STREETWISE#a#1 Feeling#n#1 a#n#4 loan#n#1 By#r#2 Real#n#1 Business#n#2 panic#n#2 bank#n#2 plug#n#1 situation#n#5

@ pull the plug
$ figuratively
Can#n#5 he#n#1 hold_off#v#1 Aaron#n#2 Rodgers#n#1 who#n#1 replace#v#1 Unlike#a#2 feel#v#4 need#v#2 pull#v#1 plug#v#1 on#r#3 begin#v#1 Rodgers#n#1 era#n#2 see#n#1 he#n#1 can#n#5 do#v#9 Sooner#n#1 or#n#1 late#a#5 No.#n#1 4#n#1 not#r#1 go#v#7 be#v#3 there#n#1

@ pull the plug
$ figuratively
Today#n#1 Brownie#n#2 turn#v#1 embarrass#v#2 over#n#1 story#n#2 Sweden#n#1 website#n#1 over#n#1 cartoon#n#1 Swedish#n#1 government#n#1 move#v#1 shut_down#v#1 website#n#1 a#n#1 far-right#a#1 political_party#n#1 newspaper#n#1 over#n#1 Prophet#n#2 Muhammad#n#2 site#n#1 host#n#3 plug#n#1 on#r#3 website#n#1 Swedish#n#1 newspaper#n#1 after#r#2 government#n#1 Brownie#n#2 take_on#v#1 all#r#1

@ pull the plug
$ figuratively
Any#a#1 a#n#1 fight#n#1 corner#n#3 on#r#1 principal#n#6 I#n#1 want#v#2 work#v#14 county#n#1 youth#n#3 service#n#6 One#n#1 authorities#n#1 about#r#5 pull#v#1 plug#v#1 on#r#3 entire#a#2 youth#n#3 provision#n#3 hope#n#2 voluntary#n#2 sector#n#2 will#n#3 pick#n#9 it#n#1 up#a#1 At#n#1 same#a#2 time#n#5 government#n#1 be#v#1 about#r#4 evict#v#1 wear#v#9 bore#v#2 nothing#n#1 do#v#9

@ pull the plug
$ figuratively
not#r#1 only#a#1 issue#n#7 all#a#1 know#v#1 once#r#3 in#n#3 government#n#1 in_place#r#1 be#v#1 quite#r#3 happy#a#1 pull#v#1 plug#v#1 on#r#3 Assembly#n#4 will#n#3 happen#v#1 plug#n#1

@ pull the plug
$ figuratively
get#v#10 green_light#n#2 direct#v#11 return#n#11 a#n#1 full#a#1 return#n#11 direct#v#11 market#n#1 less#a#1 three#n#1 year#n#3 after#r#1 it#n#1 plug#n#1 on#r#3 original#a#3 operation#n#6 Lloyd#n#1 Market#n#4 Association#n#1 make#v#3 a#n#4 plea#n#2 Conservative#n#1 MP#n#1 help#n#2 it#n#1 repeal#n#1 burdensome#a#1 tax#n#1 law#n#4 help#n#2 it#n#1 stave_off#v#1 threat#n#1 offshore#a#2

@ pull the plug
$ figuratively
Speed#n#1 have#n#1 Chief#n#1 must#n#3 now#r#1 use#v#1 power#n#1 pull#v#1 plug#n#1 put#v#1 money#n#1 traditional#a#1 traffic#n#1 number#n#2 fix#v#2 mobile#a#2 device#n#1

@ pull the plug
$ figuratively
garden#n#1 a#n#4 a#n#4 smart#n#1 choice#n#2 might#n#1 want#v#2 be#v#1 more#a#2 careful#a#1 pull#v#1 plug#v#1 now#r#1 Q#n#1 software#n#1 free#a#1 licence#n#3 open#v#1 source#n#1

@ pull the plug
$ figuratively
However#r#1 mid#a#1 saw#n#2 a#n#1 decline#n#1 in#n#3 industry#n#1 popular#a#1 day#n#3 seem#v#1 somewhat#r#2 long#a#2 in#n#3 tooth#n#1 concerned#a#1 portfolio#n#3 too_much#r#1 a#n#1 bias#n#1 relate#v#1 programming#n#2 as_such#r#1 decide#v#1 pull#v#1 plug#v#1 on#r#3 World#n#5 However#r#1 in_series#a#1 one#n#1 final#n#1 time#n#5

@ pull the plug
$ figuratively
Go#v#1 gentle#a#4 any#a#1 kind#a#1 night#n#1 good#a#1 or#n#1 otherwise#r#1 not#r#1 a#n#1 cool#a#1 thing#n#12 do#v#9 a#n#4 rant#v#1 life#n#9 dare#v#2 pull#v#1 plug#v#1 love#n#1 being#n#2 so#n#1 self#a#1 being#n#2 such#a#1 a#n#1 failure#n#3 Girard#n#1 a#n#1 bad#a#1 patient#n#1

@ pull the plug
$ figuratively
it#n#1 a#n#1 spy#n#1 life#n#12 however#r#1 thing#n#7 never#r#1 quite#r#3 out#a#3 be#n#1 in#n#2 a#n#1 top-secret#a#1 nuclear#a#2 silo#n#1 star#v#2 at#n#1 countdown#n#1 on#r#3 a#n#4 nuclear#a#3 bomb#n#1 about#r#4 destroy#v#1 entire#a#3 universe#n#1 a#n#4 corrupt#a#1 warlord#n#1 sever#v#2 hand#n#1 still#n#3 hanging#n#1 tooth#n#1 but#r#1 forget#v#1 hide#n#1 body#n#1 pull#v#1 plug#v#1 condemn#v#2 world#n#4 out#n#1 sheer#a#1 pique#v#1 James#n#10 Bond#n#2 rogue#n#1 he#n#1 world#n#1 just#a#1 go_back#v#3 last#a#2 save#v#2

@ pull the plug
$ figuratively
UK#n#1 Club#n#2 no_more#r#2 28#n#1 October#n#1 UK#n#1 have#v#2 announce#v#1 be#v#1 closing#n#2 club#n#2 After#r#1 3#n#1 year#n#3 operation#n#6 at#n#1 cost#n#2 several#a#1 million#a#1 have#v#13 decide#v#3 pull#v#1 plug#v#1 All#a#1 be#v#1 welcome#n#2 join#v#2 get#v#1 benefit#v#1 a#n#4 motorcycle#n#1 club#n#2 run_by#v#1

@ pull the plug
$ figuratively
In#n#3 theory#n#1 World#n#1 Trade#n#2 Organisation#n#2 WTO#n#1 a#n#4 place#v#1 develop#v#15 can#n#5 group#n#2 together#r#1 increase#n#3 bargaining#n#1 power#n#1 However#r#1 one-to-one#a#1 a#n#1 describe#v#3 in#n#1 Pull#v#1 plug#v#1 on_it#r#1 briefing#n#1 make#v#3 such#a#1 strength#n#6 in#n#3 number#n#2 difficult#a#1 not#r#1 impossible#a#1

@ pull the plug
$ figuratively
Organise#v#5 by#r#1 Noel#n#1 a#n#4 a#n#4 charity#n#1 bash#v#1 Shelter#n#1 Cymru#n#1 but#r#1 poor#a#2 promotion#n#1 planning#n#3 led#n#1 low#a#2 attendance#n#1 about#r#4 noise#n#1 Primitive#n#1 Faith#n#1 never#r#1 play#n#9 a#n#1 council#n#1 plug#n#1 early#a#1 play#n#9 Psychotic#n#1 Eye#n#1 Clan#n#1 Morrigan#n#1 Subtopia#NR

@ pull the plug
$ figuratively
Topic#n#2 author#n#1 Subject#n#3 window#n#1 Post#v#4 on#r#3 Message#n#1 On#r#3 first#a#1 install#v#1 window#n#1 on#r#3 new#a#1 comp#n#1 i#n#1 on#r#3 reboot#v#1 it#n#1 all#a#1 wrong#a#2 it#n#1 just#a#3 keep#v#1 every#a#1 5#n#1 i#n#2 stop#n#6 it#n#1 i#n#1 pull#v#1 plug#v#1 So#n#1 now#r#1 after#r#1 re#n#2 instal#v#1 i#n#1 be#v#1 a_bit#r#1 wary#a#1 down#a#1 loading#n#5 any#a#1 wrong#a#1 stop#n#6 it#n#1 happening#n#1 again#r#1

@ pull the plug
$ figuratively
response#n#2 easy#a#1 Thatcher#n#2 still#n#3 in#n#3 power#n#3 so#n#1 simply#r#1 reply#n#1 However#r#1 never#r#1 as#n#1 have#v#2 plug#v#1 so#n#1 on#r#3 get#v#1 system#n#1 say#v#6 old#a#1 he#n#1 in#n#3 receipt#n#2 a#n#1 valid#a#1 certificate#n#2 not#r#1 use#n#5 obscene#a#3 language#n#1 show#n#1

@ pull the plug
$ figuratively
Three#n#1 after#r#2 he#n#1 Van#n#1 Dyke#n#2 abruptly#r#1 left#a#1 After#r#2 eleven#n#2 year#n#3 it#n#1 time#n#5 new#a#1 Burnett#n#1 show#n#1 star#n#1 decide#v#1 pull#v#1 plug#v#1 finale#n#1 on#r#1 March#n#2 29th#a#1 feature#v#1 past#a#1 new#a#1 before#r#2 Carol#n#2 Burnett#n#1 sing#v#2 I#n#1 so#n#1 glad#n#1 time#n#5 together#r#1 earlobe#n#1 final#n#1 time#n#5

@ pull the plug
$ figuratively
No#a#1 say#v#6 Director#n#3 A#n#1 normal#a#1 person#n#1 pull#v#1 plug#n#1 Do#v#9 want#n#2 a#n#1 room#n#1 or#n#1 a#n#4 view#n#2

@ pull the plug
$ figuratively
Anyways#r#1 I#n#2 forget#v#1 other#a#1 make#v#3 sorry#a#1 but#r#1 together#r#6 can#n#5 be#v#1 more#a#2 powerful#a#1 look_at#v#2 as#n#1 an#n#1 example#n#1 Two#n#1 year#n#3 ago#a#1 Council#n#2 almost#r#1 pull#v#1 plug#v#1 but#r#1 hard#a#1 work#n#2 fund#v#6 go#v#1 through#a#2 roof#n#1 new#a#1 coach#v#1 development#n#3 can#n#5 be#v#1 a#n#4 part#n#2 will#n#3 be#v#1 more#a#2 attractive#a#1 it#n#1 ease#n#1 access#n#4

@ pull the plug
$ figuratively
become#v#3 new#a#1 editor#n#1 a#n#1 Mirror#n#1 it#n#1 can#n#5 turn#v#2 much#a#1 injection#n#3 drama#n#1 building#n#1 myth#n#1 late#a#5 set_up#v#5 as#n#1 white_knight#n#1 deep#n#2 in#n#3 trouble#n#1 after#r#1 loss#n#6 he#n#1 someone#n#1 outside#a#4 organisation#n#2 make#v#3 rather#r#2 just#a#1 pull#v#1 plug#n#1 Enter#v#5 hero#n#4 save#v#2 paper#n#1

@ pull the plug
$ figuratively
Web#n#3 site#n#1 need#v#1 conduct#v#3 scientific#a#2 dream#n#2 meaning#n#1 use#v#1 a#n#1 system#n#1 content#n#2 analysis#n#1 Kremlin#n#1 pull#v#1 on#r#3 last#a#2 independent#a#1 television#n#2 network#n#3 Interesting#a#1 rock#n#2 in#n#3 northern#a#1 Greece#n#1

@ pull the plug
$ figuratively
duet#n#1 All#a#2 Good#n#4 Thing#n#4 remove#v#1 on#r#3 singer#n#1 late#a#5 LP#n#1 Loose#a#2 on#r#3 record_company#n#1 Initially#r#1 it#n#1 not#r#1 known#a#1 why#n#1 song#n#1 remove#v#1 at_last#r#1 minute#n#1 but#r#1 now#n#1 at#n#1 thought#n#1 Martin#n#1 usually#r#1 melancholy#a#1 too#r#1 raucous#a#2 plug#n#1 say#v#6 label#n#4 want#n#2 voice#v#2 sound#v#5 so#n#1 rocky#a#4 so#r#4 say#v#6 use#v#1 song#n#1

@ pull the plug
$ figuratively
then#r#2 see#v#24 other#a#1 crew#n#1 through#a#2 course#n#1 a#n#1 chaotic#a#3 even#v#1 on#r#3 set#v#1 wife#n#1 baby#n#1 a#n#4 journalist#n#1 about#r#4 a#n#1 scandalous#a#1 story#n#2 agent#n#3 a#n#1 load#n#8 Hollywood#n#2 film#n#1 be#v#1 threaten#v#1 pull#v#1 plug#v#1

@ pull the plug
$ figuratively
12#n#1 April#n#1 MONEY#n#1 THREAT#n#3 ATM#n#2 CHARGE#n#3 By#r#1 Deputy#n#2 Business#n#1 Editor#n#1 TWO#n#1 Britain#n#1 cash_machine#n#1 be#v#1 red#n#1 card#n#1 by#r#2 Network#n#3 operator#n#2 Link#n#6 threaten#v#2 pull#v#1 plug#v#1 on#r#3 run_by#v#1 TRM#n#1 It#n#1 both#a#1 have#v#11 break#v#36 force#n#5 warn#v#1 about#r#4

@ pull the plug
$ figuratively
But#r#1 on#r#3 agriculture#n#2 always#r#1 have#v#1 tense#a#1 acrimonious#a#1 remember#v#7 breakdown#n#3 ministerial#a#1 conference#n#1 in#n#3 Brussels#n#1 over#n#1 agriculture#n#2 it#n#1 Argentina#n#1 round#n#7 pull_out#v#3 meeting#n#1 room#n#1 as#n#1 talk#v#2 spectacle#n#2 big#a#1 group#n#1 develop#v#4 together#r#1 though#r#1 have#v#6 many#a#1 different#a#1 even#a#3 in#n#3 agriculture#n#2 sphere#n#7 new#a#1 it#n#1 have#v#6 alarm#v#2 a_lot#r#1 people#n#2

@ pull the plug
$ figuratively
Wednesday#n#1 July#n#1 23#n#1 Evening#n#1 Post#n#4 today#n#1 he#n#1 no#n#2 choice#n#3 but#r#1 cancel#n#1 a#n#1 friendly#a#1 Bath#n#3 City#n#1 at_last#r#1 minute#n#1 crisis#n#1 at#n#1 Vetch#n#1 Field#n#17 Bath#n#3 bos#n#1 man#n#1 after#r#1 plug#n#1 on#r#3 last#a#2 night#n#1 Park#n#2 clash#n#3 less#a#1 six#n#2 hour#n#1 before#r#1 But#r#1 Swansea#n#1 City#n#1 director#n#5 football#n#1 today#n#1 decision#n#1 not#r#1 travel#v#1 east#n#3 a#n#4 recognise#v#6 keeper#n#2

@ pull the plug
$ figuratively
star#n#1 waning#a#1 now#r#1 so#n#1 a#n#1 paper#n#7 job#n#4 result#n#1 point#n#2 record_company#n#1 get#v#34 very#a#2 very#a#2 quarter#n#2 way#n#6 through#a#2 album#n#2 load#n#8 great#a#1 already#r#1 in#n#1 can#n#5 pull#v#1 plug#v#1 insist#v#3 on#r#3 a#n#1 quick#n#1 job#n#2 poor#a#2 old#a#1 Scott#n#3 force#v#3 knock_out#v#2 a_few#a#1 in#n#1 double-quick#a#1 time#n#3

@ pull the plug
$ figuratively
plug#n#1 on#r#3 Arsenal#n#2 domestic#a#1 season#n#2 Sunday#n#1 January#n#1 29#n#1 Observer#n#1 Sam#n#1 in#n#1 monotony#n#1 percentage#n#2 football#n#1 an#n#1 approach#n#2 opposite#n#1 football#n#1 philosophy#n#1 but#r#1 it#n#1 Frenchman#n#1 repeatedly#r#1 ground#n#1 an#n#1 unhappy#a#1 man#n#4 Arsenal#n#2 recent#a#2 away#a#3 home#n#2 now#r#1 unbeaten#NR in#n#1 15#n#1 here#n#2 last#n#7 place#v#1 have#v#2 want#v#2 go#v#10 so#n#1 it#n#1 prove#v#2

@ pull the plug
$ figuratively
It#n#1 James#n#10 ten#n#1 year#n#3 realise#v#1 he#n#1 save#v#2 by#r#2 production#n#2 magnificent#a#1 Malaysia#n#1 He#n#1 finally#r#2 plug#n#1 on#r#3 plant#n#2 in#n#3 Trade#n#2 even#a#3 Blair#n#1 express#v#2 but#r#1 he#n#1 outsource#v#1 be#v#1 bankrupt#n#1 sooner#n#1 or#n#1 late#a#5

@ pull the plug
$ figuratively
it#n#1 disappoint#v#1 who#n#1 protest#n#2 PRC#n#1 will#n#3 be#v#1 marching#n#1 some#a#1 most#a#2 fundamental#a#3 medical#n#1 have#v#1 keep#v#7 over#n#1 year#n#3 Andrew#n#1 Tyler#n#1 Director#n#5 Animal#n#1 Aid#n#4 pull#v#1 plug#v#1 on#r#3 project#n#1 due#n#2 lack#n#1 finances#n#1 give#v#3 Cambridge#n#2 a#n#1 face-saving#a#1 way_out#n#1 controversy#n#1 A#n#1 University#n#1 spokesperson#n#1 University#n#1 not#r#1 bow#v#3 pressure#n#1

@ pull the plug
$ figuratively
In#n#3 share#n#1 very#a#2 large#a#1 collection#n#1 glass#n#1 Thank#v#1 Councillor#n#1 Smith#n#1 work_in#v#1 get#v#1 site#n#1 back_up#v#1 running#n#1 at#n#1 AEC#n#1 after#r#2 South#n#1 Ayrshire#n#1 Council#n#1 plug#n#1 on#r#3 site#n#1 no#a#1 known#a#1 reason#n#6 History#n#2 site#n#1 on#r#3 line#n#3 properly#r#1 in#n#3 early#a#1 a#n#1 skeleton#n#3 current#a#1 archive#n#1

@ pull the plug
$ figuratively
graphics#n#1 cards#n#1 be#v#1 very#a#2 popular#a#1 therefore#r#1 suffer#v#4 very#a#2 few#a#1 indeed#r#2 situation#n#1 3#n#1 But#r#1 be#v#1 true#a#1 about#r#5 pull#v#1 plug#v#1 on#r#3 production#n#1 then#r#2 I#n#1 might#n#1 find#v#2 as#n#1 part#n#2 a#n#1 quirky#a#1 minority#n#2 top#n#9 cards#n#1 be#v#1 already#r#1 good#a#1 seller#n#1

@ pull the plug
$ figuratively
same#a#2 Latvia#n#1 it#n#1 not#r#1 ne#n#3 in#n#3 Malta#n#1 Maltese#a#1 yes#n#1 iva#n#1 no#n#2 le#n#1 There#n#1 be#v#1 still#n#3 a#n#1 handful#n#2 go#v#1 Euro#n#1 decide#v#1 pull#v#1 plug#v#1 on#r#3 constitution#n#2 before#r#2 it#n#1 batter#v#2 further#v#2 no#a#1 Next#a#2 up#a#1 Luxembourg#n#2 a#n#1 referendum#n#1 on#r#1 10#n#1 July#n#1

@ pull the plug
$ figuratively
A#n#1 delegation#n#2 up#a#1 fence#n#1 speak#v#1 Clew#n#2 English#n#1 Heritage#n#3 management#n#1 in#n#3 London#n#1 press#n#3 coverage#n#3 decide#v#1 pull#v#1 plug#v#1 on#r#3 access#n#4 staff#n#1 at#n#1 Stonehenge#n#1 no#a#1 leeway#n#1 a#n#1 pity#n#1 it#n#1 peaceful#a#1 at#n#1

@ pull the plug
$ figuratively
But#r#1 despite#n#1 unable#a#1 get#v#2 book#v#3 or#n#1 Previous#a#2 two#n#1 foot#n#1 mouth#n#2 already#r#1 plug#n#1 on#r#3 Club#n#2 rally#n#1 year#n#4 due#a#1 be#v#1 hold#v#18 in#n#1 All#a#1 I#n#1 can#n#5 say#v#6

@ pull the plug
$ figuratively
European#n#1 Commission#n#1 send#v#1 a#n#1 formal#a#1 notice#v#1 UK#n#1 Government#n#1 due#n#2 failure#n#2 carry_out#v#1 an#n#1 environmental#a#1 impact#v#2 assessment#n#4 before#r#2 planning#n#2 permission#n#2 site#n#1 Council#n#2 plug#n#1 on#r#3 scheme#n#3 due#n#2 failure#n#2 complete#a#1 lease#v#3 in_time#n#1

@ pull the plug
$ figuratively
problem#n#1 though#r#1 persuade#v#2 reject#v#1 homophobia#n#1 Jamaican#n#1 ghetto#n#2 he#n#1 using#n#1 wrong#a#2 tactics#n#1 entirely#r#1 in#n#1 a#n#1 call#v#5 boycott#n#1 pull#v#1 plug#v#1 on#r#3 screening#n#4 it#n#1 effectively#r#1 a#n#1 demand#n#1 put#v#1 Britain#n#1 black#a#2 ceremony#n#1 out#n#1 business#n#1 not#r#1 first#a#1 time#n#5 he#n#1 way#n#6

@ pull the plug
$ figuratively
But#r#1 after#r#1 enormous#a#1 unprecedented#a#1 success#n#3 narrowly#r#1 miss#v#2 out#a#8 on#r#3 a#n#1 award#n#2 at#n#1 Chrysalis#n#1 plug#n#1 on#r#3 song#n#1 writing#n#2 genius#n#2 before#r#2 I#n#1 it#n#1 I#n#1 standing#n#1 in#n#1 dole#n#1 queue#n#2 behind#n#1 someone#n#1 who#n#1 smell#v#1 urine#n#1 soggy#a#2 ready#a#1 salted#a#1 I#n#1 some#a#1 time#n#5 a#n#4 a#n#4 guitar#n#1 teacher#n#1 but#r#1 soon#r#1 realise#v#1 I#n#1 only#a#1 really#r#2 three#a#1 previously#r#1

@ pull the plug
$ figuratively
second#n#1 stage#n#1 a#n#4 very#a#2 mild#a#1 on#a#1 second#n#1 dive#n#3 so#n#1 I#n#1 plug#n#1 on#r#3 dive#n#2 There#n#1 change#v#1 room#n#1 be#v#1 a_bit#r#1 but#r#1 functional#a#3

@ pull the plug
$ figuratively
early#a#1 get#v#1 action#n#4 forward#a#1 include#v#3 teaching#n#3 be#v#1 on#r#3 holiday#n#2 week#n#1 March#n#2 23#n#1 unsuccessful#a#1 Even#a#3 though#r#1 Unison#n#3 ballot#n#2 now#r#1 underway#a#1 discontinuous#a#2 strike#v#1 action#n#7 probably#r#2 start#v#1 on#r#3 March#n#2 23#n#1 it#n#1 quite#r#3 possible#a#1 pull#v#1 plug#v#1 talk#v#2 or#n#1 a#n#4 minor#n#1 concession#n#3 possible#a#1 several#a#1 but#r#1 Unison#n#3 most#a#2 immediately#r#2 affect#v#5

@ pull the plug
$ figuratively
Air#n#3 quality#n#1 take#v#17 pick#v#6 There#n#1 be#v#3 now#r#1 three#n#1 different#a#1 air_pollution#n#1 available#a#1 public#a#1 by#r#2 different#a#1 use#v#1 different#a#1 sometimes#r#1 give#v#3 different#a#1 Air#n#1 research#n#1 downer#n#1 Department#n#1 Health#n#1 pull#v#1 plug#v#1 on_air#r#1 quality#n#1 research#n#1 Government#n#1 It#n#1 will#n#3 no_longer#r#1 fund#n#3 research#n#1 health#n#1 effect#n#1 environmental#a#1 outdoor#a#1 indoor#a#1 air_pollution#n#1

@ pull the plug
$ figuratively
a#n#4 it#n#1 out#a#2 wrong#a#1 so#r#9 but#r#1 fry#v#2 Even#a#3 blatant#a#2 be#v#3 go#v#7 on#r#3 few#a#1 people#n#1 pull#v#1 plug#v#1 fear#n#1 just#a#3 such#a#1 Data#n#1 theft#n#1 theoretical#a#2 be#v#1 very#r#1 real#r#1

@ pull the plug
$ figuratively
response#n#2 team#n#1 need#v#2 be#v#1 include#v#1 such#a#1 people#n#2 a#n#1 upper#n#2 management#n#2 Need#n#3 identify#v#2 somebody#n#1 authority#n#5 handle#n#1 example#n#1 company#n#2 an#n#1 online#a#2 trading#n#1 service#n#2 need#n#3 identify#v#2 somebody#n#1 enough#n#1 power#n#1 pull#v#1 plug#v#1 Go#v#1 off-line#a#1 on#r#3 such#a#1 a#n#1 service#n#2 will#n#3 have#v#13 a#n#1 major#n#4 impact#n#4 but#r#1 still#n#3 be#v#1 good#a#1 trading#n#1 away#a#3 people#n#1 stock#n#1

@ pull the plug
$ figuratively
He#n#1 at#n#1 next#a#2 gig#n#2 tie#v#1 arm#n#6 gaffer#n#3 tape#n#5 new#a#1 instrument#n#4 a#n#4 sheet_metal#n#1 be#v#1 play#v#1 a#n#1 sledgehammer#n#1 bar#n#3 owner#n#1 plug#n#1 Another#a#1 show#n#1 advertise#v#2 as#n#1 Extermination#n#2 Night#n#1

@ pull the plug
$ figuratively
More#a#2 Sport#n#1 Relief#n#9 More#n#1 In#n#3 Stop#v#5 pull#v#1 plug#v#1 on#r#3 More#a#2 In#n#1 Repent#v#2 in#n#1 leisure#n#2

@ pull the plug
$ figuratively
In#n#3 British#n#1 band#n#7 who#n#1 set#v#1 decade#n#1 alight#v#1 a#n#1 stunningly#r#1 unique#a#3 blend#n#3 musical#a#3 planning#n#3 cash_in#v#1 chip#n#7 Pull#v#1 plug#v#1 who#n#1 midway#n#2 through#a#1 former#a#1 band#n#7 mate#n#6 one#n#1 last#n#7 blast#n#3 at#n#1 a#n#4 festival#n#2 in#n#3 Portugal#n#1

@ pull the plug
$ figuratively
I#n#1 have#v#2 no#a#1 TV#n#1 or#n#1 any#a#1 knowledge#n#1 TV#n#1 so#n#1 I#n#1 be#v#1 confuse#v#2 about#r#4 possibility#n#2 show#v#2 violence#n#1 on#r#3 lunchtime#n#1 news#n#2 English#n#1 Heritage#n#3 in#n#3 London#n#1 most#a#2 unwisely#r#1 pull#v#1 plug#v#1 on#r#3 special#a#1 access#n#4 in#n#3 evening#n#1 following#n#2 morning#n#1 In#n#3 House#n#11 Commons#n#1 Home#n#2 Secretary#n#2 terrible#a#1 dreadful#a#1 disorder#n#1 at#n#1 Stonehenge#n#1

@ pull the plug
$ figuratively
It#n#1 remains#n#2 most#a#2 dysfunctional#a#1 chaotic#a#3 all#a#1 Government#n#1 find#v#4 in#n#3 summer#n#1 recess#n#3 every#a#1 1#n#1 it#n#1 it#n#1 cost#n#1 taxpayer#n#1 1#a#1 billion#a#1 unclaimed#a#1 maintenance#n#1 write#v#7 off#v#1 Surely#r#1 it#n#1 now#n#1 time#n#5 have#v#6 a#n#1 reform#n#1 not#r#1 pull#v#1 plug#v#1 on_it#r#1 Mr.#n#1 All#a#1 Parliament#n#2 recognise#v#7 there#n#1 be#v#1 time#n#5 time#n#5

@ pull the plug
$ figuratively
annual#n#2 Crafty#a#1 Craft#n#1 race#n#2 Victoria#n#3 Park#n#2 saw#n#3 more#a#2 raised#a#3 by#r#2 Round#a#1 Table#n#2 local#n#2 in#n#3 mail#n#1 delivery#n#5 anticipate#v#4 a#n#1 Royal#a#1 Mail#n#1 plug#n#1 on#r#3 sort#v#2 in#n#3 West#n#3 Berkshire#n#1 Rural#a#1 Post#n#4 also#r#1 set#v#1 suffer#v#3 a#n#1 Government#n#1 plan#v#2 axe#n#1 card#n#1 provide#v#1 up#a#1 70#n#1 custom#n#1

@ pull the plug
$ figuratively
Relate#v#1 coverage#n#3 at#n#1 university#n#1 News#n#2 27#n#1 February#n#1 plug#n#1 on#r#3 UK#n#1 Guardian#n#1 4#n#1 March#n#5 a#n#1 in#n#1 stormy#a#1 Time#n#5 High#a#4 Education#n#1 Supplement#n#3 5#n#1 March#n#1

@ pull the plug
$ figuratively
A#n#1 successful#a#1 Europe#n#1 means#n#1 success#n#2 Britain#n#1 Pull#v#1 out#n#1 Europe#n#1 pull#v#1 plug#v#1 on#r#3 all_over#a#1 Britain#n#1 Europe#n#1 good#a#1 British#n#1

@ pull the plug
$ figuratively
name#v#1 turn_off#v#1 modem#n#1 get#v#1 awful#a#3 empty#v#1 feeling#n#1 like#a#1 just#a#3 plug#n#1 on#r#3 a#n#1 loved_one#n#1 spend#v#1 half#n#2 plane#n#1 trip#n#1 laptop#n#1 on#r#3 child#n#2 in#n#3 overhead#n#5 compartment#n#2

@ pull the plug
$ figuratively
Perhaps#r#1 someone#n#1 Scottish#a#1 be#v#1 see#v#5 every#a#1 excuse#n#3 Brown#n#4 need#n#3 pull#v#1 plug#v#1 reform#n#1 liberalisation#n#1 be#v#1 it#n#1 sheer#a#4 ineptitude#n#2 Blair#n#1 spin#n#1 machine#n#6 destruction#n#1 all#a#1 it#n#1 seek#v#2 accomplish#v#1

@ pull the plug
$ figuratively
celebrate#v#1 Millennium#n#2 on#r#3 Greenwich#n#1 Meridian#n#3 Line#n#11 in_a_way#r#1 in#n#1 nobody#n#1 say#v#6 Dome#n#4 notice#v#1 Put#v#1 Government#n#1 have#v#6 plug_in#v#1 agree#v#3 true#a#1 but#r#1 decide#v#1 not#r#1 a#n#1 it#n#1 have#v#6 severe#a#5 Government#n#1 stick#n#1 it#n#1 say#v#6

@ pull the plug
$ figuratively
be#v#1 fortunate#a#1 be#v#1 only#a#1 second#n#1 county#n#1 in#n#3 whole#n#2 Great#a#1 Britain#n#1 who#n#1 supply#v#1 own#a#1 fund#v#5 Aberdeen#n#4 Council#n#1 plug#n#1 on#r#3 small#a#1 amount#n#3 fund#v#6 receive#v#2 a_few#a#1 year#n#1 ago#a#1 be#v#1 extremely#r#1 reluctant#a#1 give#v#3 it#n#1 back#n#5 believe#v#1 a#n#1 friendly#a#1 face#n#1 in#n#3 at#n#1 beginning#n#5 invaluable#a#1 new#a#1 or#n#1 reassure#v#2 about#r#4

@ pull the plug
$ figuratively
Firstly#r#1 Google#n#1 announce#v#1 video#n#4 search#n#1 product#n#2 Then#r#2 report#v#5 Channel#n#4 4#n#1 plug#n#1 on#r#3 interactive#a#1 TV#n#1 programming#n#2 it#n#1 continue#v#9 interactive#a#2 advertising#n#1 Channel#v#3 move#v#2 chief_executive#n#1 Duncan#n#1 he#n#1 red#n#2 button#n#2 technology#n#2 clunky#a#1 channel#n#6 interactive#a#1 lie#v#1 elsewhere#r#1 namely#NR in#n#1 broadband#a#1 mobile#a#2

@ pull the plug
$ figuratively
29th#a#1 Oct#n#1 a#n#4 Dead#a#1 other#a#1 evening#n#1 mate#n#4 me#n#1 low-budget#a#1 werewolf#n#1 Brit#n#1 flick#n#3 Dog#n#1 a#n#4 film#n#1 I#n#1 keen#a#1 see#v#1 on#r#1 Sky#v#1 before#r#2 plug#n#1 on#r#3 all#a#1 nonsense#n#1 So#r#9 anyway#r#1 I#n#2 finally#r#2 chance#n#4

@ pull the plug
$ figuratively
Peace#n#1 mind#n#1 be#v#1 stress#v#1 release#n#2 stress#n#5 pull#v#1 plug#v#1 on#r#3 power#n#3 In#n#3 addition#n#1 dramatically#r#2 increase#n#4 number#n#2 receptor#n#2 on#r#3 HIV#n#2 virus#n#1 gain#v#4 entry#n#5

@ pull the plug
$ figuratively
bos#n#1 Jones#n#5 say#v#6 There#n#1 nothing#n#1 more#a#2 can#n#5 do#v#9 want#n#2 sign#n#3 come#v#1 but#r#1 there#n#1 will#n#3 come#v#1 a#n#1 time#n#5 have#v#6 pull#v#1 plug#v#1 talk#v#2 chairman#n#1 David#n#3 Murray#n#3 every#a#1 day#n#3 try#v#1 get#v#1 deal#v#7 sort#v#2 say#v#1 no#a#1 one#n#1 report#v#5 deadline#n#1 give#v#3 on#r#3 transfer#v#2

@ pull the plug
$ figuratively
I#n#1 urge#n#1 make#v#5 a#n#1 complaint#n#5 broadcast#n#2 very#a#1 dangerous#a#1 Protest#n#2 British#n#1 National#n#1 Party#n#1 party#n#1 political#a#1 broadcast#v#3 call_on#v#1 pull#v#1 plug#v#1 on#r#3 race#n#2 hatred#n#1 be#v#1 set#v#1 transmit#v#4 first#a#1 party#n#1 political#a#1 broadcast#n#2 by#r#1 in_general#r#1 election#n#2 campaign#n#2 on#r#1 Thursday#n#1 21st#a#1 April#n#1 not#r#1 oblige#v#1 under#r#4 law#n#4 transmit#v#3 broadcast#v#1

@ pull the plug
$ figuratively
Most#a#2 critical#a#6 be#v#1 Scott#n#3 Johnston#n#1 deconstruction#n#1 Derrida#n#1 insistence#n#2 there#n#1 no#a#1 center#n#4 philosophy#n#1 theology#n#1 etc.#r#1 Johnston#n#1 plug#n#1 on#r#3 truth#n#4 37#a#1 one#a#1 lead#n#2 Mark#n#1 Taylor#n#3 answer#v#6 be#v#1 yes#n#1 there#n#1 be#v#1 no#n#2 no#n#2

@ pull the plug
$ literally
Normally#NR after#r#2 power#n#1 cut#v#1 must#n#3 explicitly#r#1 press#n#3 a#n#1 button#n#2 power#n#1 actually#r#2 be#v#1 turn_on#v#1 can#n#5 test#n#5 computer#n#1 by#r#1 it#n#1 down#a#1 shut#v#1 off#v#1 power#n#1 pull#v#1 plug#v#1 then#r#2 cord#n#1 back#n#5 in#n#3 computer#n#1 immediately#r#2 up#a#1 good#a#1

@ pull the plug
$ literally
Switch#n#1 off#v#1 a#n#1 router#n#3 work#v#12 again#r#1 within#r#1 a_few#a#1 Pull#v#1 plug#v#1 on#r#3 a#n#1 lease#v#3 line#n#5 again#r#1 little#a#1 on#r#3 other#a#1 router#n#3 just#a#1 start#n#5 flash#n#1 more#a#2 quickly#r#2 It#n#1 almost#r#1 like#a#1 magic#a#1 but#r#1 not#r#1 a#n#1 magical#a#1 as#n#1 reassure#v#2 feel#v#11 get#v#1 knowing#n#1 get_out#v#1 bed#n#1 at#n#1 monitoring#n#1 service#n#15 lost#a#3 sight#n#7

@ pull the plug
$ literally
At#n#1 One#n#1 Look#n#4 portal#n#2 however#r#1 can#n#5 type#n#6 in#n#1 a#n#1 word#n#1 be#v#1 take#v#17 immediately#r#2 a#n#4 list#n#1 only#a#1 most#a#2 relevant#a#1 reference#n#8 work#n#2 do#v#9 have#v#2 One#n#1 Look#n#2 CLEANING#n#1 WINDOWS#n#1 it#n#1 a#n#4 virus#n#1 strike#v#1 or#n#1 simply#r#4 pull#v#1 plug#v#1 on#r#3 a#n#1 frozen#a#1 computer#n#1 once#r#3 too#r#2 often#r#1 it#n#1 all#a#1 end_up#v#1 damaged#a#1 Window#n#1 sooner#n#1 or#n#1 late#a#5 So#n#1 exactly#r#1 do#v#9 restore#v#1 a#n#1 lost#a#3 or#n#1 corrupt#v#2 Window#n#1 file#n#4

@ pull the plug
$ literally
can#n#5 let#v#3 water#n#1 cool#a#1 before#r#2 it#n#1 away#a#3 heating_system#n#1 work#n#6 less#a#1 hard#a#1 so#n#1 save#v#2 on#r#3 fuel#n#1 A#n#1 bath#n#4 full#a#1 hot_water#n#1 cool#a#1 before#r#2 pull#v#1 plug#v#1 about#r#4 10#n#1 on#r#3 heating#n#2 A#n#1 medium#n#1 size#v#3 saucepan#n#1 boiling#n#1 water#n#1 a#n#1 penny#n#1 cool#a#1 so#n#1 drain#v#3 catch#v#3 hot_water#n#1 in#n#1 a#n#1 bowl#n#5 or#n#1 another#a#1 pan#n#3

@ pull the plug
$ literally
own#a#1 gun#n#1 at#n#1 it#n#1 hand#n#1 hand#n#1 a#n#1 laugh#v#1 at#n#1

@ take out the trash
$ figuratively
ever#r#2 flea#n#1 tick#n#2 soap#n#1 think#v#3 take#v#10 out#n#1 trash#n#4 means#n#1 take#v#10 a#n#1 movie#n#1 have#v#6 every#a#1 episode#n#4 Hee-Haw#n#1 on#r#3 tape#n#5

@ take out the trash
$ literally
all#r#1 lazy#a#2 student#n#1 type#n#1 people#n#1 cleaning#n#1 daytime#n#1 actually#r#2 a#n#1 beneficial#a#1 process#n#5 I#n#1 take#v#17 out#n#1 trash#n#4 I#n#1 notice#v#1 a#n#1 selection#n#1 furniture#n#1 by#r#2 printer#n#3 rice#n#1 cooker#n#1 car#n#2 suspension#n#5 I#n#1 think#v#3 or#n#1 Tesla#n#1 a#n#1 perfectly#r#2 good#a#1 black#a#2 desk#n#1 chair#n#1

@ take out the trash
$ literally
It#n#1 a#n#4 Tolstoy#n#1 Happy#a#1 be#v#1 all#a#1 alike#a#1 every#a#2 unhappy#a#1 family#n#6 unhappy#a#1 in#n#1 own#a#1 Point#n#15 Two#n#1 can#n#5 get_stuck#v#1 can#n#4 get_stuck#v#1 on#a#1 virtually#r#2 any#a#1 issue#n#7 big#a#1 or#n#1 small#a#1 One#n#1 family#n#6 I#n#1 know#v#1 stick#v#16 on#r#3 issue#n#7 spending#n#1 a_good_deal#r#1 family#n#6 time#n#5 suppose#v#4 do#v#9 next#a#2 take_out#v#11 trash#n#4 feed#n#1 dog#n#1 get#v#1 ready#v#2 school#n#4

@ take out the trash
$ literally
age#n#3 8#n#1 Be#v#1 a#n#4 good#a#1 kisser#n#2 It#n#1 might#n#1 make#v#3 wife#n#1 forget#v#1 never#r#1 take_out#v#11 trash#n#4 age#n#1 8#n#1 Do#v#9 say#v#6 love#n#1 somebody#n#1 then#a#1 change#n#1 mind#n#1

@ take out the trash
$ literally
However#r#4 insurance_agent#n#1 investigating#n#1 case#n#3 let#v#3 cash#n#1 it#n#1 in#n#1 brother#n#2 miss#v#2 a#n#1 much#a#1 long#a#1 period#n#1 or#n#1 body#n#1 find#v#4 Paul#n#2 across#r#1 a#n#1 corpse#n#1 while#n#1 take#v#10 out#n#1 trash#n#4 he#n#1 he#n#1 find#v#4 solution#n#1 But#r#1 brother#n#2 unexpectedly#r#1 responsible#a#1 murder#n#1 arrive#v#1 on#r#3 scene#n#4 Paul#n#2 be#v#1 only#r#1 just#r#1 beginning#n#5

@ take out the trash
$ literally
Plus#n#1 playlist#n#1 I#n#1 browse#v#1 net#n#3 anyway#r#1 blink#n#1 sonic#a#1 tune#n#1 5#n#1 February#n#1 22#n#1 Take#v#10 out#n#1 trash#n#4 under#a#1 Cardiff#n#1 wonderful#a#1 electric#a#2 be#v#1 Only#a#1 I#n#1 thwart#n#1 a#n#4 car#n#1 through#a#2 sheer#a#1 ineptitude#n#2 just#a#3 turn#v#2 up#a#1 It#n#1 Tuesday#n#1 night#n#1 weekly#n#1 ritual#n#1 take#v#10 out#n#1 trash#n#4

@ take out the trash
$ literally
February#n#1 22#n#1 Take#v#10 out#n#1 trash#n#4 under#a#1 Cardiff#n#1 wonderful#a#1 electric#a#2 be#v#1 Only#a#1 I#n#1 thwart#n#1 a#n#4 car#n#1 through#a#2 sheer#a#1 ineptitude#n#2 just#a#3 turn#v#2 up#a#1 It#n#1 Tuesday#n#1 night#n#1 weekly#n#1 ritual#n#1 take#v#10 out#n#1 trash#n#4

@ take out the trash
$ literally
Window#n#1 patch#n#9 management#n#1 a_little#r#1 like#a#1 take#v#10 out#n#1 trash#n#4 or#n#1 cleaning#n#1 It#n#1 not#r#1 fun#n#2 but#r#1 it#n#1 be#v#1 do#v#9 Most#a#2 network#n#3 I#n#1 know#v#1 seem#v#1 approach#n#2 it#n#1 in#n#1 one#n#1 three#n#1 way#n#2 Avoidance#n#1 put#v#1 it#n#1 off#v#1 a#n#1 long#a#2 as#n#1 possible#a#1 then#r#2 rush#v#6 through#a#1 it#n#1 a#n#4 quickly#r#2 as#n#1 can#n#5

@ take out the trash
$ literally
focus_on#v#1 in#n#1 spouse#n#1 will#n#3 find#v#2 not#r#1 only#a#1 more#a#2 positive#a#1 thing#n#12 but#r#1 also#r#1 new#a#1 list#n#1 Thank#v#1 cut#v#1 grass#n#1 or#n#1 take#v#17 out#n#1 trash#n#4 Thank#v#1 a#n#1 delicious#a#2 meal#n#1 tell#v#2 a#n#1 great#n#1 cook#n#2

@ take out the trash
$ literally
No#a#1 husband#v#1 ever#r#2 shot#n#3 while#n#1 A#n#1 husband#n#1 someone#n#1 who#n#1 out#n#1 trash#n#4 impression#n#4 he#n#1 just#a#1 whole#n#2 house#n#1 Help#n#2 keep#v#1 kitchen#n#1 clean#n#1 eat_out#v#1

@ take out the trash
$ literally
phone#n#1 home#n#2 not#r#1 only#a#1 look#v#2 good#a#1 keep_going#v#2 while#n#1 talk#v#2 can#n#5 hold#n#8 baby#n#1 take_out#v#8 trash#n#4 or#n#1 rearrange#v#1 furniture#n#1 while#n#1 in#n#1 touch#n#5 Being#n#2 mean#v#1 have#v#13 no_more#r#2 put#v#1 off#v#1 to-do#n#1 list#n#1

@ take out the trash
$ literally
I#n#1 say#v#6 Yeah#r#1 but#r#1 do#v#9 love#n#1 me#n#1 awesome#a#1 So#r#9 I#n#1 say#v#6 I#n#1 take_out#v#10 trash#n#4 be#v#1 awesome#a#1 18#n#1 December#n#1 sake#n#1 foul#n#1 language#n#1 pain#n#1 remains#n#1

@ take out the trash
$ literally
Oh#n#1 falls#n#2 over#n#1 as_well#r#1 but#r#1 a#n#1 lush#n#1 Shelley#n#2 Skinner#n#3 Shelley#n#2 phone#n#1 out#n#1 trash#n#4 In#n#1 spare_time#n#1 work#n#3 tirelessly#r#1 a#n#4 number#n#2 like#a#1 talk_about#v#1 it#n#1 too_much#NR

@ take out the trash
$ literally
Family#n#6 be#v#1 often#r#2 mediate#v#1 by#r#1 law_enforcement#n#1 have#v#11 check#v#25 kid#n#1 see#n#1 he#n#1 can#n#5 take_out#v#8 trash#n#4 Maxwell#n#1 House#n#1 industrial#a#2 rate#n#1

@ take out the trash
$ literally
I#n#1 have#v#13 make#v#4 a#n#1 helper#n#1 suitable#a#1 Now#r#1 I#n#1 know#v#1 most#a#2 people#n#1 think#v#3 somebody#n#1 do#v#9 somebody#n#1 take_out#v#10 trash#n#4 somebody#n#1 make#v#3 bed#n#1 not#r#1 kind#n#1 helper#n#1

@ take out the trash
$ literally
playing#n#3 baby#n#1 brother#n#2 while#n#1 shopping#n#1 take#v#10 out#n#1 trash#n#4 get#v#1 a#n#1 good#a#1 report_card#n#1 yard#n#1 Well#n#5 I#n#1 at#n#1 standing#n#1 there#n#1 expectantly#r#1 a#n#1 thousand#n#1 through#a#1 mind#n#1 So#n#1 I#n#1 up#a#1 paper#n#1 turn#v#2 it#n#1 over#n#1 I#n#2 nine#n#1 I#n#2 growing#n#1 inside#n#1 me#n#1 No#n#2 Charge#n#2

@ take out the trash
$ literally
face#n#4 shrapnel#n#1 I#n#1 take_out#v#10 trash#n#4 saw#n#2 brother#n#2 cousin#n#1 playing#n#3 like#a#1 a#n#4 bomb#n#1 black#a#7 red#a#3 string#n#2 attach#v#1 I#n#1 try#v#1 throw#n#1 it#n#1 away#a#3 but#r#1 it#n#1 explode#v#1

@ take out the trash
$ literally
father#v#1 make#v#3 it#n#1 life#n#12 mission#n#2 track_down#v#1 killer#n#1 He#n#1 old#a#1 brother#n#2 be#v#1 supernatural#a#1 train#v#6 take_out#v#10 like#a#1 normal#a#1 people#n#1 take_out#v#10 trash#n#4 One#n#1 day#n#1 decide#v#1 enough#n#1 apply#v#1 law#n#4 at#n#1 point#n#15 dad#n#1 miss#v#2 brother#n#2 help#n#2 track#v#4 down#a#1 a#n#1 though#NR enough#n#1 girlfriend#n#2 up#a#1 roast#v#2 just#a#3 like#a#1 Ma#n#4

@ take out the trash
$ literally
now#r#1 have#v#1 science#n#1 back_up#v#4 an#n#1 old#a#1 rule#n#10 Look#n#4 up#a#1 now#r#1 then#r#2 in#n#3 natural#a#1 get_up#v#3 look_around#v#1 Maybe#r#1 take_out#v#8 trash#n#4 or#n#1 Happy#a#1 thanksgiving#n#1 all#a#1

